******************************************************************************
            TI ARM Clang Linker Unix v2.1.3                    
******************************************************************************
>> Linked Thu Oct 19 03:59:10 2023

OUTPUT FILE NAME:   <gpiointerrupt_CC3220SF_LAUNCHXL_nortos_ticlang.out>
ENTRY POINT SYMBOL: "resetISR"  address: 01002db5


MEMORY CONFIGURATION

         name            origin    length      used     unused   attr    fill
----------------------  --------  ---------  --------  --------  ----  --------
  FLASH_HDR             01000000   000007ff  00000000  000007ff  R  X
  FLASH                 01000800   000ff800  00002d18  000fcae8  R  X
  SRAM                  20000000   00040000  00009bd9  00036427  RW X
  LOG_DATA              90000000   00040000  00000000  00040000  R   
  LOG_PTR               94000008   00040000  00000000  00040000  R   


SEGMENT ALLOCATION MAP

run origin  load origin   length   init length attrs members
----------  ----------- ---------- ----------- ----- -------
01000800    01000800    00002d18   00002d18    r-x
  01000800    01000800    00000040   00000040    r-- .resetVecs
  01000840    01000840    0000289c   0000289c    r-x .text
  010030dc    010030dc    0000034c   0000034c    r-- .rodata
  01003428    01003428    000000f0   000000f0    r-- .cinit
20000310    20000310    000088d4   00000000    rw-
  20000310    20000310    00008000   00000000    rw- .sysmem
  20008310    20008310    00000681   00000000    rw- .data
  20008998    20008998    0000024c   00000000    rw- .bss
2003f000    2003f000    00001000   00000000    rw-
  2003f000    2003f000    00001000   00000000    rw- .stack


SECTION ALLOCATION MAP

 output                                  attributes/
section   page    origin      length       input sections
--------  ----  ----------  ----------   ----------------
.text      0    01000840    0000289c     
                  01000840    000004b8     driverlib.a : prcm.obj (.text.PRCMCC3200MCUInit)
                  01000cf8    000003e4     drivers_cc32xx.a : PowerCC32XX.c.obj (.text.Power_sleep)
                  010010dc    00000150     nortos_cc32xx.a : PowerCC32XX_nortos.c.obj (.text.PowerCC32XX_sleepPolicy)
                  0100122c    00000140     drivers_cc32xx.a : GPIOCC32XX.c.obj (.text.GPIO_setConfig)
                  0100136c    00000120     libc.a : memory.c.obj (.text.aligned_alloc)
                  0100148c    000000f8            : memory.c.obj (.text.free)
                  01001584    000000c8     driverlib.a : interrupt.obj (.text.IntEnable)
                  0100164c    000000b0     libclang_rt.builtins.a : udivmoddi4.S.obj (.text)
                  010016fc    000000ac     driverlib.a : gpio.obj (.text.GPIOIntTypeSet)
                  010017a8    000000a4                 : interrupt.obj (.text.IntPendSet)
                  0100184c    000000a2                 : pin.obj (.text.PinConfigSet)
                  010018ee    00000002     ti_drivers_config.o (.text.Board_initHook)
                  010018f0    00000098     nortos_cc32xx.a : SemaphoreP_nortos.c.obj (.text.SemaphoreP_pend)
                  01001988    00000008                     : HwiPCC32XX_nortos.c.obj (.text.HwiP_disable)
                  01001990    00000096     drivers_cc32xx.a : PowerCC32XX_ticlang.asm.obj (.text)
                  01001a26    00000002     nortos_cc32xx.a : PowerCC32XX_nortos.c.obj (.text.PowerCC32XX_initPolicy)
                  01001a28    00000090     drivers_cc32xx.a : GPIOCC32XX.c.obj (.text.GPIO_init)
                  01001ab8    0000008e     driverlib.a : prcm.obj (.text.PRCMSysResetCauseGet)
                  01001b46    00000002     libclang_rt.builtins.a : aeabi_div0.c.obj (.text.__aeabi_ldiv0)
                  01001b48    00000088     drivers_cc32xx.a : PowerCC32XX.c.obj (.text.PowerCC32XX_configureWakeup)
                  01001bd0    00000078                      : PowerCC32XX.c.obj (.text.Power_init)
                  01001c48    00000074     nortos_cc32xx.a : HwiPCC32XX_nortos.c.obj (.text.HwiP_construct)
                  01001cbc    00000074     driverlib.a : prcm.obj (.text.PRCMHibernateWakeUpGPIOSelect)
                  01001d30    0000006c                 : pin.obj (.text.PinLockLevelSet)
                  01001d9c    0000006c     drivers_cc32xx.a : PowerCC32XX.c.obj (.text.Power_setDependency)
                  01001e08    0000006c                      : GPIOCC32XX.c.obj (.text.powerNotifyFxn)
                  01001e74    0000006c     libc.a : memory.c.obj (.text.split)
                  01001ee0    0000006a     driverlib.a : prcm.obj (.text.PRCMPeripheralReset)
                  01001f4a    0000006a     libc.a : copy_decompress_lzss.c.obj (.text:decompress:lzss)
                  01001fb4    00000060     drivers_cc32xx.a : GPIOCC32XX.c.obj (.text.GPIO_write)
                  01002014    0000005c     driverlib.a : flash.obj (.text.FlashDisable)
                  01002070    0000005c                 : prcm.obj (.text.PRCMHibernateWakeupSourceDisable)
                  010020cc    0000005a                 : prcm.obj (.text.PRCMPeripheralClkEnable)
                  01002126    00000002     libc.a : _lock.c.obj (.text._nop)
                  01002128    00000058     nortos_cc32xx.a : ClockPSysTick_nortos.c.obj (.text.ClockP_startup)
                  01002180    00000058     driverlib.a : interrupt.obj (.text.IntPrioritySet)
                  010021d8    00000056                 : prcm.obj (.text.PRCMLPDSEnter)
                  0100222e    00000002     nortos_cc32xx.a : startup_cc32xx_ticlang.c.obj (.text.busFaultHandler)
                  01002230    00000054     drivers_cc32xx.a : GPIOCC32XX.c.obj (.text.GPIO_toggle)
                  01002284    00000054                      : PowerCC32XX.c.obj (.text.PowerCC32XX_setParkState)
                  010022d8    00000054     gpiointerrupt.o (.text.mainThread)
                  0100232c    00000050     drivers_cc32xx.a : GPIOCC32XX.c.obj (.text.GPIO_hwiIntFxn)
                  0100237c    00000050     driverlib.a : prcm.obj (.text.PRCMHibernateWakeupSourceEnable)
                  010023cc    00000050     nortos_cc32xx.a : SemaphoreP_nortos.c.obj (.text.SemaphoreP_construct)
                  0100241c    0000004c     drivers_cc32xx.a : GPIOCC32XX.c.obj (.text.GPIO_setInterruptConfig)
                  01002468    0000004c     driverlib.a : prcm.obj (.text.PRCMLPDSRestoreInfoSet)
                  010024b4    00000048     nortos_cc32xx.a : ClockPSysTick_nortos.c.obj (.text.ClockP_sysTickHandler)
                  010024fc    00000048     driverlib.a : prcm.obj (.text.PRCMIntEnable)
                  01002544    00000048                 : prcm.obj (.text.PRCMPeripheralStatusGet)
                  0100258c    00000048                 : pin.obj (.text.PinConfigGet)
                  010025d4    00000046                 : prcm.obj (.text.PRCMLPDSEnterKeepDebugIf)
                  0100261a    00000044                 : gpio.obj (.text.GPIODirModeSet)
                  0100265e    00000002     nortos_cc32xx.a : SemaphoreP_nortos.c.obj (.text.clkFxn)
                  01002660    00000044     drivers_cc32xx.a : GPIOCC32XX.c.obj (.text.GPIO_disableInt)
                  010026a4    00000044                      : GPIOCC32XX.c.obj (.text.GPIO_enableInt)
                  010026e8    00000044     nortos_cc32xx.a : ClockPSysTick_nortos.c.obj (.text.addToList)
                  0100272c    00000042     driverlib.a : pin.obj (.text.PinModeSet)
                  0100276e    00000042     nortos_cc32xx.a : PowerCC32XX_nortos.c.obj (.text.getCountsRTC)
                  010027b0    00000040                     : SemaphoreP_nortos.c.obj (.text.SemaphoreP_post)
                  010027f0    0000003e     driverlib.a : pin.obj (.text.PinDirModeSet)
                  0100282e    00000002     nortos_cc32xx.a : startup_cc32xx_ticlang.c.obj (.text.defaultHandler)
                  01002830    0000003c                     : ClockPSysTick_nortos.c.obj (.text.ClockP_stop)
                  0100286c    00000038                     : ClockPSysTick_nortos.c.obj (.text.ClockP_destruct)
                  010028a4    00000038                     : SwiP_nortos.c.obj (.text.SwiP_restore)
                  010028dc    00000038     libc.a : autoinit.c.obj (.text:__TI_auto_init_nobinit_nopinit)
                  01002914    00000036     driverlib.a : pin.obj (.text.PinLock)
                  0100294a    00000002     nortos_cc32xx.a : startup_cc32xx_ticlang.c.obj (.text.faultISR)
                  0100294c    00000034                     : ClockPSysTick_nortos.c.obj (.text.ClockP_start)
                  01002980    00000034     driverlib.a : pin.obj (.text.PinDirModeGet)
                  010029b4    00000034                 : pin.obj (.text.PinModeGet)
                  010029e8    00000034     drivers_cc32xx.a : PowerCC32XX.c.obj (.text.PowerCC32XX_parkPin)
                  01002a1c    00000034     nortos_cc32xx.a : startup_cc32xx_ticlang.c.obj (.text.initVectors)
                  01002a50    00000030                     : ClockPSysTick_nortos.c.obj (.text.ClockP_getTicksUntilInterrupt)
                  01002a80    00000030     driverlib.a : prcm.obj (.text.PRCMLPDSIntervalSet)
                  01002ab0    00000030                 : prcm.obj (.text.PRCMSlowClkCtrFastGet)
                  01002ae0    00000030     drivers_cc32xx.a : PowerCC32XX.c.obj (.text.notify)
                  01002b10    0000002e     driverlib.a : gpio.obj (.text.GPIOIntStatus)
                  01002b3e    0000002a     nortos_cc32xx.a : HwiPCC32XX_nortos.c.obj (.text.HwiP_create)
                  01002b68    0000002a     driverlib.a : prcm.obj (.text.PRCMLPDSWakeUpGPIOSelect)
                  01002b92    0000002a                 : prcm.obj (.text.PRCMPeripheralClkDisable)
                  01002bbc    00000028                 : prcm.obj (.text.PRCMSRAMRetentionEnable)
                  01002be4    00000028     libc.a : memory.c.obj (.text.free_list_insert)
                  01002c0c    00000024     drivers_cc32xx.a : List.c.obj (.text.List_put)
                  01002c30    00000024     driverlib.a : prcm.obj (.text.PRCMLPDSWakeupSourceEnable)
                  01002c54    00000024     drivers_cc32xx.a : PowerCC32XX.c.obj (.text.PowerCC32XX_restoreParkedPin)
                  01002c78    00000024                      : PowerCC32XX.c.obj (.text.Power_registerNotify)
                  01002c9c    00000024     libc.a : boot_cortex_m.c.obj (.text:_c_int00_noargs)
                  01002cc0    00000022     driverlib.a : gpio.obj (.text.GPIOPinWrite)
                  01002ce2    00000022                 : pin.obj (.text.PinUnlock)
                  01002d04    00000020                 : interrupt.obj (.text.IntRegister)
                  01002d24    00000020     nortos_cc32xx.a : SemaphoreP_nortos.c.obj (.text.SemaphoreP_createBinary)
                  01002d44    0000001c     drivers_cc32xx.a : GPIO.c.obj (.text.GPIO_setCallback)
                  01002d60    0000001c     nortos_cc32xx.a : HwiPCC32XX_nortos.c.obj (.text.HwiP_dispatch)
                  01002d7c    0000001c                     : SwiP_nortos.c.obj (.text.SwiP_disable)
                  01002d98    0000001c     libc.a : memory.c.obj (.text.free_list_remove)
                  01002db4    0000001c     nortos_cc32xx.a : startup_cc32xx_ticlang.c.obj (.text.resetISR)
                  01002dd0    0000001a     driverlib.a : gpio.obj (.text.GPIOIntDisable)
                  01002dea    0000001a                 : prcm.obj (.text.PRCMHIBRegRead)
                  01002e04    0000001a                 : prcm.obj (.text.PRCMHIBRegWrite)
                  01002e1e    0000001a                 : prcm.obj (.text.PRCMLPDSWakeupSourceDisable)
                  01002e38    0000001a                 : pin.obj (.text.PinToPadGet)
                  01002e52    00000018                 : gpio.obj (.text.GPIOIntEnable)
                  01002e6a    00000018                 : gpio.obj (.text.GPIOPinRead)
                  01002e82    00000018     nortos_cc32xx.a : SemaphoreP_nortos.c.obj (.text.SemaphoreP_create)
                  01002e9a    00000016     ti_drivers_config.o (.text.Board_init)
                  01002eb0    00000016     driverlib.a : systick.obj (.text.SysTickPeriodSet)
                  01002ec6    00000014                 : cpu.obj (.text.CPUcpsid)
                  01002eda    00000014                 : cpu.obj (.text.CPUcpsie)
                  01002eee    00000014                 : interrupt.obj (.text.IntVTableBaseSet)
                  01002f02    00000002     gpiointerrupt.o (.text.gpioButtonFxn1)
                  01002f04    00000014     drivers_cc32xx.a : PowerCC32XX.c.obj (.text.Power_disablePolicy)
                  01002f18    00000014                      : PowerCC32XX.c.obj (.text.Power_getTransitionLatency)
                  01002f2c    00000014                      : PowerCC32XX.c.obj (.text.Power_idleFunc)
                  01002f40    00000014     libclang_rt.builtins.a : aeabi_uldivmod.S.obj (.text)
                  01002f54    00000012     nortos_cc32xx.a : ClockPSysTick_nortos.c.obj (.text.ClockP_add)
                  01002f66    00000012     driverlib.a : gpio.obj (.text.GPIOIntClear)
                  01002f78    00000012     nortos_cc32xx.a : HwiPCC32XX_nortos.c.obj (.text.HwiP_Params_init)
                  01002f8a    00000012     driverlib.a : systick.obj (.text.SysTickEnable)
                  01002f9c    00000012                 : systick.obj (.text.SysTickIntDisable)
                  01002fae    00000012                 : systick.obj (.text.SysTickIntEnable)
                  01002fc0    00000012     libc.a : memcpy_t2.S.obj (.text:TI_memcpy_small)
                  01002fd2    00000012            : copy_zero_init.c.obj (.text:decompress:ZI:__TI_zero_init_nomemset)
                  01002fe4    00000010     nortos_cc32xx.a : ClockPSysTick_nortos.c.obj (.text.ClockP_getCpuFreq)
                  01002ff4    00000010                     : ClockPSysTick_nortos.c.obj (.text.ClockP_getSystemTicks)
                  01003004    00000010                     : ClockPSysTick_nortos.c.obj (.text.ClockP_setTicks)
                  01003014    00000010                     : HwiPCC32XX_nortos.c.obj (.text.HwiP_inISR)
                  01003024    00000010     drivers_cc32xx.a : PowerCC32XX.c.obj (.text.Power_enablePolicy)
                  01003034    00000010     main_nortos.o (.text.main)
                  01003044    0000000e     libc.a : copy_decompress_none.c.obj (.text:decompress:none)
                  01003052    0000000c     driverlib.a : cpu.obj (.text.CPUwfi)
                  0100305e    0000000c                 : prcm.obj (.text.PRCMLPDSWakeupCauseGet)
                  0100306a    00000002     nortos_cc32xx.a : startup_cc32xx_ticlang.c.obj (.text.nmiISR)
                  0100306c    0000000c     drivers_cc32xx.a : PowerCC32XX.c.obj (.text.Power_getConstraintMask)
                  01003078    0000000a     nortos_cc32xx.a : ClockPSysTick_nortos.c.obj (.text.ClockP_isActive)
                  01003082    0000000a     driverlib.a : interrupt.obj (.text.IntMasterDisable)
                  0100308c    0000000a                 : interrupt.obj (.text.IntMasterEnable)
                  01003096    00000008     nortos_cc32xx.a : HwiPCC32XX_nortos.c.obj (.text.HwiP_restore)
                  0100309e    00000008     driverlib.a : prcm.obj (.text.PRCMSleepEnter)
                  010030a6    00000008                 : utils.obj (.text.UtilsDelay)
                  010030ae    00000008     libc.a : memory.c.obj (.text.malloc)
                  010030b6    00000006     gpiointerrupt.o (.text.gpioButtonFxn0)
                  010030bc    00000004     nortos_cc32xx.a : ClockPSysTick_nortos.c.obj (.text.ClockP_doTick)
                  010030c0    00000004                     : HwiPCC32XX_nortos.c.obj (.text.HwiP_enable)
                  010030c4    00000004                     : HwiPCC32XX_nortos.c.obj (.text.HwiP_post)
                  010030c8    00000004                     : NoRTOS.c.obj (.text.NoRTOS_start)
                  010030cc    00000004                     : SemaphoreP_nortos.c.obj (.text.SemaphoreP_delete)
                  010030d0    00000004     libc.a : pre_init.c.obj (.text._system_pre_init)
                  010030d4    00000004            : exit.c.obj (.text:abort)
                  010030d8    00000004     libclang_rt.builtins.a : aeabi_memcpy.S.obj (.text)

.rodata    0    010030dc    0000034c     
                  010030dc    00000100     driverlib.a : pin.obj (.rodata.g_ulPinToPadMap)
                  010031dc    000000d4                 : interrupt.obj (.rodata.g_pulRegs)
                  010032b0    000000a8                 : prcm.obj (.rodata.PRCM_PeriphRegsList)
                  01003358    00000044     ti_drivers_config.o (.rodata.PowerCC32XX_config)
                  0100339c    00000028     drivers_cc32xx.a : GPIOCC32XX.c.obj (.rodata.portConfigs)
                  010033c4    00000021                      : GPIOCC32XX.c.obj (.rodata.pinTable)
                  010033e5    00000001     ti_drivers_config.o (.rodata.GPIO_pinUpperBound)
                  010033e6    00000002     --HOLE-- [fill = 0]
                  010033e8    00000018     driverlib.a : interrupt.obj (.rodata.g_pulEnRegs)
                  01003400    00000018                 : interrupt.obj (.rodata.g_pulPendRegs)
                  01003418    00000010     ti_drivers_config.o (.rodata.GPIO_config)

.cinit     0    01003428    000000f0     
                  01003428    000000cc     (.cinit..data.load) [load image, compression = lzss]
                  010034f4    0000000c     (__TI_handler_table)
                  01003500    00000008     (.cinit..bss.load) [load image, compression = zero_init]
                  01003508    00000010     (__TI_cinit_table)

.init_array 
*          0    01000800    00000000     UNINITIALIZED

.resetVecs 
*          0    01000800    00000040     
                  01000800    00000040     nortos_cc32xx.a : startup_cc32xx_ticlang.c.obj (.resetVecs)

.ramVecs   0    20000000    0000030c     NOLOAD SECTION
                  20000000    0000030c     nortos_cc32xx.a : startup_cc32xx_ticlang.c.obj (.ramVecs)

.sysmem    0    20000310    00008000     UNINITIALIZED
                  20000310    00000010     libc.a : memory.c.obj (.sysmem)
                  20000320    00007ff0     --HOLE--

.data      0    20008310    00000681     UNINITIALIZED
                  20008310    0000030c     nortos_cc32xx.a : HwiPCC32XX_nortos.c.obj (.data.HwiP_dispatchTable)
                  2000861c    0000016c     drivers_cc32xx.a : PowerCC32XX.c.obj (.data.PowerCC32XX_module)
                  20008788    000000f8     ti_drivers_config.o (.data.parkInfo)
                  20008880    00000084     ti_drivers_config.o (.data.gpioPinConfigs)
                  20008904    0000004c     nortos_cc32xx.a : SwiP_nortos.c.obj (.data..L_MergedGlobals)
                  20008950    00000018     drivers_cc32xx.a : GPIOCC32XX.c.obj (.data..L_MergedGlobals)
                  20008968    00000010     nortos_cc32xx.a : SemaphoreP_nortos.c.obj (.data..L_MergedGlobals)
                  20008978    00000008                     : ClockPSysTick_nortos.c.obj (.data..L_MergedGlobals)
                  20008980    00000004                     : HwiPCC32XX_nortos.c.obj (.data.HwiP_swiPIntNum)
                  20008984    00000004     libc.a : _lock.c.obj (.data._lock)
                  20008988    00000004            : _lock.c.obj (.data._unlock)
                  2000898c    00000001     drivers_cc32xx.a : GPIOCC32XX.c.obj (.data.initCalled)
                  2000898d    00000001                      : GPIOCC32XX.c.obj (.data.portHwiCreatedBitMask)
                  2000898e    00000002     --HOLE--
                  20008990    00000001     libc.a : memory.c.obj (.data.memory_is_initialized)

.bss       0    20008998    0000024c     UNINITIALIZED
                  20008998    0000012c     (.common:PowerCC32XX_contextSave)
                  20008ac4    00000084     (.common:gpioCallbackFunctions)
                  20008b48    00000084     (.common:gpioUserArgs)
                  20008bcc    00000004     nortos_cc32xx.a : ClockPSysTick_nortos.c.obj (.bss.sysTickPeriod)
                  20008bd0    00000010     (.common:ClockP_ctrl)
                  20008be0    00000004     libc.a : memory.c.obj (.bss.sys_free)

.stack     0    2003f000    00001000     UNINITIALIZED
                  2003f000    00000004     libc.a : boot_cortex_m.c.obj (.stack)
                  2003f004    00000ffc     --HOLE--

.log_data 
*          0    90000000    00000000     COPY SECTION

.log_ptr   0    94000008    00000000     COPY SECTION

__llvm_prf_cnts 
*          0    20000000    00000000     UNINITIALIZED

__llvm_prf_bits 
*          0    20000000    00000000     UNINITIALIZED

.binit     0    01000000    00000000     

MODULE SUMMARY

       Module                         code    ro data   rw data
       ------                         ----    -------   -------
    ./
       gpiointerrupt.o                92      0         0      
       main_nortos.o                  16      0         0      
    +--+------------------------------+-------+---------+---------+
       Total:                         108     0         0      
                                                               
    ./syscfg/
       ti_drivers_config.o            24      85        644    
    +--+------------------------------+-------+---------+---------+
       Total:                         24      85        644    
                                                               
    /Applications/ti/ccs1230/ccs/tools/compiler/ti-cgt-armllvm_2.1.3.LTS/lib/armv7em-ti-none-eabi/c/libc.a
       memory.c.obj                   720     0         5      
       copy_decompress_lzss.c.obj     106     0         0      
       autoinit.c.obj                 56      0         0      
       boot_cortex_m.c.obj            36      0         0      
       copy_zero_init.c.obj           18      0         0      
       memcpy_t2.S.obj                18      0         0      
       copy_decompress_none.c.obj     14      0         0      
       _lock.c.obj                    2       0         8      
       exit.c.obj                     4       0         0      
       pre_init.c.obj                 4       0         0      
    +--+------------------------------+-------+---------+---------+
       Total:                         978     0         13     
                                                               
    /Applications/ti/ccs1230/ccs/tools/compiler/ti-cgt-armllvm_2.1.3.LTS/lib/clang/14.0.6/lib/armv7em-ti-none-eabi/libclang_rt.builtins.a
       udivmoddi4.S.obj               176     0         0      
       aeabi_uldivmod.S.obj           20      0         0      
       aeabi_memcpy.S.obj             4       0         0      
       aeabi_div0.c.obj               2       0         0      
    +--+------------------------------+-------+---------+---------+
       Total:                         202     0         0      
                                                               
    /Users/matthewbass/ti/simplelink_cc32xx_sdk_7_10_00_13/kernel/nortos/lib/ticlang/m4/nortos_cc32xx.a
       HwiPCC32XX_nortos.c.obj        244     0         784    
       startup_cc32xx_ticlang.c.obj   88      64        780    
       ClockPSysTick_nortos.c.obj     524     0         28     
       PowerCC32XX_nortos.c.obj       404     0         0      
       SemaphoreP_nortos.c.obj        358     0         16     
       SwiP_nortos.c.obj              84      0         76     
       NoRTOS.c.obj                   4       0         0      
    +--+------------------------------+-------+---------+---------+
       Total:                         1706    64        1684   
                                                               
    /Users/matthewbass/ti/simplelink_cc32xx_sdk_7_10_00_13/source/ti/devices/cc32xx/driverlib/ticlang/Release/driverlib.a
       prcm.obj                       2564    168       0      
       pin.obj                        688     256       0      
       interrupt.obj                  524     260       0      
       gpio.obj                       412     0         0      
       flash.obj                      92      0         0      
       systick.obj                    76      0         0      
       cpu.obj                        52      0         0      
       utils.obj                      8       0         0      
    +--+------------------------------+-------+---------+---------+
       Total:                         4416    684       0      
                                                               
    /Users/matthewbass/ti/simplelink_cc32xx_sdk_7_10_00_13/source/ti/drivers/lib/ticlang/m4/drivers_cc32xx.a
       PowerCC32XX.c.obj              1704    0         664    
       GPIOCC32XX.c.obj               1044    73        26     
       PowerCC32XX_ticlang.asm.obj    150     0         0      
       List.c.obj                     36      0         0      
       GPIO.c.obj                     28      0         0      
    +--+------------------------------+-------+---------+---------+
       Total:                         2962    73        690    
                                                               
       Heap:                          0       0         32768  
       Stack:                         0       0         4096   
       Linker Generated:              0       240       0      
    +--+------------------------------+-------+---------+---------+
       Grand Total:                   10396   1146      39895  


LINKER GENERATED COPY TABLES

__TI_cinit_table @ 01003508 records: 2, size/record: 8, table size: 16
	.data: load addr=01003428, load size=000000cc bytes, run addr=20008310, run size=00000681 bytes, compression=lzss
	.bss: load addr=01003500, load size=00000008 bytes, run addr=20008998, run size=0000024c bytes, compression=zero_init


LINKER GENERATED HANDLER TABLE

__TI_handler_table @ 010034f4 records: 3, size/record: 4, table size: 12
	index: 0, handler: __TI_decompress_lzss
	index: 1, handler: __TI_decompress_none
	index: 2, handler: __TI_zero_init


GLOBAL SYMBOLS: SORTED ALPHABETICALLY BY Name 

address   name                            
-------   ----                            
01002e9b  Board_init                      
010018ef  Board_initHook                  
010030d4  C$$EXIT                         
01002ec7  CPUcpsid                        
01002edb  CPUcpsie                        
01003053  CPUwfi                          
01002f55  ClockP_add                      
20008bd0  ClockP_ctrl                     
0100286d  ClockP_destruct                 
010030bd  ClockP_doTick                   
01002fe5  ClockP_getCpuFreq               
01002ff5  ClockP_getSystemTicks           
01002a51  ClockP_getTicksUntilInterrupt   
01003079  ClockP_isActive                 
01003005  ClockP_setTicks                 
0100294d  ClockP_start                    
01002129  ClockP_startup                  
01002831  ClockP_stop                     
010024b5  ClockP_sysTickHandler           
2000897c  ClockP_tickPeriod               
01002015  FlashDisable                    
0100261b  GPIODirModeSet                  
01002f67  GPIOIntClear                    
01002dd1  GPIOIntDisable                  
01002e53  GPIOIntEnable                   
01002b11  GPIOIntStatus                   
010016fd  GPIOIntTypeSet                  
01002e6b  GPIOPinRead                     
01002cc1  GPIOPinWrite                    
01003418  GPIO_config                     
01002661  GPIO_disableInt                 
010026a5  GPIO_enableInt                  
0100232d  GPIO_hwiIntFxn                  
01001a29  GPIO_init                       
010033e5  GPIO_pinUpperBound              
01002d45  GPIO_setCallback                
0100122d  GPIO_setConfig                  
0100241d  GPIO_setInterruptConfig         
01002231  GPIO_toggle                     
01001fb5  GPIO_write                      
01002f79  HwiP_Params_init                
01001c49  HwiP_construct                  
01002b3f  HwiP_create                     
01001989  HwiP_disable                    
01002d61  HwiP_dispatch                   
010030c1  HwiP_enable                     
01003015  HwiP_inISR                      
010030c5  HwiP_post                       
01003097  HwiP_restore                    
20008980  HwiP_swiPIntNum                 
UNDEFED   ITM_flush                       
UNDEFED   ITM_restore                     
01001585  IntEnable                       
01003083  IntMasterDisable                
0100308d  IntMasterEnable                 
010017a9  IntPendSet                      
01002181  IntPrioritySet                  
01002d05  IntRegister                     
01002eef  IntVTableBaseSet                
01002c0d  List_put                        
010030c9  NoRTOS_start                    
01000841  PRCMCC3200MCUInit               
01002deb  PRCMHIBRegRead                  
01002e05  PRCMHIBRegWrite                 
01001cbd  PRCMHibernateWakeUpGPIOSelect   
01002071  PRCMHibernateWakeupSourceDisable
0100237d  PRCMHibernateWakeupSourceEnable 
010024fd  PRCMIntEnable                   
010021d9  PRCMLPDSEnter                   
010025d5  PRCMLPDSEnterKeepDebugIf        
01002a81  PRCMLPDSIntervalSet             
01002469  PRCMLPDSRestoreInfoSet          
01002b69  PRCMLPDSWakeUpGPIOSelect        
0100305f  PRCMLPDSWakeupCauseGet          
01002e1f  PRCMLPDSWakeupSourceDisable     
01002c31  PRCMLPDSWakeupSourceEnable      
01002b93  PRCMPeripheralClkDisable        
010020cd  PRCMPeripheralClkEnable         
01001ee1  PRCMPeripheralReset             
01002545  PRCMPeripheralStatusGet         
01002bbd  PRCMSRAMRetentionEnable         
0100309f  PRCMSleepEnter                  
01002ab1  PRCMSlowClkCtrFastGet           
01001ab9  PRCMSysResetCauseGet            
0100258d  PinConfigGet                    
0100184d  PinConfigSet                    
01002981  PinDirModeGet                   
010027f1  PinDirModeSet                   
01002915  PinLock                         
01001d31  PinLockLevelSet                 
010029b5  PinModeGet                      
0100272d  PinModeSet                      
01002e39  PinToPadGet                     
01002ce3  PinUnlock                       
01003358  PowerCC32XX_config              
01001b49  PowerCC32XX_configureWakeup     
20008998  PowerCC32XX_contextSave         
01001991  PowerCC32XX_enterLPDS           
01001a27  PowerCC32XX_initPolicy          
2000861c  PowerCC32XX_module              
010029e9  PowerCC32XX_parkPin             
01002c55  PowerCC32XX_restoreParkedPin    
010019d5  PowerCC32XX_resumeLPDS          
01002285  PowerCC32XX_setParkState        
010010dd  PowerCC32XX_sleepPolicy         
01002f05  Power_disablePolicy             
01003025  Power_enablePolicy              
0100306d  Power_getConstraintMask         
01002f19  Power_getTransitionLatency      
01002f2d  Power_idleFunc                  
01001bd1  Power_init                      
01002c79  Power_registerNotify            
01001d9d  Power_setDependency             
01000cf9  Power_sleep                     
010023cd  SemaphoreP_construct            
01002e83  SemaphoreP_create               
01002d25  SemaphoreP_createBinary         
20008970  SemaphoreP_defaultParams        
010030cd  SemaphoreP_delete               
010018f1  SemaphoreP_pend                 
010027b1  SemaphoreP_post                 
01002d7d  SwiP_disable                    
010028a5  SwiP_restore                    
01002f8b  SysTickEnable                   
01002f9d  SysTickIntDisable               
01002faf  SysTickIntEnable                
01002eb1  SysTickPeriodSet                
01002fc1  TI_memcpy_small                 
010030a7  UtilsDelay                      
20040000  __STACK_END                     
00001000  __STACK_SIZE                    
00008000  __SYSMEM_SIZE                   
01003508  __TI_CINIT_Base                 
01003518  __TI_CINIT_Limit                
01003518  __TI_CINIT_Warm                 
010034f4  __TI_Handler_Table_Base         
01003500  __TI_Handler_Table_Limit        
010028dd  __TI_auto_init_nobinit_nopinit  
01001f4b  __TI_decompress_lzss            
01003045  __TI_decompress_none            
ffffffff  __TI_pprof_out_hndl             
ffffffff  __TI_prof_data_size             
ffffffff  __TI_prof_data_start            
01003428  __TI_static_base__              
01002fd3  __TI_zero_init_nomemset         
01001b47  __aeabi_ldiv0                   
010030d9  __aeabi_memcpy                  
010030d9  __aeabi_memcpy4                 
010030d9  __aeabi_memcpy8                 
01002f41  __aeabi_uldivmod                
ffffffff  __binit__                       
UNDEFED   __mpu_init                      
2003f000  __stack                         
20000000  __start___llvm_prf_bits         
20000000  __start___llvm_prf_cnts         
20000000  __stop___llvm_prf_bits          
20000000  __stop___llvm_prf_cnts          
0100164d  __udivmoddi4                    
01002c9d  _c_int00_noargs                 
20008984  _lock                           
01002127  _nop                            
20000310  _sys_memory                     
UNDEFED   _system_post_cinit              
010030d1  _system_pre_init                
20008988  _unlock                         
010030d5  abort                           
0100136d  aligned_alloc                   
ffffffff  binit                           
0100265f  clkFxn                          
0100148d  free                            
010030b7  gpioButtonFxn0                  
01002f03  gpioButtonFxn1                  
20008ac4  gpioCallbackFunctions           
20008880  gpioPinConfigs                  
20008b48  gpioUserArgs                    
01002a1d  initVectors                     
01003035  main                            
010022d9  mainThread                      
010030af  malloc                          
0100136d  memalign                        
20008788  parkInfo                        
01002db5  resetISR                        


GLOBAL SYMBOLS: SORTED BY Symbol Address 

address   name                            
-------   ----                            
00001000  __STACK_SIZE                    
00008000  __SYSMEM_SIZE                   
01000841  PRCMCC3200MCUInit               
01000cf9  Power_sleep                     
010010dd  PowerCC32XX_sleepPolicy         
0100122d  GPIO_setConfig                  
0100136d  aligned_alloc                   
0100136d  memalign                        
0100148d  free                            
01001585  IntEnable                       
0100164d  __udivmoddi4                    
010016fd  GPIOIntTypeSet                  
010017a9  IntPendSet                      
0100184d  PinConfigSet                    
010018ef  Board_initHook                  
010018f1  SemaphoreP_pend                 
01001989  HwiP_disable                    
01001991  PowerCC32XX_enterLPDS           
010019d5  PowerCC32XX_resumeLPDS          
01001a27  PowerCC32XX_initPolicy          
01001a29  GPIO_init                       
01001ab9  PRCMSysResetCauseGet            
01001b47  __aeabi_ldiv0                   
01001b49  PowerCC32XX_configureWakeup     
01001bd1  Power_init                      
01001c49  HwiP_construct                  
01001cbd  PRCMHibernateWakeUpGPIOSelect   
01001d31  PinLockLevelSet                 
01001d9d  Power_setDependency             
01001ee1  PRCMPeripheralReset             
01001f4b  __TI_decompress_lzss            
01001fb5  GPIO_write                      
01002015  FlashDisable                    
01002071  PRCMHibernateWakeupSourceDisable
010020cd  PRCMPeripheralClkEnable         
01002127  _nop                            
01002129  ClockP_startup                  
01002181  IntPrioritySet                  
010021d9  PRCMLPDSEnter                   
01002231  GPIO_toggle                     
01002285  PowerCC32XX_setParkState        
010022d9  mainThread                      
0100232d  GPIO_hwiIntFxn                  
0100237d  PRCMHibernateWakeupSourceEnable 
010023cd  SemaphoreP_construct            
0100241d  GPIO_setInterruptConfig         
01002469  PRCMLPDSRestoreInfoSet          
010024b5  ClockP_sysTickHandler           
010024fd  PRCMIntEnable                   
01002545  PRCMPeripheralStatusGet         
0100258d  PinConfigGet                    
010025d5  PRCMLPDSEnterKeepDebugIf        
0100261b  GPIODirModeSet                  
0100265f  clkFxn                          
01002661  GPIO_disableInt                 
010026a5  GPIO_enableInt                  
0100272d  PinModeSet                      
010027b1  SemaphoreP_post                 
010027f1  PinDirModeSet                   
01002831  ClockP_stop                     
0100286d  ClockP_destruct                 
010028a5  SwiP_restore                    
010028dd  __TI_auto_init_nobinit_nopinit  
01002915  PinLock                         
0100294d  ClockP_start                    
01002981  PinDirModeGet                   
010029b5  PinModeGet                      
010029e9  PowerCC32XX_parkPin             
01002a1d  initVectors                     
01002a51  ClockP_getTicksUntilInterrupt   
01002a81  PRCMLPDSIntervalSet             
01002ab1  PRCMSlowClkCtrFastGet           
01002b11  GPIOIntStatus                   
01002b3f  HwiP_create                     
01002b69  PRCMLPDSWakeUpGPIOSelect        
01002b93  PRCMPeripheralClkDisable        
01002bbd  PRCMSRAMRetentionEnable         
01002c0d  List_put                        
01002c31  PRCMLPDSWakeupSourceEnable      
01002c55  PowerCC32XX_restoreParkedPin    
01002c79  Power_registerNotify            
01002c9d  _c_int00_noargs                 
01002cc1  GPIOPinWrite                    
01002ce3  PinUnlock                       
01002d05  IntRegister                     
01002d25  SemaphoreP_createBinary         
01002d45  GPIO_setCallback                
01002d61  HwiP_dispatch                   
01002d7d  SwiP_disable                    
01002db5  resetISR                        
01002dd1  GPIOIntDisable                  
01002deb  PRCMHIBRegRead                  
01002e05  PRCMHIBRegWrite                 
01002e1f  PRCMLPDSWakeupSourceDisable     
01002e39  PinToPadGet                     
01002e53  GPIOIntEnable                   
01002e6b  GPIOPinRead                     
01002e83  SemaphoreP_create               
01002e9b  Board_init                      
01002eb1  SysTickPeriodSet                
01002ec7  CPUcpsid                        
01002edb  CPUcpsie                        
01002eef  IntVTableBaseSet                
01002f03  gpioButtonFxn1                  
01002f05  Power_disablePolicy             
01002f19  Power_getTransitionLatency      
01002f2d  Power_idleFunc                  
01002f41  __aeabi_uldivmod                
01002f55  ClockP_add                      
01002f67  GPIOIntClear                    
01002f79  HwiP_Params_init                
01002f8b  SysTickEnable                   
01002f9d  SysTickIntDisable               
01002faf  SysTickIntEnable                
01002fc1  TI_memcpy_small                 
01002fd3  __TI_zero_init_nomemset         
01002fe5  ClockP_getCpuFreq               
01002ff5  ClockP_getSystemTicks           
01003005  ClockP_setTicks                 
01003015  HwiP_inISR                      
01003025  Power_enablePolicy              
01003035  main                            
01003045  __TI_decompress_none            
01003053  CPUwfi                          
0100305f  PRCMLPDSWakeupCauseGet          
0100306d  Power_getConstraintMask         
01003079  ClockP_isActive                 
01003083  IntMasterDisable                
0100308d  IntMasterEnable                 
01003097  HwiP_restore                    
0100309f  PRCMSleepEnter                  
010030a7  UtilsDelay                      
010030af  malloc                          
010030b7  gpioButtonFxn0                  
010030bd  ClockP_doTick                   
010030c1  HwiP_enable                     
010030c5  HwiP_post                       
010030c9  NoRTOS_start                    
010030cd  SemaphoreP_delete               
010030d1  _system_pre_init                
010030d4  C$$EXIT                         
010030d5  abort                           
010030d9  __aeabi_memcpy                  
010030d9  __aeabi_memcpy4                 
010030d9  __aeabi_memcpy8                 
01003358  PowerCC32XX_config              
010033e5  GPIO_pinUpperBound              
01003418  GPIO_config                     
01003428  __TI_static_base__              
010034f4  __TI_Handler_Table_Base         
01003500  __TI_Handler_Table_Limit        
01003508  __TI_CINIT_Base                 
01003518  __TI_CINIT_Limit                
01003518  __TI_CINIT_Warm                 
20000000  __start___llvm_prf_bits         
20000000  __start___llvm_prf_cnts         
20000000  __stop___llvm_prf_bits          
20000000  __stop___llvm_prf_cnts          
20000310  _sys_memory                     
2000861c  PowerCC32XX_module              
20008788  parkInfo                        
20008880  gpioPinConfigs                  
20008970  SemaphoreP_defaultParams        
2000897c  ClockP_tickPeriod               
20008980  HwiP_swiPIntNum                 
20008984  _lock                           
20008988  _unlock                         
20008998  PowerCC32XX_contextSave         
20008ac4  gpioCallbackFunctions           
20008b48  gpioUserArgs                    
20008bd0  ClockP_ctrl                     
2003f000  __stack                         
20040000  __STACK_END                     
ffffffff  __TI_pprof_out_hndl             
ffffffff  __TI_prof_data_size             
ffffffff  __TI_prof_data_start            
ffffffff  __binit__                       
ffffffff  binit                           
UNDEFED   ITM_flush                       
UNDEFED   ITM_restore                     
UNDEFED   __mpu_init                      
UNDEFED   _system_post_cinit              

[182 symbols]
