<?xml version="1.0" encoding="ISO-8859-1" ?>
<link_info>
   <banner>TI ARM Clang Linker PC v2.1.3.LTS</banner>
   <copyright>Copyright (c) 1996-2018 Texas Instruments Incorporated</copyright>
   <link_time>0x6558403c</link_time>
   <link_errors>0x0</link_errors>
   <output_file>gpiointerrupt_CC3220SF_LAUNCHXL_nortos_ticlang.out</output_file>
   <entry_point>
      <name>resetISR</name>
      <address>0x1005d11</address>
   </entry_point>
   <input_file_list>
      <input_file id="fl-1">
         <path>.\</path>
         <kind>object</kind>
         <file>gpiointerrupt.o</file>
         <name>gpiointerrupt.o</name>
      </input_file>
      <input_file id="fl-2">
         <path>.\syscfg\</path>
         <kind>object</kind>
         <file>ti_drivers_config.o</file>
         <name>ti_drivers_config.o</name>
      </input_file>
      <input_file id="fl-3">
         <path>.\</path>
         <kind>object</kind>
         <file>main_nortos.o</file>
         <name>main_nortos.o</name>
      </input_file>
      <input_file id="fl-13">
         <kind>object</kind>
         <file>&lt;internal&gt;</file>
         <name>&lt;internal&gt;</name>
      </input_file>
      <input_file id="fl-14">
         <path>C:\ti\simplelink_cc32xx_sdk_7_10_00_13\source\ti\drivers\lib\ticlang\m4\</path>
         <kind>archive</kind>
         <file>drivers_cc32xx.a</file>
         <name>GPIO.c.obj</name>
      </input_file>
      <input_file id="fl-15">
         <path>C:\ti\simplelink_cc32xx_sdk_7_10_00_13\source\ti\drivers\lib\ticlang\m4\</path>
         <kind>archive</kind>
         <file>drivers_cc32xx.a</file>
         <name>GPIOCC32XX.c.obj</name>
      </input_file>
      <input_file id="fl-16">
         <path>C:\ti\simplelink_cc32xx_sdk_7_10_00_13\source\ti\drivers\lib\ticlang\m4\</path>
         <kind>archive</kind>
         <file>drivers_cc32xx.a</file>
         <name>I2C.c.obj</name>
      </input_file>
      <input_file id="fl-17">
         <path>C:\ti\simplelink_cc32xx_sdk_7_10_00_13\source\ti\drivers\lib\ticlang\m4\</path>
         <kind>archive</kind>
         <file>drivers_cc32xx.a</file>
         <name>I2CCC32XX.c.obj</name>
      </input_file>
      <input_file id="fl-18">
         <path>C:\ti\simplelink_cc32xx_sdk_7_10_00_13\source\ti\drivers\lib\ticlang\m4\</path>
         <kind>archive</kind>
         <file>drivers_cc32xx.a</file>
         <name>PowerCC32XX.c.obj</name>
      </input_file>
      <input_file id="fl-19">
         <path>C:\ti\simplelink_cc32xx_sdk_7_10_00_13\source\ti\drivers\lib\ticlang\m4\</path>
         <kind>archive</kind>
         <file>drivers_cc32xx.a</file>
         <name>PowerCC32XX_ticlang.asm.obj</name>
      </input_file>
      <input_file id="fl-1a">
         <path>C:\ti\simplelink_cc32xx_sdk_7_10_00_13\source\ti\drivers\lib\ticlang\m4\</path>
         <kind>archive</kind>
         <file>drivers_cc32xx.a</file>
         <name>Timer.c.obj</name>
      </input_file>
      <input_file id="fl-1b">
         <path>C:\ti\simplelink_cc32xx_sdk_7_10_00_13\source\ti\drivers\lib\ticlang\m4\</path>
         <kind>archive</kind>
         <file>drivers_cc32xx.a</file>
         <name>TimerCC32XX.c.obj</name>
      </input_file>
      <input_file id="fl-1c">
         <path>C:\ti\simplelink_cc32xx_sdk_7_10_00_13\source\ti\drivers\lib\ticlang\m4\</path>
         <kind>archive</kind>
         <file>drivers_cc32xx.a</file>
         <name>UART2.c.obj</name>
      </input_file>
      <input_file id="fl-1d">
         <path>C:\ti\simplelink_cc32xx_sdk_7_10_00_13\source\ti\drivers\lib\ticlang\m4\</path>
         <kind>archive</kind>
         <file>drivers_cc32xx.a</file>
         <name>UART2CC32XX.c.obj</name>
      </input_file>
      <input_file id="fl-1e">
         <path>C:\ti\simplelink_cc32xx_sdk_7_10_00_13\source\ti\drivers\lib\ticlang\m4\</path>
         <kind>archive</kind>
         <file>drivers_cc32xx.a</file>
         <name>List.c.obj</name>
      </input_file>
      <input_file id="fl-1f">
         <path>C:\ti\simplelink_cc32xx_sdk_7_10_00_13\source\ti\drivers\lib\ticlang\m4\</path>
         <kind>archive</kind>
         <file>drivers_cc32xx.a</file>
         <name>RingBuf.c.obj</name>
      </input_file>
      <input_file id="fl-20">
         <path>C:\ti\simplelink_cc32xx_sdk_7_10_00_13\source\ti\drivers\lib\ticlang\m4\</path>
         <kind>archive</kind>
         <file>drivers_cc32xx.a</file>
         <name>UDMACC32XX.c.obj</name>
      </input_file>
      <input_file id="fl-21">
         <path>C:\ti\simplelink_cc32xx_sdk_7_10_00_13\kernel\nortos\lib\ticlang\m4\</path>
         <kind>archive</kind>
         <file>nortos_cc32xx.a</file>
         <name>NoRTOS.c.obj</name>
      </input_file>
      <input_file id="fl-22">
         <path>C:\ti\simplelink_cc32xx_sdk_7_10_00_13\kernel\nortos\lib\ticlang\m4\</path>
         <kind>archive</kind>
         <file>nortos_cc32xx.a</file>
         <name>SemaphoreP_nortos.c.obj</name>
      </input_file>
      <input_file id="fl-23">
         <path>C:\ti\simplelink_cc32xx_sdk_7_10_00_13\kernel\nortos\lib\ticlang\m4\</path>
         <kind>archive</kind>
         <file>nortos_cc32xx.a</file>
         <name>ClockPSysTick_nortos.c.obj</name>
      </input_file>
      <input_file id="fl-24">
         <path>C:\ti\simplelink_cc32xx_sdk_7_10_00_13\kernel\nortos\lib\ticlang\m4\</path>
         <kind>archive</kind>
         <file>nortos_cc32xx.a</file>
         <name>HwiPCC32XX_nortos.c.obj</name>
      </input_file>
      <input_file id="fl-25">
         <path>C:\ti\simplelink_cc32xx_sdk_7_10_00_13\kernel\nortos\lib\ticlang\m4\</path>
         <kind>archive</kind>
         <file>nortos_cc32xx.a</file>
         <name>PowerCC32XX_nortos.c.obj</name>
      </input_file>
      <input_file id="fl-26">
         <path>C:\ti\simplelink_cc32xx_sdk_7_10_00_13\kernel\nortos\lib\ticlang\m4\</path>
         <kind>archive</kind>
         <file>nortos_cc32xx.a</file>
         <name>startup_cc32xx_ticlang.c.obj</name>
      </input_file>
      <input_file id="fl-27">
         <path>C:\ti\simplelink_cc32xx_sdk_7_10_00_13\kernel\nortos\lib\ticlang\m4\</path>
         <kind>archive</kind>
         <file>nortos_cc32xx.a</file>
         <name>SwiP_nortos.c.obj</name>
      </input_file>
      <input_file id="fl-28">
         <path>C:\ti\simplelink_cc32xx_sdk_7_10_00_13\source\ti\devices\cc32xx\driverlib\ticlang\Release\</path>
         <kind>archive</kind>
         <file>driverlib.a</file>
         <name>cpu.obj</name>
      </input_file>
      <input_file id="fl-29">
         <path>C:\ti\simplelink_cc32xx_sdk_7_10_00_13\source\ti\devices\cc32xx\driverlib\ticlang\Release\</path>
         <kind>archive</kind>
         <file>driverlib.a</file>
         <name>gpio.obj</name>
      </input_file>
      <input_file id="fl-2a">
         <path>C:\ti\simplelink_cc32xx_sdk_7_10_00_13\source\ti\devices\cc32xx\driverlib\ticlang\Release\</path>
         <kind>archive</kind>
         <file>driverlib.a</file>
         <name>hwspinlock.obj</name>
      </input_file>
      <input_file id="fl-2b">
         <path>C:\ti\simplelink_cc32xx_sdk_7_10_00_13\source\ti\devices\cc32xx\driverlib\ticlang\Release\</path>
         <kind>archive</kind>
         <file>driverlib.a</file>
         <name>i2c.obj</name>
      </input_file>
      <input_file id="fl-2c">
         <path>C:\ti\simplelink_cc32xx_sdk_7_10_00_13\source\ti\devices\cc32xx\driverlib\ticlang\Release\</path>
         <kind>archive</kind>
         <file>driverlib.a</file>
         <name>interrupt.obj</name>
      </input_file>
      <input_file id="fl-2d">
         <path>C:\ti\simplelink_cc32xx_sdk_7_10_00_13\source\ti\devices\cc32xx\driverlib\ticlang\Release\</path>
         <kind>archive</kind>
         <file>driverlib.a</file>
         <name>pin.obj</name>
      </input_file>
      <input_file id="fl-2e">
         <path>C:\ti\simplelink_cc32xx_sdk_7_10_00_13\source\ti\devices\cc32xx\driverlib\ticlang\Release\</path>
         <kind>archive</kind>
         <file>driverlib.a</file>
         <name>prcm.obj</name>
      </input_file>
      <input_file id="fl-2f">
         <path>C:\ti\simplelink_cc32xx_sdk_7_10_00_13\source\ti\devices\cc32xx\driverlib\ticlang\Release\</path>
         <kind>archive</kind>
         <file>driverlib.a</file>
         <name>spi.obj</name>
      </input_file>
      <input_file id="fl-30">
         <path>C:\ti\simplelink_cc32xx_sdk_7_10_00_13\source\ti\devices\cc32xx\driverlib\ticlang\Release\</path>
         <kind>archive</kind>
         <file>driverlib.a</file>
         <name>systick.obj</name>
      </input_file>
      <input_file id="fl-31">
         <path>C:\ti\simplelink_cc32xx_sdk_7_10_00_13\source\ti\devices\cc32xx\driverlib\ticlang\Release\</path>
         <kind>archive</kind>
         <file>driverlib.a</file>
         <name>timer.obj</name>
      </input_file>
      <input_file id="fl-32">
         <path>C:\ti\simplelink_cc32xx_sdk_7_10_00_13\source\ti\devices\cc32xx\driverlib\ticlang\Release\</path>
         <kind>archive</kind>
         <file>driverlib.a</file>
         <name>uart.obj</name>
      </input_file>
      <input_file id="fl-33">
         <path>C:\ti\simplelink_cc32xx_sdk_7_10_00_13\source\ti\devices\cc32xx\driverlib\ticlang\Release\</path>
         <kind>archive</kind>
         <file>driverlib.a</file>
         <name>udma.obj</name>
      </input_file>
      <input_file id="fl-34">
         <path>C:\ti\simplelink_cc32xx_sdk_7_10_00_13\source\ti\devices\cc32xx\driverlib\ticlang\Release\</path>
         <kind>archive</kind>
         <file>driverlib.a</file>
         <name>utils.obj</name>
      </input_file>
      <input_file id="fl-35">
         <path>C:\ti\simplelink_cc32xx_sdk_7_10_00_13\source\ti\devices\cc32xx\driverlib\ticlang\Release\</path>
         <kind>archive</kind>
         <file>driverlib.a</file>
         <name>flash.obj</name>
      </input_file>
      <input_file id="fl-41">
         <path>C:\ti\ccs1230\ccs\tools\compiler\ti-cgt-armllvm_2.1.3.LTS\lib\armv7em-ti-none-eabi\c\</path>
         <kind>archive</kind>
         <file>libc.a</file>
         <name>snprintf.c.obj</name>
      </input_file>
      <input_file id="fl-42">
         <path>C:\ti\ccs1230\ccs\tools\compiler\ti-cgt-armllvm_2.1.3.LTS\lib\armv7em-ti-none-eabi\c\</path>
         <kind>archive</kind>
         <file>libc.a</file>
         <name>memory.c.obj</name>
      </input_file>
      <input_file id="fl-43">
         <path>C:\ti\ccs1230\ccs\tools\compiler\ti-cgt-armllvm_2.1.3.LTS\lib\armv7em-ti-none-eabi\c\</path>
         <kind>archive</kind>
         <file>libc.a</file>
         <name>copy_zero_init.c.obj</name>
      </input_file>
      <input_file id="fl-44">
         <path>C:\ti\ccs1230\ccs\tools\compiler\ti-cgt-armllvm_2.1.3.LTS\lib\armv7em-ti-none-eabi\c\</path>
         <kind>archive</kind>
         <file>libc.a</file>
         <name>copy_decompress_none.c.obj</name>
      </input_file>
      <input_file id="fl-45">
         <path>C:\ti\ccs1230\ccs\tools\compiler\ti-cgt-armllvm_2.1.3.LTS\lib\armv7em-ti-none-eabi\c\</path>
         <kind>archive</kind>
         <file>libc.a</file>
         <name>copy_decompress_lzss.c.obj</name>
      </input_file>
      <input_file id="fl-46">
         <path>C:\ti\ccs1230\ccs\tools\compiler\ti-cgt-armllvm_2.1.3.LTS\lib\armv7em-ti-none-eabi\c\</path>
         <kind>archive</kind>
         <file>libc.a</file>
         <name>boot_cortex_m.c.obj</name>
      </input_file>
      <input_file id="fl-47">
         <path>C:\ti\ccs1230\ccs\tools\compiler\ti-cgt-armllvm_2.1.3.LTS\lib\armv7em-ti-none-eabi\c\</path>
         <kind>archive</kind>
         <file>libc.a</file>
         <name>mathacl_init.c.obj</name>
      </input_file>
      <input_file id="fl-48">
         <path>C:\ti\ccs1230\ccs\tools\compiler\ti-cgt-armllvm_2.1.3.LTS\lib\armv7em-ti-none-eabi\c\</path>
         <kind>archive</kind>
         <file>libc.a</file>
         <name>_printfi.c.obj</name>
      </input_file>
      <input_file id="fl-49">
         <path>C:\ti\ccs1230\ccs\tools\compiler\ti-cgt-armllvm_2.1.3.LTS\lib\armv7em-ti-none-eabi\c\</path>
         <kind>archive</kind>
         <file>libc.a</file>
         <name>s_frexp.c.obj</name>
      </input_file>
      <input_file id="fl-4a">
         <path>C:\ti\ccs1230\ccs\tools\compiler\ti-cgt-armllvm_2.1.3.LTS\lib\armv7em-ti-none-eabi\c\</path>
         <kind>archive</kind>
         <file>libc.a</file>
         <name>s_scalbn.c.obj</name>
      </input_file>
      <input_file id="fl-4b">
         <path>C:\ti\ccs1230\ccs\tools\compiler\ti-cgt-armllvm_2.1.3.LTS\lib\armv7em-ti-none-eabi\c\</path>
         <kind>archive</kind>
         <file>libc.a</file>
         <name>aeabi_portable.c.obj</name>
      </input_file>
      <input_file id="fl-4c">
         <path>C:\ti\ccs1230\ccs\tools\compiler\ti-cgt-armllvm_2.1.3.LTS\lib\armv7em-ti-none-eabi\c\</path>
         <kind>archive</kind>
         <file>libc.a</file>
         <name>exit.c.obj</name>
      </input_file>
      <input_file id="fl-4d">
         <path>C:\ti\ccs1230\ccs\tools\compiler\ti-cgt-armllvm_2.1.3.LTS\lib\armv7em-ti-none-eabi\c\</path>
         <kind>archive</kind>
         <file>libc.a</file>
         <name>_lock.c.obj</name>
      </input_file>
      <input_file id="fl-4e">
         <path>C:\ti\ccs1230\ccs\tools\compiler\ti-cgt-armllvm_2.1.3.LTS\lib\armv7em-ti-none-eabi\c\</path>
         <kind>archive</kind>
         <file>libc.a</file>
         <name>_ltoa.c.obj</name>
      </input_file>
      <input_file id="fl-4f">
         <path>C:\ti\ccs1230\ccs\tools\compiler\ti-cgt-armllvm_2.1.3.LTS\lib\armv7em-ti-none-eabi\c\</path>
         <kind>archive</kind>
         <file>libc.a</file>
         <name>args_main.c.obj</name>
      </input_file>
      <input_file id="fl-50">
         <path>C:\ti\ccs1230\ccs\tools\compiler\ti-cgt-armllvm_2.1.3.LTS\lib\armv7em-ti-none-eabi\c\</path>
         <kind>archive</kind>
         <file>libc.a</file>
         <name>assert.c.obj</name>
      </input_file>
      <input_file id="fl-51">
         <path>C:\ti\ccs1230\ccs\tools\compiler\ti-cgt-armllvm_2.1.3.LTS\lib\armv7em-ti-none-eabi\c\</path>
         <kind>archive</kind>
         <file>libc.a</file>
         <name>atoi.c.obj</name>
      </input_file>
      <input_file id="fl-52">
         <path>C:\ti\ccs1230\ccs\tools\compiler\ti-cgt-armllvm_2.1.3.LTS\lib\armv7em-ti-none-eabi\c\</path>
         <kind>archive</kind>
         <file>libc.a</file>
         <name>defs.c.obj</name>
      </input_file>
      <input_file id="fl-53">
         <path>C:\ti\ccs1230\ccs\tools\compiler\ti-cgt-armllvm_2.1.3.LTS\lib\armv7em-ti-none-eabi\c\</path>
         <kind>archive</kind>
         <file>libc.a</file>
         <name>memccpy.c.obj</name>
      </input_file>
      <input_file id="fl-54">
         <path>C:\ti\ccs1230\ccs\tools\compiler\ti-cgt-armllvm_2.1.3.LTS\lib\armv7em-ti-none-eabi\c\</path>
         <kind>archive</kind>
         <file>libc.a</file>
         <name>autoinit.c.obj</name>
      </input_file>
      <input_file id="fl-55">
         <path>C:\ti\ccs1230\ccs\tools\compiler\ti-cgt-armllvm_2.1.3.LTS\lib\armv7em-ti-none-eabi\c\</path>
         <kind>archive</kind>
         <file>libc.a</file>
         <name>pre_init.c.obj</name>
      </input_file>
      <input_file id="fl-56">
         <path>C:\ti\ccs1230\ccs\tools\compiler\ti-cgt-armllvm_2.1.3.LTS\lib\armv7em-ti-none-eabi\c\</path>
         <kind>archive</kind>
         <file>libc.a</file>
         <name>cpy_tbl.c.obj</name>
      </input_file>
      <input_file id="fl-57">
         <path>C:\ti\ccs1230\ccs\tools\compiler\ti-cgt-armllvm_2.1.3.LTS\lib\armv7em-ti-none-eabi\c\</path>
         <kind>archive</kind>
         <file>libc.a</file>
         <name>wcslen.c.obj</name>
      </input_file>
      <input_file id="fl-58">
         <path>C:\ti\ccs1230\ccs\tools\compiler\ti-cgt-armllvm_2.1.3.LTS\lib\armv7em-ti-none-eabi\c\</path>
         <kind>archive</kind>
         <file>libc.a</file>
         <name>sprintf.c.obj</name>
      </input_file>
      <input_file id="fl-59">
         <path>C:\ti\ccs1230\ccs\tools\compiler\ti-cgt-armllvm_2.1.3.LTS\lib\armv7em-ti-none-eabi\c\</path>
         <kind>archive</kind>
         <file>libc.a</file>
         <name>fflush.c.obj</name>
      </input_file>
      <input_file id="fl-5a">
         <path>C:\ti\ccs1230\ccs\tools\compiler\ti-cgt-armllvm_2.1.3.LTS\lib\armv7em-ti-none-eabi\c\</path>
         <kind>archive</kind>
         <file>libc.a</file>
         <name>fputs.c.obj</name>
      </input_file>
      <input_file id="fl-5b">
         <path>C:\ti\ccs1230\ccs\tools\compiler\ti-cgt-armllvm_2.1.3.LTS\lib\armv7em-ti-none-eabi\c\</path>
         <kind>archive</kind>
         <file>libc.a</file>
         <name>_io_perm.c.obj</name>
      </input_file>
      <input_file id="fl-5c">
         <path>C:\ti\ccs1230\ccs\tools\compiler\ti-cgt-armllvm_2.1.3.LTS\lib\armv7em-ti-none-eabi\c\</path>
         <kind>archive</kind>
         <file>libc.a</file>
         <name>setvbuf.c.obj</name>
      </input_file>
      <input_file id="fl-5d">
         <path>C:\ti\ccs1230\ccs\tools\compiler\ti-cgt-armllvm_2.1.3.LTS\lib\armv7em-ti-none-eabi\c\</path>
         <kind>archive</kind>
         <file>libc.a</file>
         <name>aeabi_ctype.S.obj</name>
      </input_file>
      <input_file id="fl-5e">
         <path>C:\ti\ccs1230\ccs\tools\compiler\ti-cgt-armllvm_2.1.3.LTS\lib\armv7em-ti-none-eabi\c\</path>
         <kind>archive</kind>
         <file>libc.a</file>
         <name>fopen.c.obj</name>
      </input_file>
      <input_file id="fl-5f">
         <path>C:\ti\ccs1230\ccs\tools\compiler\ti-cgt-armllvm_2.1.3.LTS\lib\armv7em-ti-none-eabi\c\</path>
         <kind>archive</kind>
         <file>libc.a</file>
         <name>fseek.c.obj</name>
      </input_file>
      <input_file id="fl-60">
         <path>C:\ti\ccs1230\ccs\tools\compiler\ti-cgt-armllvm_2.1.3.LTS\lib\armv7em-ti-none-eabi\c\</path>
         <kind>archive</kind>
         <file>libc.a</file>
         <name>fclose.c.obj</name>
      </input_file>
      <input_file id="fl-99">
         <path>C:\ti\ccs1230\ccs\tools\compiler\ti-cgt-armllvm_2.1.3.LTS\lib\armv7em-ti-none-eabi\c\</path>
         <kind>archive</kind>
         <file>libsysbm.a</file>
         <name>write.c.obj</name>
      </input_file>
      <input_file id="fl-9a">
         <path>C:\ti\ccs1230\ccs\tools\compiler\ti-cgt-armllvm_2.1.3.LTS\lib\armv7em-ti-none-eabi\c\</path>
         <kind>archive</kind>
         <file>libsysbm.a</file>
         <name>host_device.c.obj</name>
      </input_file>
      <input_file id="fl-9b">
         <path>C:\ti\ccs1230\ccs\tools\compiler\ti-cgt-armllvm_2.1.3.LTS\lib\armv7em-ti-none-eabi\c\</path>
         <kind>archive</kind>
         <file>libsysbm.a</file>
         <name>remove.c.obj</name>
      </input_file>
      <input_file id="fl-9c">
         <path>C:\ti\ccs1230\ccs\tools\compiler\ti-cgt-armllvm_2.1.3.LTS\lib\armv7em-ti-none-eabi\c\</path>
         <kind>archive</kind>
         <file>libsysbm.a</file>
         <name>open.c.obj</name>
      </input_file>
      <input_file id="fl-9d">
         <path>C:\ti\ccs1230\ccs\tools\compiler\ti-cgt-armllvm_2.1.3.LTS\lib\armv7em-ti-none-eabi\c\</path>
         <kind>archive</kind>
         <file>libsysbm.a</file>
         <name>lseek.c.obj</name>
      </input_file>
      <input_file id="fl-9e">
         <path>C:\ti\ccs1230\ccs\tools\compiler\ti-cgt-armllvm_2.1.3.LTS\lib\armv7em-ti-none-eabi\c\</path>
         <kind>archive</kind>
         <file>libsysbm.a</file>
         <name>close.c.obj</name>
      </input_file>
      <input_file id="fl-9f">
         <path>C:\ti\ccs1230\ccs\tools\compiler\ti-cgt-armllvm_2.1.3.LTS\lib\armv7em-ti-none-eabi\c\</path>
         <kind>archive</kind>
         <file>libsysbm.a</file>
         <name>unlink.c.obj</name>
      </input_file>
      <input_file id="fl-a0">
         <path>C:\ti\ccs1230\ccs\tools\compiler\ti-cgt-armllvm_2.1.3.LTS\lib\armv7em-ti-none-eabi\c\</path>
         <kind>archive</kind>
         <file>libsysbm.a</file>
         <name>hostclose.c.obj</name>
      </input_file>
      <input_file id="fl-a1">
         <path>C:\ti\ccs1230\ccs\tools\compiler\ti-cgt-armllvm_2.1.3.LTS\lib\armv7em-ti-none-eabi\c\</path>
         <kind>archive</kind>
         <file>libsysbm.a</file>
         <name>hostlseek.c.obj</name>
      </input_file>
      <input_file id="fl-a2">
         <path>C:\ti\ccs1230\ccs\tools\compiler\ti-cgt-armllvm_2.1.3.LTS\lib\armv7em-ti-none-eabi\c\</path>
         <kind>archive</kind>
         <file>libsysbm.a</file>
         <name>hostopen.c.obj</name>
      </input_file>
      <input_file id="fl-a3">
         <path>C:\ti\ccs1230\ccs\tools\compiler\ti-cgt-armllvm_2.1.3.LTS\lib\armv7em-ti-none-eabi\c\</path>
         <kind>archive</kind>
         <file>libsysbm.a</file>
         <name>hostread.c.obj</name>
      </input_file>
      <input_file id="fl-a4">
         <path>C:\ti\ccs1230\ccs\tools\compiler\ti-cgt-armllvm_2.1.3.LTS\lib\armv7em-ti-none-eabi\c\</path>
         <kind>archive</kind>
         <file>libsysbm.a</file>
         <name>hostrename.c.obj</name>
      </input_file>
      <input_file id="fl-a5">
         <path>C:\ti\ccs1230\ccs\tools\compiler\ti-cgt-armllvm_2.1.3.LTS\lib\armv7em-ti-none-eabi\c\</path>
         <kind>archive</kind>
         <file>libsysbm.a</file>
         <name>hostunlink.c.obj</name>
      </input_file>
      <input_file id="fl-a6">
         <path>C:\ti\ccs1230\ccs\tools\compiler\ti-cgt-armllvm_2.1.3.LTS\lib\armv7em-ti-none-eabi\c\</path>
         <kind>archive</kind>
         <file>libsysbm.a</file>
         <name>hostwrite.c.obj</name>
      </input_file>
      <input_file id="fl-a7">
         <path>C:\ti\ccs1230\ccs\tools\compiler\ti-cgt-armllvm_2.1.3.LTS\lib\armv7em-ti-none-eabi\c\</path>
         <kind>archive</kind>
         <file>libsysbm.a</file>
         <name>trgmsg.c.obj</name>
      </input_file>
      <input_file id="fl-a8">
         <path>C:\ti\ccs1230\ccs\tools\compiler\ti-cgt-armllvm_2.1.3.LTS\lib\clang\14.0.6\lib\armv7em-ti-none-eabi\</path>
         <kind>archive</kind>
         <file>libclang_rt.builtins.a</file>
         <name>adddf3.S.obj</name>
      </input_file>
      <input_file id="fl-a9">
         <path>C:\ti\ccs1230\ccs\tools\compiler\ti-cgt-armllvm_2.1.3.LTS\lib\clang\14.0.6\lib\armv7em-ti-none-eabi\</path>
         <kind>archive</kind>
         <file>libclang_rt.builtins.a</file>
         <name>muldf3.S.obj</name>
      </input_file>
      <input_file id="fl-aa">
         <path>C:\ti\ccs1230\ccs\tools\compiler\ti-cgt-armllvm_2.1.3.LTS\lib\clang\14.0.6\lib\armv7em-ti-none-eabi\</path>
         <kind>archive</kind>
         <file>libclang_rt.builtins.a</file>
         <name>divdf3.S.obj</name>
      </input_file>
      <input_file id="fl-ab">
         <path>C:\ti\ccs1230\ccs\tools\compiler\ti-cgt-armllvm_2.1.3.LTS\lib\clang\14.0.6\lib\armv7em-ti-none-eabi\</path>
         <kind>archive</kind>
         <file>libclang_rt.builtins.a</file>
         <name>fixdfsi.S.obj</name>
      </input_file>
      <input_file id="fl-ac">
         <path>C:\ti\ccs1230\ccs\tools\compiler\ti-cgt-armllvm_2.1.3.LTS\lib\clang\14.0.6\lib\armv7em-ti-none-eabi\</path>
         <kind>archive</kind>
         <file>libclang_rt.builtins.a</file>
         <name>floatsidf.S.obj</name>
      </input_file>
      <input_file id="fl-ad">
         <path>C:\ti\ccs1230\ccs\tools\compiler\ti-cgt-armllvm_2.1.3.LTS\lib\clang\14.0.6\lib\armv7em-ti-none-eabi\</path>
         <kind>archive</kind>
         <file>libclang_rt.builtins.a</file>
         <name>aeabi_dcmp.S.obj</name>
      </input_file>
      <input_file id="fl-ae">
         <path>C:\ti\ccs1230\ccs\tools\compiler\ti-cgt-armllvm_2.1.3.LTS\lib\clang\14.0.6\lib\armv7em-ti-none-eabi\</path>
         <kind>archive</kind>
         <file>libclang_rt.builtins.a</file>
         <name>aeabi_memcpy.S.obj</name>
      </input_file>
      <input_file id="fl-af">
         <path>C:\ti\ccs1230\ccs\tools\compiler\ti-cgt-armllvm_2.1.3.LTS\lib\clang\14.0.6\lib\armv7em-ti-none-eabi\</path>
         <kind>archive</kind>
         <file>libclang_rt.builtins.a</file>
         <name>aeabi_memset.S.obj</name>
      </input_file>
      <input_file id="fl-b0">
         <path>C:\ti\ccs1230\ccs\tools\compiler\ti-cgt-armllvm_2.1.3.LTS\lib\clang\14.0.6\lib\armv7em-ti-none-eabi\</path>
         <kind>archive</kind>
         <file>libclang_rt.builtins.a</file>
         <name>aeabi_uldivmod.S.obj</name>
      </input_file>
      <input_file id="fl-b1">
         <path>C:\ti\ccs1230\ccs\tools\compiler\ti-cgt-armllvm_2.1.3.LTS\lib\clang\14.0.6\lib\armv7em-ti-none-eabi\</path>
         <kind>archive</kind>
         <file>libclang_rt.builtins.a</file>
         <name>udivmoddi4.S.obj</name>
      </input_file>
      <input_file id="fl-b2">
         <path>C:\ti\ccs1230\ccs\tools\compiler\ti-cgt-armllvm_2.1.3.LTS\lib\clang\14.0.6\lib\armv7em-ti-none-eabi\</path>
         <kind>archive</kind>
         <file>libclang_rt.builtins.a</file>
         <name>comparedf2.c.obj</name>
      </input_file>
      <input_file id="fl-b3">
         <path>C:\ti\ccs1230\ccs\tools\compiler\ti-cgt-armllvm_2.1.3.LTS\lib\clang\14.0.6\lib\armv7em-ti-none-eabi\</path>
         <kind>archive</kind>
         <file>libclang_rt.builtins.a</file>
         <name>aeabi_div0.c.obj</name>
      </input_file>
      <input_file id="fl-b4">
         <path>C:\ti\ccs1230\ccs\tools\compiler\ti-cgt-armllvm_2.1.3.LTS\lib\armv7em-ti-none-eabi\c\</path>
         <kind>archive</kind>
         <file>libc.a</file>
         <name>getdevice.c.obj</name>
      </input_file>
      <input_file id="fl-b5">
         <path>C:\ti\ccs1230\ccs\tools\compiler\ti-cgt-armllvm_2.1.3.LTS\lib\armv7em-ti-none-eabi\c\</path>
         <kind>archive</kind>
         <file>libc.a</file>
         <name>memcpy_t2.S.obj</name>
      </input_file>
      <input_file id="fl-b6">
         <path>C:\ti\ccs1230\ccs\tools\compiler\ti-cgt-armllvm_2.1.3.LTS\lib\armv7em-ti-none-eabi\c\</path>
         <kind>archive</kind>
         <file>libc.a</file>
         <name>memset_t2.S.obj</name>
      </input_file>
   </input_file_list>
   <object_component_list>
      <object_component id="oc-29d">
         <name>.text:__TI_printfi_nofloat</name>
         <load_address>0x1000840</load_address>
         <run_address>0x1000840</run_address>
         <size>0x844</size>
         <input_file_ref idref="fl-48"/>
      </object_component>
      <object_component id="oc-c9">
         <name>.text.PRCMCC3200MCUInit</name>
         <load_address>0x1001084</load_address>
         <run_address>0x1001084</run_address>
         <size>0x4b8</size>
         <input_file_ref idref="fl-2e"/>
      </object_component>
      <object_component id="oc-22d">
         <name>.text.Power_sleep</name>
         <load_address>0x100153c</load_address>
         <run_address>0x100153c</run_address>
         <size>0x3e4</size>
         <input_file_ref idref="fl-18"/>
      </object_component>
      <object_component id="oc-1d8">
         <name>.text.UART2CC32XX_hwiIntFxn</name>
         <load_address>0x1001920</load_address>
         <run_address>0x1001920</run_address>
         <size>0x222</size>
         <input_file_ref idref="fl-1d"/>
      </object_component>
      <object_component id="oc-d9">
         <name>.text.Board_initHook</name>
         <load_address>0x1001b42</load_address>
         <run_address>0x1001b42</run_address>
         <size>0x2</size>
         <input_file_ref idref="fl-2"/>
      </object_component>
      <object_component id="oc-130">
         <name>.text.UART2_open</name>
         <load_address>0x1001b44</load_address>
         <run_address>0x1001b44</run_address>
         <size>0x1cc</size>
         <input_file_ref idref="fl-1d"/>
      </object_component>
      <object_component id="oc-e6">
         <name>.text.initI2C</name>
         <load_address>0x1001d10</load_address>
         <run_address>0x1001d10</run_address>
         <size>0x178</size>
         <input_file_ref idref="fl-1"/>
      </object_component>
      <object_component id="oc-283">
         <name>.text.UART2_writeTimeoutBlocking</name>
         <load_address>0x1001e88</load_address>
         <run_address>0x1001e88</run_address>
         <size>0x174</size>
         <input_file_ref idref="fl-1c"/>
      </object_component>
      <object_component id="oc-190">
         <name>.text.PowerCC32XX_sleepPolicy</name>
         <load_address>0x1001ffc</load_address>
         <run_address>0x1001ffc</run_address>
         <size>0x150</size>
         <input_file_ref idref="fl-25"/>
      </object_component>
      <object_component id="oc-15d">
         <name>.text.Timer_open</name>
         <load_address>0x100214c</load_address>
         <run_address>0x100214c</run_address>
         <size>0x148</size>
         <input_file_ref idref="fl-1b"/>
      </object_component>
      <object_component id="oc-11d">
         <name>.text.GPIO_setConfig</name>
         <load_address>0x1002294</load_address>
         <run_address>0x1002294</run_address>
         <size>0x140</size>
         <input_file_ref idref="fl-15"/>
      </object_component>
      <object_component id="oc-1e9">
         <name>.text.I2CCC32XX_hwiFxn</name>
         <load_address>0x10023d4</load_address>
         <run_address>0x10023d4</run_address>
         <size>0x138</size>
         <input_file_ref idref="fl-17"/>
      </object_component>
      <object_component id="oc-1f2">
         <name>.text.I2C_transferTimeout</name>
         <load_address>0x100250c</load_address>
         <run_address>0x100250c</run_address>
         <size>0x126</size>
         <input_file_ref idref="fl-16"/>
      </object_component>
      <object_component id="oc-139">
         <name>.text.I2C_init</name>
         <load_address>0x1002632</load_address>
         <run_address>0x1002632</run_address>
         <size>0x2</size>
         <input_file_ref idref="fl-16"/>
      </object_component>
      <object_component id="oc-2d9">
         <name>.text.aligned_alloc</name>
         <load_address>0x1002634</load_address>
         <run_address>0x1002634</run_address>
         <size>0x120</size>
         <input_file_ref idref="fl-42"/>
      </object_component>
      <object_component id="oc-282">
         <name>.text.UART2_writeTimeoutNonblocking</name>
         <load_address>0x1002754</load_address>
         <run_address>0x1002754</run_address>
         <size>0x11a</size>
         <input_file_ref idref="fl-1c"/>
      </object_component>
      <object_component id="oc-2f4">
         <name>.text.uDMAChannelTransferSet</name>
         <load_address>0x100286e</load_address>
         <run_address>0x100286e</run_address>
         <size>0x112</size>
         <input_file_ref idref="fl-33"/>
      </object_component>
      <object_component id="oc-20c">
         <name>.text</name>
         <load_address>0x1002980</load_address>
         <run_address>0x1002980</run_address>
         <size>0xfc</size>
         <input_file_ref idref="fl-a9"/>
      </object_component>
      <object_component id="oc-197">
         <name>.text.free</name>
         <load_address>0x1002a7c</load_address>
         <run_address>0x1002a7c</run_address>
         <size>0xf8</size>
         <input_file_ref idref="fl-42"/>
      </object_component>
      <object_component id="oc-13f">
         <name>.text.I2C_open</name>
         <load_address>0x1002b74</load_address>
         <run_address>0x1002b74</run_address>
         <size>0xe8</size>
         <input_file_ref idref="fl-17"/>
      </object_component>
      <object_component id="oc-1d3">
         <name>.text.UART2_close</name>
         <load_address>0x1002c5c</load_address>
         <run_address>0x1002c5c</run_address>
         <size>0xe8</size>
         <input_file_ref idref="fl-1d"/>
      </object_component>
      <object_component id="oc-27e">
         <name>.text.UART2Support_dmaStartRx</name>
         <load_address>0x1002d44</load_address>
         <run_address>0x1002d44</run_address>
         <size>0xcc</size>
         <input_file_ref idref="fl-1d"/>
      </object_component>
      <object_component id="oc-2e7">
         <name>.text.IntDisable</name>
         <load_address>0x1002e10</load_address>
         <run_address>0x1002e10</run_address>
         <size>0xc8</size>
         <input_file_ref idref="fl-2c"/>
      </object_component>
      <object_component id="oc-267">
         <name>.text.IntEnable</name>
         <load_address>0x1002ed8</load_address>
         <run_address>0x1002ed8</run_address>
         <size>0xc8</size>
         <input_file_ref idref="fl-2c"/>
      </object_component>
      <object_component id="oc-1cf">
         <name>.text.UART2CC32XX_initHw</name>
         <load_address>0x1002fa0</load_address>
         <run_address>0x1002fa0</run_address>
         <size>0xc4</size>
         <input_file_ref idref="fl-1d"/>
      </object_component>
      <object_component id="oc-281">
         <name>.text.UART2Support_dmaStartTx</name>
         <load_address>0x1003064</load_address>
         <run_address>0x1003064</run_address>
         <size>0xb8</size>
         <input_file_ref idref="fl-1d"/>
      </object_component>
      <object_component id="oc-2c0">
         <name>.text</name>
         <load_address>0x100311c</load_address>
         <run_address>0x100311c</run_address>
         <size>0xb0</size>
         <input_file_ref idref="fl-b1"/>
      </object_component>
      <object_component id="oc-23f">
         <name>.text.GPIOIntTypeSet</name>
         <load_address>0x10031cc</load_address>
         <run_address>0x10031cc</run_address>
         <size>0xac</size>
         <input_file_ref idref="fl-29"/>
      </object_component>
      <object_component id="oc-338">
         <name>.text.IntPendSet</name>
         <load_address>0x1003278</load_address>
         <run_address>0x1003278</run_address>
         <size>0xa4</size>
         <input_file_ref idref="fl-2c"/>
      </object_component>
      <object_component id="oc-19f">
         <name>.text.PinConfigSet</name>
         <load_address>0x100331c</load_address>
         <run_address>0x100331c</run_address>
         <size>0xa2</size>
         <input_file_ref idref="fl-2d"/>
      </object_component>
      <object_component id="oc-296">
         <name>.text.I2CCC32XX_completeTransfer</name>
         <load_address>0x10033be</load_address>
         <run_address>0x10033be</run_address>
         <size>0x9c</size>
         <input_file_ref idref="fl-17"/>
      </object_component>
      <object_component id="oc-18b">
         <name>.text.PowerCC32XX_initPolicy</name>
         <load_address>0x100345a</load_address>
         <run_address>0x100345a</run_address>
         <size>0x2</size>
         <input_file_ref idref="fl-25"/>
      </object_component>
      <object_component id="oc-16f">
         <name>.text.readTemp</name>
         <load_address>0x100345c</load_address>
         <run_address>0x100345c</run_address>
         <size>0x9c</size>
         <input_file_ref idref="fl-1"/>
      </object_component>
      <object_component id="oc-287">
         <name>.text.I2CMasterInitExpClk</name>
         <load_address>0x10034f8</load_address>
         <run_address>0x10034f8</run_address>
         <size>0x98</size>
         <input_file_ref idref="fl-2b"/>
      </object_component>
      <object_component id="oc-11c">
         <name>.text.SemaphoreP_pend</name>
         <load_address>0x1003590</load_address>
         <run_address>0x1003590</run_address>
         <size>0x98</size>
         <input_file_ref idref="fl-22"/>
      </object_component>
      <object_component id="oc-119">
         <name>.text.HwiP_disable</name>
         <load_address>0x1003628</load_address>
         <run_address>0x1003628</run_address>
         <size>0x8</size>
         <input_file_ref idref="fl-24"/>
      </object_component>
      <object_component id="oc-2cc">
         <name>.text</name>
         <load_address>0x1003630</load_address>
         <run_address>0x1003630</run_address>
         <size>0x96</size>
         <input_file_ref idref="fl-19"/>
      </object_component>
      <object_component id="oc-260">
         <name>.text.uDMAChannelAttributeDisable</name>
         <load_address>0x10036c6</load_address>
         <run_address>0x10036c6</run_address>
         <size>0x92</size>
         <input_file_ref idref="fl-33"/>
      </object_component>
      <object_component id="oc-d3">
         <name>.text.GPIO_init</name>
         <load_address>0x1003758</load_address>
         <run_address>0x1003758</run_address>
         <size>0x90</size>
         <input_file_ref idref="fl-15"/>
      </object_component>
      <object_component id="oc-fb">
         <name>.text.PRCMSysResetCauseGet</name>
         <load_address>0x10037e8</load_address>
         <run_address>0x10037e8</run_address>
         <size>0x8e</size>
         <input_file_ref idref="fl-2e"/>
      </object_component>
      <object_component id="oc-270">
         <name>.text.SemaphoreP_destruct</name>
         <load_address>0x1003876</load_address>
         <run_address>0x1003876</run_address>
         <size>0x2</size>
         <input_file_ref idref="fl-22"/>
      </object_component>
      <object_component id="oc-175">
         <name>.text.buttonStateMachine</name>
         <load_address>0x1003878</load_address>
         <run_address>0x1003878</run_address>
         <size>0x8c</size>
         <input_file_ref idref="fl-1"/>
      </object_component>
      <object_component id="oc-10d">
         <name>.text.PowerCC32XX_configureWakeup</name>
         <load_address>0x1003904</load_address>
         <run_address>0x1003904</run_address>
         <size>0x88</size>
         <input_file_ref idref="fl-18"/>
      </object_component>
      <object_component id="oc-293">
         <name>.text.I2CCC32XX_primeReadBurst</name>
         <load_address>0x100398c</load_address>
         <run_address>0x100398c</run_address>
         <size>0x7a</size>
         <input_file_ref idref="fl-17"/>
      </object_component>
      <object_component id="oc-156">
         <name>.text.Timer_init</name>
         <load_address>0x1003a06</load_address>
         <run_address>0x1003a06</run_address>
         <size>0x2</size>
         <input_file_ref idref="fl-1a"/>
      </object_component>
      <object_component id="oc-ce">
         <name>.text.Power_init</name>
         <load_address>0x1003a08</load_address>
         <run_address>0x1003a08</run_address>
         <size>0x78</size>
         <input_file_ref idref="fl-18"/>
      </object_component>
      <object_component id="oc-1d1">
         <name>.text.HwiP_construct</name>
         <load_address>0x1003a80</load_address>
         <run_address>0x1003a80</run_address>
         <size>0x74</size>
         <input_file_ref idref="fl-24"/>
      </object_component>
      <object_component id="oc-188">
         <name>.text.PRCMHibernateWakeUpGPIOSelect</name>
         <load_address>0x1003af4</load_address>
         <run_address>0x1003af4</run_address>
         <size>0x74</size>
         <input_file_ref idref="fl-2e"/>
      </object_component>
      <object_component id="oc-255">
         <name>.text.UARTConfigSetExpClk</name>
         <load_address>0x1003b68</load_address>
         <run_address>0x1003b68</run_address>
         <size>0x74</size>
         <input_file_ref idref="fl-32"/>
      </object_component>
      <object_component id="oc-2ca">
         <name>.text.PinLockLevelSet</name>
         <load_address>0x1003bdc</load_address>
         <run_address>0x1003bdc</run_address>
         <size>0x6c</size>
         <input_file_ref idref="fl-2d"/>
      </object_component>
      <object_component id="oc-1a0">
         <name>.text.Power_setDependency</name>
         <load_address>0x1003c48</load_address>
         <run_address>0x1003c48</run_address>
         <size>0x6c</size>
         <input_file_ref idref="fl-18"/>
      </object_component>
      <object_component id="oc-1cd">
         <name>.text.UDMACC32XX_open</name>
         <load_address>0x1003cb4</load_address>
         <run_address>0x1003cb4</run_address>
         <size>0x6c</size>
         <input_file_ref idref="fl-20"/>
      </object_component>
      <object_component id="oc-124">
         <name>.text.powerNotifyFxn</name>
         <load_address>0x1003d20</load_address>
         <run_address>0x1003d20</run_address>
         <size>0x6c</size>
         <input_file_ref idref="fl-15"/>
      </object_component>
      <object_component id="oc-339">
         <name>.text.split</name>
         <load_address>0x1003d8c</load_address>
         <run_address>0x1003d8c</run_address>
         <size>0x6c</size>
         <input_file_ref idref="fl-42"/>
      </object_component>
      <object_component id="oc-103">
         <name>.text.PRCMPeripheralReset</name>
         <load_address>0x1003df8</load_address>
         <run_address>0x1003df8</run_address>
         <size>0x6a</size>
         <input_file_ref idref="fl-2e"/>
      </object_component>
      <object_component id="oc-19">
         <name>.text:decompress:lzss</name>
         <load_address>0x1003e62</load_address>
         <run_address>0x1003e62</run_address>
         <size>0x6a</size>
         <input_file_ref idref="fl-45"/>
      </object_component>
      <object_component id="oc-1e4">
         <name>.text.I2CCC32XX_initHw</name>
         <load_address>0x1003ecc</load_address>
         <run_address>0x1003ecc</run_address>
         <size>0x68</size>
         <input_file_ref idref="fl-17"/>
      </object_component>
      <object_component id="oc-264">
         <name>.text.IntPendClear</name>
         <load_address>0x1003f34</load_address>
         <run_address>0x1003f34</run_address>
         <size>0x68</size>
         <input_file_ref idref="fl-2c"/>
      </object_component>
      <object_component id="oc-294">
         <name>.text.I2CCC32XX_primeWriteBurst</name>
         <load_address>0x1003f9c</load_address>
         <run_address>0x1003f9c</run_address>
         <size>0x66</size>
         <input_file_ref idref="fl-17"/>
      </object_component>
      <object_component id="oc-1d6">
         <name>.text.UART2CC32XX_eventCallback</name>
         <load_address>0x1004002</load_address>
         <run_address>0x1004002</run_address>
         <size>0x2</size>
         <input_file_ref idref="fl-1d"/>
      </object_component>
      <object_component id="oc-166">
         <name>.text.GPIO_write</name>
         <load_address>0x1004004</load_address>
         <run_address>0x1004004</run_address>
         <size>0x60</size>
         <input_file_ref idref="fl-15"/>
      </object_component>
      <object_component id="oc-280">
         <name>.text.UART2Support_dmaStopTx</name>
         <load_address>0x1004064</load_address>
         <run_address>0x1004064</run_address>
         <size>0x60</size>
         <input_file_ref idref="fl-1d"/>
      </object_component>
      <object_component id="oc-173">
         <name>.text.outputToServer</name>
         <load_address>0x10040c4</load_address>
         <run_address>0x10040c4</run_address>
         <size>0x60</size>
         <input_file_ref idref="fl-1"/>
      </object_component>
      <object_component id="oc-333">
         <name>.text.FlashDisable</name>
         <load_address>0x1004124</load_address>
         <run_address>0x1004124</run_address>
         <size>0x5c</size>
         <input_file_ref idref="fl-35"/>
      </object_component>
      <object_component id="oc-2a1">
         <name>.text.I2CSupport_primeTransfer</name>
         <load_address>0x1004180</load_address>
         <run_address>0x1004180</run_address>
         <size>0x5c</size>
         <input_file_ref idref="fl-17"/>
      </object_component>
      <object_component id="oc-18a">
         <name>.text.PRCMHibernateWakeupSourceDisable</name>
         <load_address>0x10041dc</load_address>
         <run_address>0x10041dc</run_address>
         <size>0x5c</size>
         <input_file_ref idref="fl-2e"/>
      </object_component>
      <object_component id="oc-1f6">
         <name>.text.TimerCC32XX_allocateTimerResource</name>
         <load_address>0x1004238</load_address>
         <run_address>0x1004238</run_address>
         <size>0x5c</size>
         <input_file_ref idref="fl-1b"/>
      </object_component>
      <object_component id="oc-102">
         <name>.text.PRCMPeripheralClkEnable</name>
         <load_address>0x1004294</load_address>
         <run_address>0x1004294</run_address>
         <size>0x5a</size>
         <input_file_ref idref="fl-2e"/>
      </object_component>
      <object_component id="oc-327">
         <name>.text.__aeabi_ldiv0</name>
         <load_address>0x10042ee</load_address>
         <run_address>0x10042ee</run_address>
         <size>0x2</size>
         <input_file_ref idref="fl-b3"/>
      </object_component>
      <object_component id="oc-2be">
         <name>.text.ClockP_startup</name>
         <load_address>0x10042f0</load_address>
         <run_address>0x10042f0</run_address>
         <size>0x58</size>
         <input_file_ref idref="fl-23"/>
      </object_component>
      <object_component id="oc-266">
         <name>.text.IntPrioritySet</name>
         <load_address>0x1004348</load_address>
         <run_address>0x1004348</run_address>
         <size>0x58</size>
         <input_file_ref idref="fl-2c"/>
      </object_component>
      <object_component id="oc-2d6">
         <name>.text.PRCMLPDSEnter</name>
         <load_address>0x10043a0</load_address>
         <run_address>0x10043a0</run_address>
         <size>0x56</size>
         <input_file_ref idref="fl-2e"/>
      </object_component>
      <object_component id="oc-176">
         <name>.text._nop</name>
         <load_address>0x10043f6</load_address>
         <run_address>0x10043f6</run_address>
         <size>0x2</size>
         <input_file_ref idref="fl-4d"/>
      </object_component>
      <object_component id="oc-1b9">
         <name>.text.PowerCC32XX_setParkState</name>
         <load_address>0x10043f8</load_address>
         <run_address>0x10043f8</run_address>
         <size>0x54</size>
         <input_file_ref idref="fl-18"/>
      </object_component>
      <object_component id="oc-273">
         <name>.text.Power_releaseDependency</name>
         <load_address>0x100444c</load_address>
         <run_address>0x100444c</run_address>
         <size>0x54</size>
         <input_file_ref idref="fl-18"/>
      </object_component>
      <object_component id="oc-1ad">
         <name>.text.GPIO_hwiIntFxn</name>
         <load_address>0x10044a0</load_address>
         <run_address>0x10044a0</run_address>
         <size>0x50</size>
         <input_file_ref idref="fl-15"/>
      </object_component>
      <object_component id="oc-189">
         <name>.text.PRCMHibernateWakeupSourceEnable</name>
         <load_address>0x10044f0</load_address>
         <run_address>0x10044f0</run_address>
         <size>0x50</size>
         <input_file_ref idref="fl-2e"/>
      </object_component>
      <object_component id="oc-237">
         <name>.text.SemaphoreP_construct</name>
         <load_address>0x1004540</load_address>
         <run_address>0x1004540</run_address>
         <size>0x50</size>
         <input_file_ref idref="fl-22"/>
      </object_component>
      <object_component id="oc-e8">
         <name>.text.setGPIO</name>
         <load_address>0x1004590</load_address>
         <run_address>0x1004590</run_address>
         <size>0x50</size>
         <input_file_ref idref="fl-1"/>
      </object_component>
      <object_component id="oc-25f">
         <name>.text.uDMAChannelAssign</name>
         <load_address>0x10045e0</load_address>
         <run_address>0x10045e0</run_address>
         <size>0x4e</size>
         <input_file_ref idref="fl-33"/>
      </object_component>
      <object_component id="oc-4f">
         <name>.text.busFaultHandler</name>
         <load_address>0x100462e</load_address>
         <run_address>0x100462e</run_address>
         <size>0x2</size>
         <input_file_ref idref="fl-26"/>
      </object_component>
      <object_component id="oc-1a9">
         <name>.text.GPIO_setInterruptConfig</name>
         <load_address>0x1004630</load_address>
         <run_address>0x1004630</run_address>
         <size>0x4c</size>
         <input_file_ref idref="fl-15"/>
      </object_component>
      <object_component id="oc-331">
         <name>.text.PRCMLPDSRestoreInfoSet</name>
         <load_address>0x100467c</load_address>
         <run_address>0x100467c</run_address>
         <size>0x4c</size>
         <input_file_ref idref="fl-2e"/>
      </object_component>
      <object_component id="oc-ea">
         <name>.text.createTasks</name>
         <load_address>0x10046c8</load_address>
         <run_address>0x10046c8</run_address>
         <size>0x4c</size>
         <input_file_ref idref="fl-1"/>
      </object_component>
      <object_component id="oc-1fa">
         <name>.text.initHw</name>
         <load_address>0x1004714</load_address>
         <run_address>0x1004714</run_address>
         <size>0x4c</size>
         <input_file_ref idref="fl-1b"/>
      </object_component>
      <object_component id="oc-27c">
         <name>.text.UART2Support_dmaStopRx</name>
         <load_address>0x1004760</load_address>
         <run_address>0x1004760</run_address>
         <size>0x4a</size>
         <input_file_ref idref="fl-1d"/>
      </object_component>
      <object_component id="oc-1f9">
         <name>.text.getPrescaler</name>
         <load_address>0x10047aa</load_address>
         <run_address>0x10047aa</run_address>
         <size>0x4a</size>
         <input_file_ref idref="fl-1b"/>
      </object_component>
      <object_component id="oc-2ee">
         <name>.text.uDMAChannelSizeGet</name>
         <load_address>0x10047f4</load_address>
         <run_address>0x10047f4</run_address>
         <size>0x4a</size>
         <input_file_ref idref="fl-33"/>
      </object_component>
      <object_component id="oc-19e">
         <name>.text.clkFxn</name>
         <load_address>0x100483e</load_address>
         <run_address>0x100483e</run_address>
         <size>0x2</size>
         <input_file_ref idref="fl-22"/>
      </object_component>
      <object_component id="oc-50">
         <name>.text.ClockP_sysTickHandler</name>
         <load_address>0x1004840</load_address>
         <run_address>0x1004840</run_address>
         <size>0x48</size>
         <input_file_ref idref="fl-23"/>
      </object_component>
      <object_component id="oc-2d0">
         <name>.text.PRCMIntEnable</name>
         <load_address>0x1004888</load_address>
         <run_address>0x1004888</run_address>
         <size>0x48</size>
         <input_file_ref idref="fl-2e"/>
      </object_component>
      <object_component id="oc-23c">
         <name>.text.PRCMPeripheralStatusGet</name>
         <load_address>0x10048d0</load_address>
         <run_address>0x10048d0</run_address>
         <size>0x48</size>
         <input_file_ref idref="fl-2e"/>
      </object_component>
      <object_component id="oc-32e">
         <name>.text.PinConfigGet</name>
         <load_address>0x1004918</load_address>
         <run_address>0x1004918</run_address>
         <size>0x48</size>
         <input_file_ref idref="fl-2d"/>
      </object_component>
      <object_component id="oc-30c">
         <name>.text.atoi</name>
         <load_address>0x1004960</load_address>
         <run_address>0x1004960</run_address>
         <size>0x48</size>
         <input_file_ref idref="fl-51"/>
      </object_component>
      <object_component id="oc-174">
         <name>.text.heaterStateMachine</name>
         <load_address>0x10049a8</load_address>
         <run_address>0x10049a8</run_address>
         <size>0x48</size>
         <input_file_ref idref="fl-1"/>
      </object_component>
      <object_component id="oc-210">
         <name>.text</name>
         <load_address>0x10049f0</load_address>
         <run_address>0x10049f0</run_address>
         <size>0x48</size>
         <input_file_ref idref="fl-ab"/>
      </object_component>
      <object_component id="oc-292">
         <name>.text.I2CCC32XX_fillTransmitFifo</name>
         <load_address>0x1004a38</load_address>
         <run_address>0x1004a38</run_address>
         <size>0x46</size>
         <input_file_ref idref="fl-17"/>
      </object_component>
      <object_component id="oc-2d5">
         <name>.text.PRCMLPDSEnterKeepDebugIf</name>
         <load_address>0x1004a7e</load_address>
         <run_address>0x1004a7e</run_address>
         <size>0x46</size>
         <input_file_ref idref="fl-2e"/>
      </object_component>
      <object_component id="oc-2ec">
         <name>.text.RingBuf_put</name>
         <load_address>0x1004ac4</load_address>
         <run_address>0x1004ac4</run_address>
         <size>0x46</size>
         <input_file_ref idref="fl-1f"/>
      </object_component>
      <object_component id="oc-1a3">
         <name>.text.GPIODirModeSet</name>
         <load_address>0x1004b0a</load_address>
         <run_address>0x1004b0a</run_address>
         <size>0x44</size>
         <input_file_ref idref="fl-29"/>
      </object_component>
      <object_component id="oc-4e">
         <name>.text.defaultHandler</name>
         <load_address>0x1004b4e</load_address>
         <run_address>0x1004b4e</run_address>
         <size>0x2</size>
         <input_file_ref idref="fl-26"/>
      </object_component>
      <object_component id="oc-240">
         <name>.text.GPIO_disableInt</name>
         <load_address>0x1004b50</load_address>
         <run_address>0x1004b50</run_address>
         <size>0x44</size>
         <input_file_ref idref="fl-15"/>
      </object_component>
      <object_component id="oc-16c">
         <name>.text.GPIO_enableInt</name>
         <load_address>0x1004b94</load_address>
         <run_address>0x1004b94</run_address>
         <size>0x44</size>
         <input_file_ref idref="fl-15"/>
      </object_component>
      <object_component id="oc-27f">
         <name>.text.Power_releaseConstraint</name>
         <load_address>0x1004bd8</load_address>
         <run_address>0x1004bd8</run_address>
         <size>0x44</size>
         <input_file_ref idref="fl-18"/>
      </object_component>
      <object_component id="oc-163">
         <name>.text.Timer_start</name>
         <load_address>0x1004c1c</load_address>
         <run_address>0x1004c1c</run_address>
         <size>0x44</size>
         <input_file_ref idref="fl-1a"/>
      </object_component>
      <object_component id="oc-74">
         <name>.text.addToList</name>
         <load_address>0x1004c60</load_address>
         <run_address>0x1004c60</run_address>
         <size>0x44</size>
         <input_file_ref idref="fl-23"/>
      </object_component>
      <object_component id="oc-e7">
         <name>.text.initTimer</name>
         <load_address>0x1004ca4</load_address>
         <run_address>0x1004ca4</run_address>
         <size>0x44</size>
         <input_file_ref idref="fl-1"/>
      </object_component>
      <object_component id="oc-146">
         <name>.text.snprintf</name>
         <load_address>0x1004ce8</load_address>
         <run_address>0x1004ce8</run_address>
         <size>0x44</size>
         <input_file_ref idref="fl-41"/>
      </object_component>
      <object_component id="oc-10a">
         <name>.text.PinModeSet</name>
         <load_address>0x1004d2c</load_address>
         <run_address>0x1004d2c</run_address>
         <size>0x42</size>
         <input_file_ref idref="fl-2d"/>
      </object_component>
      <object_component id="oc-2b1">
         <name>.text.TimerControlStall</name>
         <load_address>0x1004d6e</load_address>
         <run_address>0x1004d6e</run_address>
         <size>0x42</size>
         <input_file_ref idref="fl-31"/>
      </object_component>
      <object_component id="oc-1f8">
         <name>.text.Timer_close</name>
         <load_address>0x1004db0</load_address>
         <run_address>0x1004db0</run_address>
         <size>0x42</size>
         <input_file_ref idref="fl-1b"/>
      </object_component>
      <object_component id="oc-222">
         <name>.text.getCountsRTC</name>
         <load_address>0x1004df2</load_address>
         <run_address>0x1004df2</run_address>
         <size>0x42</size>
         <input_file_ref idref="fl-25"/>
      </object_component>
      <object_component id="oc-11f">
         <name>.text.SemaphoreP_post</name>
         <load_address>0x1004e34</load_address>
         <run_address>0x1004e34</run_address>
         <size>0x40</size>
         <input_file_ref idref="fl-22"/>
      </object_component>
      <object_component id="oc-2a7">
         <name>.text.Timer_stop</name>
         <load_address>0x1004e74</load_address>
         <run_address>0x1004e74</run_address>
         <size>0x40</size>
         <input_file_ref idref="fl-1a"/>
      </object_component>
      <object_component id="oc-2f3">
         <name>.text.uDMAChannelControlSet</name>
         <load_address>0x1004eb4</load_address>
         <run_address>0x1004eb4</run_address>
         <size>0x40</size>
         <input_file_ref idref="fl-33"/>
      </object_component>
      <object_component id="oc-330">
         <name>.text.PinDirModeSet</name>
         <load_address>0x1004ef4</load_address>
         <run_address>0x1004ef4</run_address>
         <size>0x3e</size>
         <input_file_ref idref="fl-2d"/>
      </object_component>
      <object_component id="oc-4d">
         <name>.text.faultISR</name>
         <load_address>0x1004f32</load_address>
         <run_address>0x1004f32</run_address>
         <size>0x2</size>
         <input_file_ref idref="fl-26"/>
      </object_component>
      <object_component id="oc-23b">
         <name>.text.ClockP_stop</name>
         <load_address>0x1004f34</load_address>
         <run_address>0x1004f34</run_address>
         <size>0x3c</size>
         <input_file_ref idref="fl-23"/>
      </object_component>
      <object_component id="oc-1c8">
         <name>.text.UDMACC32XX_init</name>
         <load_address>0x1004f70</load_address>
         <run_address>0x1004f70</run_address>
         <size>0x3c</size>
         <input_file_ref idref="fl-20"/>
      </object_component>
      <object_component id="oc-202">
         <name>.text.TimerSupport_timerEnable</name>
         <load_address>0x1004fac</load_address>
         <run_address>0x1004fac</run_address>
         <size>0x3a</size>
         <input_file_ref idref="fl-1b"/>
      </object_component>
      <object_component id="oc-4c">
         <name>.text.nmiISR</name>
         <load_address>0x1004fe6</load_address>
         <run_address>0x1004fe6</run_address>
         <size>0x2</size>
         <input_file_ref idref="fl-26"/>
      </object_component>
      <object_component id="oc-19d">
         <name>.text.ClockP_destruct</name>
         <load_address>0x1004fe8</load_address>
         <run_address>0x1004fe8</run_address>
         <size>0x38</size>
         <input_file_ref idref="fl-23"/>
      </object_component>
      <object_component id="oc-2b6">
         <name>.text.Power_setConstraint</name>
         <load_address>0x1005020</load_address>
         <run_address>0x1005020</run_address>
         <size>0x38</size>
         <input_file_ref idref="fl-18"/>
      </object_component>
      <object_component id="oc-2f0">
         <name>.text.RingBuf_putAdvance</name>
         <load_address>0x1005058</load_address>
         <run_address>0x1005058</run_address>
         <size>0x38</size>
         <input_file_ref idref="fl-1f"/>
      </object_component>
      <object_component id="oc-233">
         <name>.text.SwiP_restore</name>
         <load_address>0x1005090</load_address>
         <run_address>0x1005090</run_address>
         <size>0x38</size>
         <input_file_ref idref="fl-27"/>
      </object_component>
      <object_component id="oc-271">
         <name>.text.UDMACC32XX_close</name>
         <load_address>0x10050c8</load_address>
         <run_address>0x10050c8</run_address>
         <size>0x38</size>
         <input_file_ref idref="fl-20"/>
      </object_component>
      <object_component id="oc-b6">
         <name>.text:__TI_auto_init_nobinit_nopinit</name>
         <load_address>0x1005100</load_address>
         <run_address>0x1005100</run_address>
         <size>0x38</size>
         <input_file_ref idref="fl-54"/>
      </object_component>
      <object_component id="oc-2cb">
         <name>.text.PinLock</name>
         <load_address>0x1005138</load_address>
         <run_address>0x1005138</run_address>
         <size>0x36</size>
         <input_file_ref idref="fl-2d"/>
      </object_component>
      <object_component id="oc-1ff">
         <name>.text.TimerCC32XX_hwiIntFunction</name>
         <load_address>0x100516e</load_address>
         <run_address>0x100516e</run_address>
         <size>0x36</size>
         <input_file_ref idref="fl-1b"/>
      </object_component>
      <object_component id="oc-340">
         <name>.text.UARTCharPutNonBlocking</name>
         <load_address>0x10051a4</load_address>
         <run_address>0x10051a4</run_address>
         <size>0x36</size>
         <input_file_ref idref="fl-32"/>
      </object_component>
      <object_component id="oc-19a">
         <name>.text.ClockP_start</name>
         <load_address>0x10051dc</load_address>
         <run_address>0x10051dc</run_address>
         <size>0x34</size>
         <input_file_ref idref="fl-23"/>
      </object_component>
      <object_component id="oc-2ff">
         <name>.text.I2CFIFODataPutNonBlocking</name>
         <load_address>0x1005210</load_address>
         <run_address>0x1005210</run_address>
         <size>0x34</size>
         <input_file_ref idref="fl-2b"/>
      </object_component>
      <object_component id="oc-32f">
         <name>.text.PinDirModeGet</name>
         <load_address>0x1005244</load_address>
         <run_address>0x1005244</run_address>
         <size>0x34</size>
         <input_file_ref idref="fl-2d"/>
      </object_component>
      <object_component id="oc-105">
         <name>.text.PinModeGet</name>
         <load_address>0x1005278</load_address>
         <run_address>0x1005278</run_address>
         <size>0x34</size>
         <input_file_ref idref="fl-2d"/>
      </object_component>
      <object_component id="oc-2c9">
         <name>.text.PowerCC32XX_parkPin</name>
         <load_address>0x10052ac</load_address>
         <run_address>0x10052ac</run_address>
         <size>0x34</size>
         <input_file_ref idref="fl-18"/>
      </object_component>
      <object_component id="oc-2a9">
         <name>.text.TimerCC32XX_freeTimerResource</name>
         <load_address>0x10052e0</load_address>
         <run_address>0x10052e0</run_address>
         <size>0x34</size>
         <input_file_ref idref="fl-1b"/>
      </object_component>
      <object_component id="oc-26d">
         <name>.text.UART2_rxDisable</name>
         <load_address>0x1005314</load_address>
         <run_address>0x1005314</run_address>
         <size>0x34</size>
         <input_file_ref idref="fl-1c"/>
      </object_component>
      <object_component id="oc-47">
         <name>.text.initVectors</name>
         <load_address>0x1005348</load_address>
         <run_address>0x1005348</run_address>
         <size>0x34</size>
         <input_file_ref idref="fl-26"/>
      </object_component>
      <object_component id="oc-a7">
         <name>.text.mainThread</name>
         <load_address>0x100537c</load_address>
         <run_address>0x100537c</run_address>
         <size>0x34</size>
         <input_file_ref idref="fl-1"/>
      </object_component>
      <object_component id="oc-eb">
         <name>.text.taskScheduler</name>
         <load_address>0x10053b0</load_address>
         <run_address>0x10053b0</run_address>
         <size>0x34</size>
         <input_file_ref idref="fl-1"/>
      </object_component>
      <object_component id="oc-21f">
         <name>.text.ClockP_getTicksUntilInterrupt</name>
         <load_address>0x10053e4</load_address>
         <run_address>0x10053e4</run_address>
         <size>0x30</size>
         <input_file_ref idref="fl-23"/>
      </object_component>
      <object_component id="oc-291">
         <name>.text.I2CFIFODataGetNonBlocking</name>
         <load_address>0x1005414</load_address>
         <run_address>0x1005414</run_address>
         <size>0x30</size>
         <input_file_ref idref="fl-2b"/>
      </object_component>
      <object_component id="oc-22c">
         <name>.text.PRCMLPDSIntervalSet</name>
         <load_address>0x1005444</load_address>
         <run_address>0x1005444</run_address>
         <size>0x30</size>
         <input_file_ref idref="fl-2e"/>
      </object_component>
      <object_component id="oc-2bf">
         <name>.text.PRCMSlowClkCtrFastGet</name>
         <load_address>0x1005474</load_address>
         <run_address>0x1005474</run_address>
         <size>0x30</size>
         <input_file_ref idref="fl-2e"/>
      </object_component>
      <object_component id="oc-2b0">
         <name>.text.TimerLoadSet</name>
         <load_address>0x10054a4</load_address>
         <run_address>0x10054a4</run_address>
         <size>0x30</size>
         <input_file_ref idref="fl-31"/>
      </object_component>
      <object_component id="oc-2af">
         <name>.text.TimerPrescaleSet</name>
         <load_address>0x10054d4</load_address>
         <run_address>0x10054d4</run_address>
         <size>0x30</size>
         <input_file_ref idref="fl-31"/>
      </object_component>
      <object_component id="oc-1ee">
         <name>.text._outs</name>
         <load_address>0x1005504</load_address>
         <run_address>0x1005504</run_address>
         <size>0x30</size>
         <input_file_ref idref="fl-41"/>
      </object_component>
      <object_component id="oc-e5">
         <name>.text.initUART</name>
         <load_address>0x1005534</load_address>
         <run_address>0x1005534</run_address>
         <size>0x30</size>
         <input_file_ref idref="fl-1"/>
      </object_component>
      <object_component id="oc-2c7">
         <name>.text.notify</name>
         <load_address>0x1005564</load_address>
         <run_address>0x1005564</run_address>
         <size>0x30</size>
         <input_file_ref idref="fl-18"/>
      </object_component>
      <object_component id="oc-242">
         <name>.text.GPIOIntStatus</name>
         <load_address>0x1005594</load_address>
         <run_address>0x1005594</run_address>
         <size>0x2e</size>
         <input_file_ref idref="fl-29"/>
      </object_component>
      <object_component id="oc-2f7">
         <name>.text.RingBuf_getConsume</name>
         <load_address>0x10055c2</load_address>
         <run_address>0x10055c2</run_address>
         <size>0x2e</size>
         <input_file_ref idref="fl-1f"/>
      </object_component>
      <object_component id="oc-2f2">
         <name>.text.RingBuf_putPointer</name>
         <load_address>0x10055f0</load_address>
         <run_address>0x10055f0</run_address>
         <size>0x2e</size>
         <input_file_ref idref="fl-1f"/>
      </object_component>
      <object_component id="oc-26e">
         <name>.text.UARTDisable</name>
         <load_address>0x100561e</load_address>
         <run_address>0x100561e</run_address>
         <size>0x2e</size>
         <input_file_ref idref="fl-32"/>
      </object_component>
      <object_component id="oc-208">
         <name>.text</name>
         <load_address>0x100564c</load_address>
         <run_address>0x100564c</run_address>
         <size>0x2e</size>
         <input_file_ref idref="fl-ac"/>
      </object_component>
      <object_component id="oc-290">
         <name>.text.I2CMasterIntStatusEx</name>
         <load_address>0x100567a</load_address>
         <run_address>0x100567a</run_address>
         <size>0x2c</size>
         <input_file_ref idref="fl-2b"/>
      </object_component>
      <object_component id="oc-279">
         <name>.text.UART2CC32XX_getRxData</name>
         <load_address>0x10056a6</load_address>
         <run_address>0x10056a6</run_address>
         <size>0x2c</size>
         <input_file_ref idref="fl-1d"/>
      </object_component>
      <object_component id="oc-1a2">
         <name>.text.HwiP_create</name>
         <load_address>0x10056d2</load_address>
         <run_address>0x10056d2</run_address>
         <size>0x2a</size>
         <input_file_ref idref="fl-24"/>
      </object_component>
      <object_component id="oc-187">
         <name>.text.PRCMLPDSWakeUpGPIOSelect</name>
         <load_address>0x10056fc</load_address>
         <run_address>0x10056fc</run_address>
         <size>0x2a</size>
         <input_file_ref idref="fl-2e"/>
      </object_component>
      <object_component id="oc-104">
         <name>.text.PRCMPeripheralClkDisable</name>
         <load_address>0x1005726</load_address>
         <run_address>0x1005726</run_address>
         <size>0x2a</size>
         <input_file_ref idref="fl-2e"/>
      </object_component>
      <object_component id="oc-278">
         <name>.text.UARTIntStatus</name>
         <load_address>0x1005750</load_address>
         <run_address>0x1005750</run_address>
         <size>0x2a</size>
         <input_file_ref idref="fl-32"/>
      </object_component>
      <object_component id="oc-321">
         <name>.text.I2CMasterBusBusy</name>
         <load_address>0x100577a</load_address>
         <run_address>0x100577a</run_address>
         <size>0x28</size>
         <input_file_ref idref="fl-2b"/>
      </object_component>
      <object_component id="oc-300">
         <name>.text.I2CMasterSlaveAddrSet</name>
         <load_address>0x10057a2</load_address>
         <run_address>0x10057a2</run_address>
         <size>0x28</size>
         <input_file_ref idref="fl-2b"/>
      </object_component>
      <object_component id="oc-28b">
         <name>.text.I2CTxFIFOConfigSet</name>
         <load_address>0x10057ca</load_address>
         <run_address>0x10057ca</run_address>
         <size>0x28</size>
         <input_file_ref idref="fl-2b"/>
      </object_component>
      <object_component id="oc-2a4">
         <name>.text.I2C_cancel</name>
         <load_address>0x10057f2</load_address>
         <run_address>0x10057f2</run_address>
         <size>0x28</size>
         <input_file_ref idref="fl-16"/>
      </object_component>
      <object_component id="oc-2e9">
         <name>.text.List_remove</name>
         <load_address>0x100581a</load_address>
         <run_address>0x100581a</run_address>
         <size>0x28</size>
         <input_file_ref idref="fl-1e"/>
      </object_component>
      <object_component id="oc-2c8">
         <name>.text.PRCMSRAMRetentionEnable</name>
         <load_address>0x1005842</load_address>
         <run_address>0x1005842</run_address>
         <size>0x28</size>
         <input_file_ref idref="fl-2e"/>
      </object_component>
      <object_component id="oc-1c6">
         <name>.text.PowerCC32XX_getParkState</name>
         <load_address>0x100586c</load_address>
         <run_address>0x100586c</run_address>
         <size>0x28</size>
         <input_file_ref idref="fl-18"/>
      </object_component>
      <object_component id="oc-323">
         <name>.text.TimerSupport_timerDisable</name>
         <load_address>0x1005894</load_address>
         <run_address>0x1005894</run_address>
         <size>0x28</size>
         <input_file_ref idref="fl-1b"/>
      </object_component>
      <object_component id="oc-23a">
         <name>.text.free_list_insert</name>
         <load_address>0x10058bc</load_address>
         <run_address>0x10058bc</run_address>
         <size>0x28</size>
         <input_file_ref idref="fl-42"/>
      </object_component>
      <object_component id="oc-28c">
         <name>.text.I2CRxFIFOConfigSet</name>
         <load_address>0x10058e4</load_address>
         <run_address>0x10058e4</run_address>
         <size>0x24</size>
         <input_file_ref idref="fl-2b"/>
      </object_component>
      <object_component id="oc-2e8">
         <name>.text.IntUnregister</name>
         <load_address>0x1005908</load_address>
         <run_address>0x1005908</run_address>
         <size>0x24</size>
         <input_file_ref idref="fl-2c"/>
      </object_component>
      <object_component id="oc-1ae">
         <name>.text.List_put</name>
         <load_address>0x100592c</load_address>
         <run_address>0x100592c</run_address>
         <size>0x24</size>
         <input_file_ref idref="fl-1e"/>
      </object_component>
      <object_component id="oc-185">
         <name>.text.PRCMLPDSWakeupSourceEnable</name>
         <load_address>0x1005950</load_address>
         <run_address>0x1005950</run_address>
         <size>0x24</size>
         <input_file_ref idref="fl-2e"/>
      </object_component>
      <object_component id="oc-274">
         <name>.text.PowerCC32XX_restoreParkState</name>
         <load_address>0x1005974</load_address>
         <run_address>0x1005974</run_address>
         <size>0x24</size>
         <input_file_ref idref="fl-18"/>
      </object_component>
      <object_component id="oc-2d2">
         <name>.text.PowerCC32XX_restoreParkedPin</name>
         <load_address>0x1005998</load_address>
         <run_address>0x1005998</run_address>
         <size>0x24</size>
         <input_file_ref idref="fl-18"/>
      </object_component>
      <object_component id="oc-11e">
         <name>.text.Power_registerNotify</name>
         <load_address>0x10059bc</load_address>
         <run_address>0x10059bc</run_address>
         <size>0x24</size>
         <input_file_ref idref="fl-18"/>
      </object_component>
      <object_component id="oc-2e5">
         <name>.text.UART2Support_disableRx</name>
         <load_address>0x10059e0</load_address>
         <run_address>0x10059e0</run_address>
         <size>0x24</size>
         <input_file_ref idref="fl-1d"/>
      </object_component>
      <object_component id="oc-6d">
         <name>.text:_c_int00_noargs</name>
         <load_address>0x1005a04</load_address>
         <run_address>0x1005a04</run_address>
         <size>0x24</size>
         <input_file_ref idref="fl-46"/>
      </object_component>
      <object_component id="oc-1a8">
         <name>.text.GPIOPinWrite</name>
         <load_address>0x1005a28</load_address>
         <run_address>0x1005a28</run_address>
         <size>0x22</size>
         <input_file_ref idref="fl-29"/>
      </object_component>
      <object_component id="oc-2d1">
         <name>.text.PinUnlock</name>
         <load_address>0x1005a4a</load_address>
         <run_address>0x1005a4a</run_address>
         <size>0x22</size>
         <input_file_ref idref="fl-2d"/>
      </object_component>
      <object_component id="oc-2f8">
         <name>.text.RingBuf_getPointer</name>
         <load_address>0x1005a6c</load_address>
         <run_address>0x1005a6c</run_address>
         <size>0x22</size>
         <input_file_ref idref="fl-1f"/>
      </object_component>
      <object_component id="oc-2fb">
         <name>.text.UART2Support_sendData</name>
         <load_address>0x1005a8e</load_address>
         <run_address>0x1005a8e</run_address>
         <size>0x22</size>
         <input_file_ref idref="fl-1d"/>
      </object_component>
      <object_component id="oc-265">
         <name>.text.IntRegister</name>
         <load_address>0x1005ab0</load_address>
         <run_address>0x1005ab0</run_address>
         <size>0x20</size>
         <input_file_ref idref="fl-2c"/>
      </object_component>
      <object_component id="oc-1e3">
         <name>.text.PinTypeI2C</name>
         <load_address>0x1005ad0</load_address>
         <run_address>0x1005ad0</run_address>
         <size>0x20</size>
         <input_file_ref idref="fl-2d"/>
      </object_component>
      <object_component id="oc-1be">
         <name>.text.PowerCC32XX_reset</name>
         <load_address>0x1005af0</load_address>
         <run_address>0x1005af0</run_address>
         <size>0x20</size>
         <input_file_ref idref="fl-18"/>
      </object_component>
      <object_component id="oc-272">
         <name>.text.Power_unregisterNotify</name>
         <load_address>0x1005b10</load_address>
         <run_address>0x1005b10</run_address>
         <size>0x20</size>
         <input_file_ref idref="fl-18"/>
      </object_component>
      <object_component id="oc-1d2">
         <name>.text.SemaphoreP_constructBinary</name>
         <load_address>0x1005b30</load_address>
         <run_address>0x1005b30</run_address>
         <size>0x20</size>
         <input_file_ref idref="fl-22"/>
      </object_component>
      <object_component id="oc-113">
         <name>.text.SemaphoreP_createBinary</name>
         <load_address>0x1005b50</load_address>
         <run_address>0x1005b50</run_address>
         <size>0x20</size>
         <input_file_ref idref="fl-22"/>
      </object_component>
      <object_component id="oc-2aa">
         <name>.text.TimerDisable</name>
         <load_address>0x1005b70</load_address>
         <run_address>0x1005b70</run_address>
         <size>0x20</size>
         <input_file_ref idref="fl-31"/>
      </object_component>
      <object_component id="oc-e9">
         <name>.text.initHeaterVars</name>
         <load_address>0x1005b90</load_address>
         <run_address>0x1005b90</run_address>
         <size>0x20</size>
         <input_file_ref idref="fl-1"/>
      </object_component>
      <object_component id="oc-248">
         <name>.text.PinTypeUART</name>
         <load_address>0x1005bb0</load_address>
         <run_address>0x1005bb0</run_address>
         <size>0x1e</size>
         <input_file_ref idref="fl-2d"/>
      </object_component>
      <object_component id="oc-1db">
         <name>.text.UART2_writeTimeout</name>
         <load_address>0x1005bce</load_address>
         <run_address>0x1005bce</run_address>
         <size>0x1e</size>
         <input_file_ref idref="fl-1c"/>
      </object_component>
      <object_component id="oc-25b">
         <name>.text.UARTEnable</name>
         <load_address>0x1005bec</load_address>
[...]
      </symbol>
      <symbol id="sm-535">
         <name>PinToPadGet</name>
         <value>0x1005d95</value>
         <object_component_ref idref="oc-275"/>
      </symbol>
      <symbol id="sm-536">
         <name>PinTypeI2C</name>
         <value>0x1005ad1</value>
         <object_component_ref idref="oc-1e3"/>
      </symbol>
      <symbol id="sm-537">
         <name>PinTypeUART</name>
         <value>0x1005bb1</value>
         <object_component_ref idref="oc-248"/>
      </symbol>
      <symbol id="sm-538">
         <name>PinUnlock</name>
         <value>0x1005a4b</value>
         <object_component_ref idref="oc-2d1"/>
      </symbol>
      <symbol id="sm-5ea">
         <name>PRCMCC3200MCUInit</name>
         <value>0x1001085</value>
         <object_component_ref idref="oc-c9"/>
      </symbol>
      <symbol id="sm-5eb">
         <name>PRCMHIBRegRead</name>
         <value>0x1005d47</value>
         <object_component_ref idref="oc-101"/>
      </symbol>
      <symbol id="sm-5ec">
         <name>PRCMHIBRegWrite</name>
         <value>0x1005d61</value>
         <object_component_ref idref="oc-100"/>
      </symbol>
      <symbol id="sm-5ed">
         <name>PRCMHibernateWakeUpGPIOSelect</name>
         <value>0x1003af5</value>
         <object_component_ref idref="oc-188"/>
      </symbol>
      <symbol id="sm-5ee">
         <name>PRCMHibernateWakeupSourceDisable</name>
         <value>0x10041dd</value>
         <object_component_ref idref="oc-18a"/>
      </symbol>
      <symbol id="sm-5ef">
         <name>PRCMHibernateWakeupSourceEnable</name>
         <value>0x10044f1</value>
         <object_component_ref idref="oc-189"/>
      </symbol>
      <symbol id="sm-5f0">
         <name>PRCMIntEnable</name>
         <value>0x1004889</value>
         <object_component_ref idref="oc-2d0"/>
      </symbol>
      <symbol id="sm-5f1">
         <name>PRCMLPDSEnter</name>
         <value>0x10043a1</value>
         <object_component_ref idref="oc-2d6"/>
      </symbol>
      <symbol id="sm-5f2">
         <name>PRCMLPDSEnterKeepDebugIf</name>
         <value>0x1004a7f</value>
         <object_component_ref idref="oc-2d5"/>
      </symbol>
      <symbol id="sm-5f3">
         <name>PRCMLPDSIntervalSet</name>
         <value>0x1005445</value>
         <object_component_ref idref="oc-22c"/>
      </symbol>
      <symbol id="sm-5f4">
         <name>PRCMLPDSRestoreInfoSet</name>
         <value>0x100467d</value>
         <object_component_ref idref="oc-331"/>
      </symbol>
      <symbol id="sm-5f5">
         <name>PRCMLPDSWakeUpGPIOSelect</name>
         <value>0x10056fd</value>
         <object_component_ref idref="oc-187"/>
      </symbol>
      <symbol id="sm-5f6">
         <name>PRCMLPDSWakeupCauseGet</name>
         <value>0x10062f9</value>
         <object_component_ref idref="oc-2d3"/>
      </symbol>
      <symbol id="sm-5f7">
         <name>PRCMLPDSWakeupSourceDisable</name>
         <value>0x1005d7b</value>
         <object_component_ref idref="oc-186"/>
      </symbol>
      <symbol id="sm-5f8">
         <name>PRCMLPDSWakeupSourceEnable</name>
         <value>0x1005951</value>
         <object_component_ref idref="oc-185"/>
      </symbol>
      <symbol id="sm-5f9">
         <name>PRCMPeripheralClkDisable</name>
         <value>0x1005727</value>
         <object_component_ref idref="oc-104"/>
      </symbol>
      <symbol id="sm-5fa">
         <name>PRCMPeripheralClkEnable</name>
         <value>0x1004295</value>
         <object_component_ref idref="oc-102"/>
      </symbol>
      <symbol id="sm-5fb">
         <name>PRCMPeripheralReset</name>
         <value>0x1003df9</value>
         <object_component_ref idref="oc-103"/>
      </symbol>
      <symbol id="sm-5fc">
         <name>PRCMPeripheralStatusGet</name>
         <value>0x10048d1</value>
         <object_component_ref idref="oc-23c"/>
      </symbol>
      <symbol id="sm-5fd">
         <name>PRCMSRAMRetentionEnable</name>
         <value>0x1005843</value>
         <object_component_ref idref="oc-2c8"/>
      </symbol>
      <symbol id="sm-5fe">
         <name>PRCMSleepEnter</name>
         <value>0x10063db</value>
         <object_component_ref idref="oc-232"/>
      </symbol>
      <symbol id="sm-5ff">
         <name>PRCMSlowClkCtrFastGet</name>
         <value>0x1005475</value>
         <object_component_ref idref="oc-2bf"/>
      </symbol>
      <symbol id="sm-600">
         <name>PRCMSysResetCauseGet</name>
         <value>0x10037e9</value>
         <object_component_ref idref="oc-fb"/>
      </symbol>
      <symbol id="sm-61e">
         <name>SysTickEnable</name>
         <value>0x10060c7</value>
         <object_component_ref idref="oc-230"/>
      </symbol>
      <symbol id="sm-61f">
         <name>SysTickIntDisable</name>
         <value>0x10060d9</value>
         <object_component_ref idref="oc-227"/>
      </symbol>
      <symbol id="sm-620">
         <name>SysTickIntEnable</name>
         <value>0x10060eb</value>
         <object_component_ref idref="oc-231"/>
      </symbol>
      <symbol id="sm-621">
         <name>SysTickPeriodSet</name>
         <value>0x1005e99</value>
         <object_component_ref idref="oc-22f"/>
      </symbol>
      <symbol id="sm-660">
         <name>TimerControlStall</name>
         <value>0x1004d6f</value>
         <object_component_ref idref="oc-2b1"/>
      </symbol>
      <symbol id="sm-661">
         <name>TimerDisable</name>
         <value>0x1005b71</value>
         <object_component_ref idref="oc-2aa"/>
      </symbol>
      <symbol id="sm-662">
         <name>TimerEnable</name>
         <value>0x1005daf</value>
         <object_component_ref idref="oc-2b7"/>
      </symbol>
      <symbol id="sm-663">
         <name>TimerIntClear</name>
         <value>0x10061b1</value>
         <object_component_ref idref="oc-2b4"/>
      </symbol>
      <symbol id="sm-664">
         <name>TimerIntDisable</name>
         <value>0x1005eaf</value>
         <object_component_ref idref="oc-375"/>
      </symbol>
      <symbol id="sm-665">
         <name>TimerIntEnable</name>
         <value>0x1005fbd</value>
         <object_component_ref idref="oc-2b5"/>
      </symbol>
      <symbol id="sm-666">
         <name>TimerLoadSet</name>
         <value>0x10054a5</value>
         <object_component_ref idref="oc-2b0"/>
      </symbol>
      <symbol id="sm-667">
         <name>TimerPrescaleSet</name>
         <value>0x10054d5</value>
         <object_component_ref idref="oc-2af"/>
      </symbol>
      <symbol id="sm-6d1">
         <name>UARTBusy</name>
         <value>0x10061e1</value>
         <object_component_ref idref="oc-341"/>
      </symbol>
      <symbol id="sm-6d2">
         <name>UARTCharPutNonBlocking</name>
         <value>0x10051a5</value>
         <object_component_ref idref="oc-340"/>
      </symbol>
      <symbol id="sm-6d3">
         <name>UARTCharsAvail</name>
         <value>0x1005ec5</value>
         <object_component_ref idref="oc-27d"/>
      </symbol>
      <symbol id="sm-6d4">
         <name>UARTConfigSetExpClk</name>
         <value>0x1003b69</value>
         <object_component_ref idref="oc-255"/>
      </symbol>
      <symbol id="sm-6d5">
         <name>UARTDMADisable</name>
         <value>0x1005edb</value>
         <object_component_ref idref="oc-26c"/>
      </symbol>
      <symbol id="sm-6d6">
         <name>UARTDMAEnable</name>
         <value>0x1005fd1</value>
         <object_component_ref idref="oc-2f6"/>
      </symbol>
      <symbol id="sm-6d7">
         <name>UARTDisable</name>
         <value>0x100561f</value>
         <object_component_ref idref="oc-26e"/>
      </symbol>
      <symbol id="sm-6d8">
         <name>UARTEnable</name>
         <value>0x1005bed</value>
         <object_component_ref idref="oc-25b"/>
      </symbol>
      <symbol id="sm-6d9">
         <name>UARTFIFOLevelSet</name>
         <value>0x1005ef1</value>
         <object_component_ref idref="oc-25d"/>
      </symbol>
      <symbol id="sm-6da">
         <name>UARTFlowControlSet</name>
         <value>0x1005dc9</value>
         <object_component_ref idref="oc-25e"/>
      </symbol>
      <symbol id="sm-6db">
         <name>UARTIntClear</name>
         <value>0x10061f1</value>
         <object_component_ref idref="oc-25a"/>
      </symbol>
      <symbol id="sm-6dc">
         <name>UARTIntDisable</name>
         <value>0x1005f07</value>
         <object_component_ref idref="oc-26b"/>
      </symbol>
      <symbol id="sm-6dd">
         <name>UARTIntEnable</name>
         <value>0x1005fe5</value>
         <object_component_ref idref="oc-25c"/>
      </symbol>
      <symbol id="sm-6de">
         <name>UARTIntStatus</name>
         <value>0x1005751</value>
         <object_component_ref idref="oc-278"/>
      </symbol>
      <symbol id="sm-6df">
         <name>UARTRxErrorGet</name>
         <value>0x1006201</value>
         <object_component_ref idref="oc-27a"/>
      </symbol>
      <symbol id="sm-738">
         <name>uDMAChannelAssign</name>
         <value>0x10045e1</value>
         <object_component_ref idref="oc-25f"/>
      </symbol>
      <symbol id="sm-739">
         <name>uDMAChannelAttributeDisable</name>
         <value>0x10036c7</value>
         <object_component_ref idref="oc-260"/>
      </symbol>
      <symbol id="sm-73a">
         <name>uDMAChannelControlSet</name>
         <value>0x1004eb5</value>
         <object_component_ref idref="oc-2f3"/>
      </symbol>
      <symbol id="sm-73b">
         <name>uDMAChannelDisable</name>
         <value>0x1005c29</value>
         <object_component_ref idref="oc-2ed"/>
      </symbol>
      <symbol id="sm-73c">
         <name>uDMAChannelEnable</name>
         <value>0x1005c47</value>
         <object_component_ref idref="oc-2f5"/>
      </symbol>
      <symbol id="sm-73d">
         <name>uDMAChannelIsEnabled</name>
         <value>0x1005c65</value>
         <object_component_ref idref="oc-27b"/>
      </symbol>
      <symbol id="sm-73e">
         <name>uDMAChannelSizeGet</name>
         <value>0x10047f5</value>
         <object_component_ref idref="oc-2ee"/>
      </symbol>
      <symbol id="sm-73f">
         <name>uDMAChannelTransferSet</name>
         <value>0x100286f</value>
         <object_component_ref idref="oc-2f4"/>
      </symbol>
      <symbol id="sm-740">
         <name>uDMAControlBaseSet</name>
         <value>0x1005ff9</value>
         <object_component_ref idref="oc-252"/>
      </symbol>
      <symbol id="sm-741">
         <name>uDMAEnable</name>
         <value>0x1006279</value>
         <object_component_ref idref="oc-24d"/>
      </symbol>
      <symbol id="sm-742">
         <name>uDMAErrorStatusClear</name>
         <value>0x1006287</value>
         <object_component_ref idref="oc-37c"/>
      </symbol>
      <symbol id="sm-743">
         <name>uDMAErrorStatusGet</name>
         <value>0x1006371</value>
         <object_component_ref idref="oc-37b"/>
      </symbol>
      <symbol id="sm-744">
         <name>uDMAIntClear</name>
         <value>0x100600d</value>
         <object_component_ref idref="oc-2ef"/>
      </symbol>
      <symbol id="sm-74f">
         <name>UtilsDelay</name>
         <value>0x10063e3</value>
         <object_component_ref idref="oc-fc"/>
      </symbol>
      <symbol id="sm-77c">
         <name>FlashDisable</name>
         <value>0x1004125</value>
         <object_component_ref idref="oc-333"/>
      </symbol>
      <symbol id="sm-78d">
         <name>snprintf</name>
         <value>0x1004ce9</value>
         <object_component_ref idref="oc-146"/>
      </symbol>
      <symbol id="sm-7ad">
         <name>malloc</name>
         <value>0x10063f5</value>
         <object_component_ref idref="oc-236"/>
      </symbol>
      <symbol id="sm-7ae">
         <name>aligned_alloc</name>
         <value>0x1002635</value>
         <object_component_ref idref="oc-2d9"/>
      </symbol>
      <symbol id="sm-7af">
         <name>free</name>
         <value>0x1002a7d</value>
         <object_component_ref idref="oc-197"/>
      </symbol>
      <symbol id="sm-7b0">
         <name>_sys_memory</name>
         <value>0x20000310</value>
         <object_component_ref idref="oc-29"/>
      </symbol>
      <symbol id="sm-7b1">
         <name>memalign</name>
         <value>0x1002635</value>
         <object_component_ref idref="oc-2d9"/>
      </symbol>
      <symbol id="sm-7bb">
         <name>__TI_zero_init</name>
         <value>0x1006231</value>
         <object_component_ref idref="oc-41"/>
      </symbol>
      <symbol id="sm-7c4">
         <name>__TI_decompress_none</name>
         <value>0x10062a3</value>
         <object_component_ref idref="oc-1d"/>
      </symbol>
      <symbol id="sm-7ce">
         <name>__TI_decompress_lzss</name>
         <value>0x1003e63</value>
         <object_component_ref idref="oc-19"/>
      </symbol>
      <symbol id="sm-7d9">
         <name>_c_int00_noargs</name>
         <value>0x1005a05</value>
         <object_component_ref idref="oc-6d"/>
      </symbol>
      <symbol id="sm-7da">
         <name>__stack</name>
         <value>0x2003f000</value>
         <object_component_ref idref="oc-17"/>
      </symbol>
      <symbol id="sm-7fa">
         <name>__TI_printfi_nofloat</name>
         <value>0x1000841</value>
         <object_component_ref idref="oc-29d"/>
      </symbol>
      <symbol id="sm-807">
         <name>__aeabi_errno_addr</name>
         <value>0x10063ed</value>
         <object_component_ref idref="oc-314"/>
      </symbol>
      <symbol id="sm-808">
         <name>__aeabi_errno</name>
         <value>0x200094c4</value>
         <object_component_ref idref="oc-34c"/>
      </symbol>
      <symbol id="sm-812">
         <name>abort</name>
         <value>0x100643b</value>
         <object_component_ref idref="oc-af"/>
      </symbol>
      <symbol id="sm-813">
         <name>C$$EXIT</name>
         <value>0x100643a</value>
         <object_component_ref idref="oc-af"/>
      </symbol>
      <symbol id="sm-81c">
         <name>_nop</name>
         <value>0x10043f7</value>
         <object_component_ref idref="oc-176"/>
      </symbol>
      <symbol id="sm-81d">
         <name>_lock</name>
         <value>0x200094c8</value>
         <object_component_ref idref="oc-f1"/>
      </symbol>
      <symbol id="sm-81e">
         <name>_unlock</name>
         <value>0x200094cc</value>
         <object_component_ref idref="oc-f4"/>
      </symbol>
      <symbol id="sm-82b">
         <name>atoi</name>
         <value>0x1004961</value>
         <object_component_ref idref="oc-30c"/>
      </symbol>
      <symbol id="sm-835">
         <name>memccpy</name>
         <value>0x1005c0b</value>
         <object_component_ref idref="oc-305"/>
      </symbol>
      <symbol id="sm-840">
         <name>__TI_auto_init_nobinit_nopinit</name>
         <value>0x1005101</value>
         <object_component_ref idref="oc-b6"/>
      </symbol>
      <symbol id="sm-848">
         <name>_system_pre_init</name>
         <value>0x1006437</value>
         <object_component_ref idref="oc-82"/>
      </symbol>
      <symbol id="sm-852">
         <name>wcslen</name>
         <value>0x1006221</value>
         <object_component_ref idref="oc-310"/>
      </symbol>
      <symbol id="sm-858">
         <name>__aeabi_ctype_table_</name>
         <value>0x1006450</value>
         <object_component_ref idref="oc-345"/>
      </symbol>
      <symbol id="sm-859">
         <name>__aeabi_ctype_table_C</name>
         <value>0x1006450</value>
         <object_component_ref idref="oc-345"/>
      </symbol>
      <symbol id="sm-871">
         <name>__aeabi_dmul</name>
         <value>0x1002981</value>
         <object_component_ref idref="oc-20c"/>
      </symbol>
      <symbol id="sm-872">
         <name>__muldf3</name>
         <value>0x1002981</value>
         <object_component_ref idref="oc-20c"/>
      </symbol>
      <symbol id="sm-878">
         <name>__aeabi_d2iz</name>
         <value>0x10049f1</value>
         <object_component_ref idref="oc-210"/>
      </symbol>
      <symbol id="sm-879">
         <name>__fixdfsi</name>
         <value>0x10049f1</value>
         <object_component_ref idref="oc-210"/>
      </symbol>
      <symbol id="sm-87f">
         <name>__aeabi_i2d</name>
         <value>0x100564d</value>
         <object_component_ref idref="oc-208"/>
      </symbol>
      <symbol id="sm-880">
         <name>__floatsidf</name>
         <value>0x100564d</value>
         <object_component_ref idref="oc-208"/>
      </symbol>
      <symbol id="sm-886">
         <name>__aeabi_memcpy</name>
         <value>0x1006441</value>
         <object_component_ref idref="oc-34"/>
      </symbol>
      <symbol id="sm-887">
         <name>__aeabi_memcpy4</name>
         <value>0x1006441</value>
         <object_component_ref idref="oc-34"/>
      </symbol>
      <symbol id="sm-888">
         <name>__aeabi_memcpy8</name>
         <value>0x1006441</value>
         <object_component_ref idref="oc-34"/>
      </symbol>
      <symbol id="sm-88e">
         <name>__aeabi_memset</name>
         <value>0x1006021</value>
         <object_component_ref idref="oc-5f"/>
      </symbol>
      <symbol id="sm-88f">
         <name>__aeabi_memset4</name>
         <value>0x1006021</value>
         <object_component_ref idref="oc-5f"/>
      </symbol>
      <symbol id="sm-890">
         <name>__aeabi_memset8</name>
         <value>0x1006021</value>
         <object_component_ref idref="oc-5f"/>
      </symbol>
      <symbol id="sm-891">
         <name>__aeabi_memclr</name>
         <value>0x100602d</value>
         <object_component_ref idref="oc-5f"/>
      </symbol>
      <symbol id="sm-892">
         <name>__aeabi_memclr4</name>
         <value>0x100602d</value>
         <object_component_ref idref="oc-5f"/>
      </symbol>
      <symbol id="sm-893">
         <name>__aeabi_memclr8</name>
         <value>0x100602d</value>
         <object_component_ref idref="oc-5f"/>
      </symbol>
      <symbol id="sm-899">
         <name>__aeabi_uldivmod</name>
         <value>0x1006035</value>
         <object_component_ref idref="oc-223"/>
      </symbol>
      <symbol id="sm-89f">
         <name>__udivmoddi4</name>
         <value>0x100311d</value>
         <object_component_ref idref="oc-2c0"/>
      </symbol>
      <symbol id="sm-8aa">
         <name>__aeabi_ldiv0</name>
         <value>0x10042ef</value>
         <object_component_ref idref="oc-327"/>
      </symbol>
      <symbol id="sm-8b3">
         <name>TI_memcpy_small</name>
         <value>0x100610f</value>
         <object_component_ref idref="oc-78"/>
      </symbol>
      <symbol id="sm-8bb">
         <name>TI_memset_small</name>
         <value>0x1006295</value>
         <object_component_ref idref="oc-95"/>
      </symbol>
      <symbol id="sm-8bc">
         <name>__TI_static_base__</name>
         <value>0x1006b18</value>
      </symbol>
      <symbol id="sm-8bf">
         <name>ITM_flush</name>
         <value>0x0</value>
      </symbol>
      <symbol id="sm-8c0">
         <name>ITM_restore</name>
         <value>0x0</value>
      </symbol>
      <symbol id="sm-8c1">
         <name>__mpu_init</name>
         <value>0x0</value>
      </symbol>
      <symbol id="sm-8c2">
         <name>_system_post_cinit</name>
         <value>0x0</value>
      </symbol>
   </symbol_table>
   <title>Link successful</title>
</link_info>
