******************************************************************************
            TI ARM Clang Linker PC v2.1.3                      
******************************************************************************
>> Linked Fri Nov 17 23:40:28 2023

OUTPUT FILE NAME:   <gpiointerrupt_CC3220SF_LAUNCHXL_nortos_ticlang.out>
ENTRY POINT SYMBOL: "resetISR"  address: 01005d11


MEMORY CONFIGURATION

         name            origin    length      used     unused   attr    fill
----------------------  --------  ---------  --------  --------  ----  --------
  FLASH_HDR             01000000   000007ff  00000000  000007ff  R  X
  FLASH                 01000800   000ff800  00006401  000f93ff  R  X
  SRAM                  20000000   00040000  0000a3e6  00035c1a  RW X
  LOG_DATA              90000000   00040000  00000000  00040000  R   
  LOG_PTR               94000008   00040000  00000000  00040000  R   


SEGMENT ALLOCATION MAP

run origin  load origin   length   init length attrs members
----------  ----------- ---------- ----------- ----- -------
01000800    01000800    00005c44   00005c44    r-x
  01000800    01000800    00000040   00000040    r-- .resetVecs
  01000840    01000840    00005c04   00005c04    r-x .text
01006450    01006450    000007c0   000007c0    r--
  01006450    01006450    000006c5   000006c5    r-- .rodata
  01006b18    01006b18    000000f8   000000f8    r-- .cinit
20000310    20000310    00008000   00000000    rw-
  20000310    20000310    00008000   00000000    rw- .sysmem
20008400    20008400    000010da   00000000    rw-
  20008400    20008400    00000a48   00000000    rw- .bss
  20008e48    20008e48    00000692   00000000    rw- .data
2003f000    2003f000    00001000   00000000    rw-
  2003f000    2003f000    00001000   00000000    rw- .stack


SECTION ALLOCATION MAP

 output                                  attributes/
section   page    origin      length       input sections
--------  ----  ----------  ----------   ----------------
.text      0    01000840    00005c04     
                  01000840    00000844     libc.a : _printfi.c.obj (.text:__TI_printfi_nofloat)
                  01001084    000004b8     driverlib.a : prcm.obj (.text.PRCMCC3200MCUInit)
                  0100153c    000003e4     drivers_cc32xx.a : PowerCC32XX.c.obj (.text.Power_sleep)
                  01001920    00000222                      : UART2CC32XX.c.obj (.text.UART2CC32XX_hwiIntFxn)
                  01001b42    00000002     ti_drivers_config.o (.text.Board_initHook)
                  01001b44    000001cc     drivers_cc32xx.a : UART2CC32XX.c.obj (.text.UART2_open)
                  01001d10    00000178     gpiointerrupt.o (.text.initI2C)
                  01001e88    00000174     drivers_cc32xx.a : UART2.c.obj (.text.UART2_writeTimeoutBlocking)
                  01001ffc    00000150     nortos_cc32xx.a : PowerCC32XX_nortos.c.obj (.text.PowerCC32XX_sleepPolicy)
                  0100214c    00000148     drivers_cc32xx.a : TimerCC32XX.c.obj (.text.Timer_open)
                  01002294    00000140                      : GPIOCC32XX.c.obj (.text.GPIO_setConfig)
                  010023d4    00000138                      : I2CCC32XX.c.obj (.text.I2CCC32XX_hwiFxn)
                  0100250c    00000126                      : I2C.c.obj (.text.I2C_transferTimeout)
                  01002632    00000002                      : I2C.c.obj (.text.I2C_init)
                  01002634    00000120     libc.a : memory.c.obj (.text.aligned_alloc)
                  01002754    0000011a     drivers_cc32xx.a : UART2.c.obj (.text.UART2_writeTimeoutNonblocking)
                  0100286e    00000112     driverlib.a : udma.obj (.text.uDMAChannelTransferSet)
                  01002980    000000fc     libclang_rt.builtins.a : muldf3.S.obj (.text)
                  01002a7c    000000f8     libc.a : memory.c.obj (.text.free)
                  01002b74    000000e8     drivers_cc32xx.a : I2CCC32XX.c.obj (.text.I2C_open)
                  01002c5c    000000e8                      : UART2CC32XX.c.obj (.text.UART2_close)
                  01002d44    000000cc                      : UART2CC32XX.c.obj (.text.UART2Support_dmaStartRx)
                  01002e10    000000c8     driverlib.a : interrupt.obj (.text.IntDisable)
                  01002ed8    000000c8                 : interrupt.obj (.text.IntEnable)
                  01002fa0    000000c4     drivers_cc32xx.a : UART2CC32XX.c.obj (.text.UART2CC32XX_initHw)
                  01003064    000000b8                      : UART2CC32XX.c.obj (.text.UART2Support_dmaStartTx)
                  0100311c    000000b0     libclang_rt.builtins.a : udivmoddi4.S.obj (.text)
                  010031cc    000000ac     driverlib.a : gpio.obj (.text.GPIOIntTypeSet)
                  01003278    000000a4                 : interrupt.obj (.text.IntPendSet)
                  0100331c    000000a2                 : pin.obj (.text.PinConfigSet)
                  010033be    0000009c     drivers_cc32xx.a : I2CCC32XX.c.obj (.text.I2CCC32XX_completeTransfer)
                  0100345a    00000002     nortos_cc32xx.a : PowerCC32XX_nortos.c.obj (.text.PowerCC32XX_initPolicy)
                  0100345c    0000009c     gpiointerrupt.o (.text.readTemp)
                  010034f8    00000098     driverlib.a : i2c.obj (.text.I2CMasterInitExpClk)
                  01003590    00000098     nortos_cc32xx.a : SemaphoreP_nortos.c.obj (.text.SemaphoreP_pend)
                  01003628    00000008                     : HwiPCC32XX_nortos.c.obj (.text.HwiP_disable)
                  01003630    00000096     drivers_cc32xx.a : PowerCC32XX_ticlang.asm.obj (.text)
                  010036c6    00000092     driverlib.a : udma.obj (.text.uDMAChannelAttributeDisable)
                  01003758    00000090     drivers_cc32xx.a : GPIOCC32XX.c.obj (.text.GPIO_init)
                  010037e8    0000008e     driverlib.a : prcm.obj (.text.PRCMSysResetCauseGet)
                  01003876    00000002     nortos_cc32xx.a : SemaphoreP_nortos.c.obj (.text.SemaphoreP_destruct)
                  01003878    0000008c     gpiointerrupt.o (.text.buttonStateMachine)
                  01003904    00000088     drivers_cc32xx.a : PowerCC32XX.c.obj (.text.PowerCC32XX_configureWakeup)
                  0100398c    0000007a                      : I2CCC32XX.c.obj (.text.I2CCC32XX_primeReadBurst)
                  01003a06    00000002                      : Timer.c.obj (.text.Timer_init)
                  01003a08    00000078                      : PowerCC32XX.c.obj (.text.Power_init)
                  01003a80    00000074     nortos_cc32xx.a : HwiPCC32XX_nortos.c.obj (.text.HwiP_construct)
                  01003af4    00000074     driverlib.a : prcm.obj (.text.PRCMHibernateWakeUpGPIOSelect)
                  01003b68    00000074                 : uart.obj (.text.UARTConfigSetExpClk)
                  01003bdc    0000006c                 : pin.obj (.text.PinLockLevelSet)
                  01003c48    0000006c     drivers_cc32xx.a : PowerCC32XX.c.obj (.text.Power_setDependency)
                  01003cb4    0000006c                      : UDMACC32XX.c.obj (.text.UDMACC32XX_open)
                  01003d20    0000006c                      : GPIOCC32XX.c.obj (.text.powerNotifyFxn)
                  01003d8c    0000006c     libc.a : memory.c.obj (.text.split)
                  01003df8    0000006a     driverlib.a : prcm.obj (.text.PRCMPeripheralReset)
                  01003e62    0000006a     libc.a : copy_decompress_lzss.c.obj (.text:decompress:lzss)
                  01003ecc    00000068     drivers_cc32xx.a : I2CCC32XX.c.obj (.text.I2CCC32XX_initHw)
                  01003f34    00000068     driverlib.a : interrupt.obj (.text.IntPendClear)
                  01003f9c    00000066     drivers_cc32xx.a : I2CCC32XX.c.obj (.text.I2CCC32XX_primeWriteBurst)
                  01004002    00000002                      : UART2CC32XX.c.obj (.text.UART2CC32XX_eventCallback)
                  01004004    00000060                      : GPIOCC32XX.c.obj (.text.GPIO_write)
                  01004064    00000060                      : UART2CC32XX.c.obj (.text.UART2Support_dmaStopTx)
                  010040c4    00000060     gpiointerrupt.o (.text.outputToServer)
                  01004124    0000005c     driverlib.a : flash.obj (.text.FlashDisable)
                  01004180    0000005c     drivers_cc32xx.a : I2CCC32XX.c.obj (.text.I2CSupport_primeTransfer)
                  010041dc    0000005c     driverlib.a : prcm.obj (.text.PRCMHibernateWakeupSourceDisable)
                  01004238    0000005c     drivers_cc32xx.a : TimerCC32XX.c.obj (.text.TimerCC32XX_allocateTimerResource)
                  01004294    0000005a     driverlib.a : prcm.obj (.text.PRCMPeripheralClkEnable)
                  010042ee    00000002     libclang_rt.builtins.a : aeabi_div0.c.obj (.text.__aeabi_ldiv0)
                  010042f0    00000058     nortos_cc32xx.a : ClockPSysTick_nortos.c.obj (.text.ClockP_startup)
                  01004348    00000058     driverlib.a : interrupt.obj (.text.IntPrioritySet)
                  010043a0    00000056                 : prcm.obj (.text.PRCMLPDSEnter)
                  010043f6    00000002     libc.a : _lock.c.obj (.text._nop)
                  010043f8    00000054     drivers_cc32xx.a : PowerCC32XX.c.obj (.text.PowerCC32XX_setParkState)
                  0100444c    00000054                      : PowerCC32XX.c.obj (.text.Power_releaseDependency)
                  010044a0    00000050                      : GPIOCC32XX.c.obj (.text.GPIO_hwiIntFxn)
                  010044f0    00000050     driverlib.a : prcm.obj (.text.PRCMHibernateWakeupSourceEnable)
                  01004540    00000050     nortos_cc32xx.a : SemaphoreP_nortos.c.obj (.text.SemaphoreP_construct)
                  01004590    00000050     gpiointerrupt.o (.text.setGPIO)
                  010045e0    0000004e     driverlib.a : udma.obj (.text.uDMAChannelAssign)
                  0100462e    00000002     nortos_cc32xx.a : startup_cc32xx_ticlang.c.obj (.text.busFaultHandler)
                  01004630    0000004c     drivers_cc32xx.a : GPIOCC32XX.c.obj (.text.GPIO_setInterruptConfig)
                  0100467c    0000004c     driverlib.a : prcm.obj (.text.PRCMLPDSRestoreInfoSet)
                  010046c8    0000004c     gpiointerrupt.o (.text.createTasks)
                  01004714    0000004c     drivers_cc32xx.a : TimerCC32XX.c.obj (.text.initHw)
                  01004760    0000004a                      : UART2CC32XX.c.obj (.text.UART2Support_dmaStopRx)
                  010047aa    0000004a                      : TimerCC32XX.c.obj (.text.getPrescaler)
                  010047f4    0000004a     driverlib.a : udma.obj (.text.uDMAChannelSizeGet)
                  0100483e    00000002     nortos_cc32xx.a : SemaphoreP_nortos.c.obj (.text.clkFxn)
                  01004840    00000048                     : ClockPSysTick_nortos.c.obj (.text.ClockP_sysTickHandler)
                  01004888    00000048     driverlib.a : prcm.obj (.text.PRCMIntEnable)
                  010048d0    00000048                 : prcm.obj (.text.PRCMPeripheralStatusGet)
                  01004918    00000048                 : pin.obj (.text.PinConfigGet)
                  01004960    00000048     libc.a : atoi.c.obj (.text.atoi)
                  010049a8    00000048     gpiointerrupt.o (.text.heaterStateMachine)
                  010049f0    00000048     libclang_rt.builtins.a : fixdfsi.S.obj (.text)
                  01004a38    00000046     drivers_cc32xx.a : I2CCC32XX.c.obj (.text.I2CCC32XX_fillTransmitFifo)
                  01004a7e    00000046     driverlib.a : prcm.obj (.text.PRCMLPDSEnterKeepDebugIf)
                  01004ac4    00000046     drivers_cc32xx.a : RingBuf.c.obj (.text.RingBuf_put)
                  01004b0a    00000044     driverlib.a : gpio.obj (.text.GPIODirModeSet)
                  01004b4e    00000002     nortos_cc32xx.a : startup_cc32xx_ticlang.c.obj (.text.defaultHandler)
                  01004b50    00000044     drivers_cc32xx.a : GPIOCC32XX.c.obj (.text.GPIO_disableInt)
                  01004b94    00000044                      : GPIOCC32XX.c.obj (.text.GPIO_enableInt)
                  01004bd8    00000044                      : PowerCC32XX.c.obj (.text.Power_releaseConstraint)
                  01004c1c    00000044                      : Timer.c.obj (.text.Timer_start)
                  01004c60    00000044     nortos_cc32xx.a : ClockPSysTick_nortos.c.obj (.text.addToList)
                  01004ca4    00000044     gpiointerrupt.o (.text.initTimer)
                  01004ce8    00000044     libc.a : snprintf.c.obj (.text.snprintf)
                  01004d2c    00000042     driverlib.a : pin.obj (.text.PinModeSet)
                  01004d6e    00000042                 : timer.obj (.text.TimerControlStall)
                  01004db0    00000042     drivers_cc32xx.a : TimerCC32XX.c.obj (.text.Timer_close)
                  01004df2    00000042     nortos_cc32xx.a : PowerCC32XX_nortos.c.obj (.text.getCountsRTC)
                  01004e34    00000040                     : SemaphoreP_nortos.c.obj (.text.SemaphoreP_post)
                  01004e74    00000040     drivers_cc32xx.a : Timer.c.obj (.text.Timer_stop)
                  01004eb4    00000040     driverlib.a : udma.obj (.text.uDMAChannelControlSet)
                  01004ef4    0000003e                 : pin.obj (.text.PinDirModeSet)
                  01004f32    00000002     nortos_cc32xx.a : startup_cc32xx_ticlang.c.obj (.text.faultISR)
                  01004f34    0000003c                     : ClockPSysTick_nortos.c.obj (.text.ClockP_stop)
                  01004f70    0000003c     drivers_cc32xx.a : UDMACC32XX.c.obj (.text.UDMACC32XX_init)
                  01004fac    0000003a                      : TimerCC32XX.c.obj (.text.TimerSupport_timerEnable)
                  01004fe6    00000002     nortos_cc32xx.a : startup_cc32xx_ticlang.c.obj (.text.nmiISR)
                  01004fe8    00000038                     : ClockPSysTick_nortos.c.obj (.text.ClockP_destruct)
                  01005020    00000038     drivers_cc32xx.a : PowerCC32XX.c.obj (.text.Power_setConstraint)
                  01005058    00000038                      : RingBuf.c.obj (.text.RingBuf_putAdvance)
                  01005090    00000038     nortos_cc32xx.a : SwiP_nortos.c.obj (.text.SwiP_restore)
                  010050c8    00000038     drivers_cc32xx.a : UDMACC32XX.c.obj (.text.UDMACC32XX_close)
                  01005100    00000038     libc.a : autoinit.c.obj (.text:__TI_auto_init_nobinit_nopinit)
                  01005138    00000036     driverlib.a : pin.obj (.text.PinLock)
                  0100516e    00000036     drivers_cc32xx.a : TimerCC32XX.c.obj (.text.TimerCC32XX_hwiIntFunction)
                  010051a4    00000036     driverlib.a : uart.obj (.text.UARTCharPutNonBlocking)
                  010051da    00000002     --HOLE-- [fill = 0]
                  010051dc    00000034     nortos_cc32xx.a : ClockPSysTick_nortos.c.obj (.text.ClockP_start)
                  01005210    00000034     driverlib.a : i2c.obj (.text.I2CFIFODataPutNonBlocking)
                  01005244    00000034                 : pin.obj (.text.PinDirModeGet)
                  01005278    00000034                 : pin.obj (.text.PinModeGet)
                  010052ac    00000034     drivers_cc32xx.a : PowerCC32XX.c.obj (.text.PowerCC32XX_parkPin)
                  010052e0    00000034                      : TimerCC32XX.c.obj (.text.TimerCC32XX_freeTimerResource)
                  01005314    00000034                      : UART2.c.obj (.text.UART2_rxDisable)
                  01005348    00000034     nortos_cc32xx.a : startup_cc32xx_ticlang.c.obj (.text.initVectors)
                  0100537c    00000034     gpiointerrupt.o (.text.mainThread)
                  010053b0    00000034     gpiointerrupt.o (.text.taskScheduler)
                  010053e4    00000030     nortos_cc32xx.a : ClockPSysTick_nortos.c.obj (.text.ClockP_getTicksUntilInterrupt)
                  01005414    00000030     driverlib.a : i2c.obj (.text.I2CFIFODataGetNonBlocking)
                  01005444    00000030                 : prcm.obj (.text.PRCMLPDSIntervalSet)
                  01005474    00000030                 : prcm.obj (.text.PRCMSlowClkCtrFastGet)
                  010054a4    00000030                 : timer.obj (.text.TimerLoadSet)
                  010054d4    00000030                 : timer.obj (.text.TimerPrescaleSet)
                  01005504    00000030     libc.a : snprintf.c.obj (.text._outs)
                  01005534    00000030     gpiointerrupt.o (.text.initUART)
                  01005564    00000030     drivers_cc32xx.a : PowerCC32XX.c.obj (.text.notify)
                  01005594    0000002e     driverlib.a : gpio.obj (.text.GPIOIntStatus)
                  010055c2    0000002e     drivers_cc32xx.a : RingBuf.c.obj (.text.RingBuf_getConsume)
                  010055f0    0000002e                      : RingBuf.c.obj (.text.RingBuf_putPointer)
                  0100561e    0000002e     driverlib.a : uart.obj (.text.UARTDisable)
                  0100564c    0000002e     libclang_rt.builtins.a : floatsidf.S.obj (.text)
                  0100567a    0000002c     driverlib.a : i2c.obj (.text.I2CMasterIntStatusEx)
                  010056a6    0000002c     drivers_cc32xx.a : UART2CC32XX.c.obj (.text.UART2CC32XX_getRxData)
                  010056d2    0000002a     nortos_cc32xx.a : HwiPCC32XX_nortos.c.obj (.text.HwiP_create)
                  010056fc    0000002a     driverlib.a : prcm.obj (.text.PRCMLPDSWakeUpGPIOSelect)
                  01005726    0000002a                 : prcm.obj (.text.PRCMPeripheralClkDisable)
                  01005750    0000002a                 : uart.obj (.text.UARTIntStatus)
                  0100577a    00000028                 : i2c.obj (.text.I2CMasterBusBusy)
                  010057a2    00000028                 : i2c.obj (.text.I2CMasterSlaveAddrSet)
                  010057ca    00000028                 : i2c.obj (.text.I2CTxFIFOConfigSet)
                  010057f2    00000028     drivers_cc32xx.a : I2C.c.obj (.text.I2C_cancel)
                  0100581a    00000028                      : List.c.obj (.text.List_remove)
                  01005842    00000028     driverlib.a : prcm.obj (.text.PRCMSRAMRetentionEnable)
                  0100586a    00000002     --HOLE-- [fill = 0]
                  0100586c    00000028     drivers_cc32xx.a : PowerCC32XX.c.obj (.text.PowerCC32XX_getParkState)
                  01005894    00000028                      : TimerCC32XX.c.obj (.text.TimerSupport_timerDisable)
                  010058bc    00000028     libc.a : memory.c.obj (.text.free_list_insert)
                  010058e4    00000024     driverlib.a : i2c.obj (.text.I2CRxFIFOConfigSet)
                  01005908    00000024                 : interrupt.obj (.text.IntUnregister)
                  0100592c    00000024     drivers_cc32xx.a : List.c.obj (.text.List_put)
                  01005950    00000024     driverlib.a : prcm.obj (.text.PRCMLPDSWakeupSourceEnable)
                  01005974    00000024     drivers_cc32xx.a : PowerCC32XX.c.obj (.text.PowerCC32XX_restoreParkState)
                  01005998    00000024                      : PowerCC32XX.c.obj (.text.PowerCC32XX_restoreParkedPin)
                  010059bc    00000024                      : PowerCC32XX.c.obj (.text.Power_registerNotify)
                  010059e0    00000024                      : UART2CC32XX.c.obj (.text.UART2Support_disableRx)
                  01005a04    00000024     libc.a : boot_cortex_m.c.obj (.text:_c_int00_noargs)
                  01005a28    00000022     driverlib.a : gpio.obj (.text.GPIOPinWrite)
                  01005a4a    00000022                 : pin.obj (.text.PinUnlock)
                  01005a6c    00000022     drivers_cc32xx.a : RingBuf.c.obj (.text.RingBuf_getPointer)
                  01005a8e    00000022                      : UART2CC32XX.c.obj (.text.UART2Support_sendData)
                  01005ab0    00000020     driverlib.a : interrupt.obj (.text.IntRegister)
                  01005ad0    00000020                 : pin.obj (.text.PinTypeI2C)
                  01005af0    00000020     drivers_cc32xx.a : PowerCC32XX.c.obj (.text.PowerCC32XX_reset)
                  01005b10    00000020                      : PowerCC32XX.c.obj (.text.Power_unregisterNotify)
                  01005b30    00000020     nortos_cc32xx.a : SemaphoreP_nortos.c.obj (.text.SemaphoreP_constructBinary)
                  01005b50    00000020                     : SemaphoreP_nortos.c.obj (.text.SemaphoreP_createBinary)
                  01005b70    00000020     driverlib.a : timer.obj (.text.TimerDisable)
                  01005b90    00000020     gpiointerrupt.o (.text.initHeaterVars)
                  01005bb0    0000001e     driverlib.a : pin.obj (.text.PinTypeUART)
                  01005bce    0000001e     drivers_cc32xx.a : UART2.c.obj (.text.UART2_writeTimeout)
                  01005bec    0000001e     driverlib.a : uart.obj (.text.UARTEnable)
                  01005c0a    0000001e     libc.a : memccpy.c.obj (.text.memccpy)
                  01005c28    0000001e     driverlib.a : udma.obj (.text.uDMAChannelDisable)
                  01005c46    0000001e                 : udma.obj (.text.uDMAChannelEnable)
                  01005c64    0000001e                 : udma.obj (.text.uDMAChannelIsEnabled)
                  01005c82    00000002     --HOLE-- [fill = 0]
                  01005c84    0000001c     drivers_cc32xx.a : GPIO.c.obj (.text.GPIO_setCallback)
                  01005ca0    0000001c     nortos_cc32xx.a : HwiPCC32XX_nortos.c.obj (.text.HwiP_dispatch)
                  01005cbc    0000001c                     : SwiP_nortos.c.obj (.text.SwiP_disable)
                  01005cd8    0000001c     libc.a : memory.c.obj (.text.free_list_remove)
                  01005cf4    0000001c     drivers_cc32xx.a : TimerCC32XX.c.obj (.text.getPowerMgrId)
                  01005d10    0000001c     nortos_cc32xx.a : startup_cc32xx_ticlang.c.obj (.text.resetISR)
                  01005d2c    0000001a     driverlib.a : gpio.obj (.text.GPIOIntDisable)
                  01005d46    0000001a                 : prcm.obj (.text.PRCMHIBRegRead)
                  01005d60    0000001a                 : prcm.obj (.text.PRCMHIBRegWrite)
                  01005d7a    0000001a                 : prcm.obj (.text.PRCMLPDSWakeupSourceDisable)
                  01005d94    0000001a                 : pin.obj (.text.PinToPadGet)
                  01005dae    0000001a                 : timer.obj (.text.TimerEnable)
                  01005dc8    0000001a                 : uart.obj (.text.UARTFlowControlSet)
                  01005de2    00000018                 : gpio.obj (.text.GPIOIntEnable)
                  01005dfa    00000018     nortos_cc32xx.a : SemaphoreP_nortos.c.obj (.text.SemaphoreP_create)
                  01005e12    00000018     libc.a : snprintf.c.obj (.text._outc)
                  01005e2a    00000016     ti_drivers_config.o (.text.Board_init)
                  01005e40    00000016     driverlib.a : i2c.obj (.text.I2CMasterBurstLengthSet)
                  01005e56    00000016                 : i2c.obj (.text.I2CMasterIntDisableEx)
                  01005e6c    00000016                 : i2c.obj (.text.I2CRxFIFOFlush)
                  01005e82    00000016                 : i2c.obj (.text.I2CTxFIFOFlush)
                  01005e98    00000016                 : systick.obj (.text.SysTickPeriodSet)
                  01005eae    00000016                 : timer.obj (.text.TimerIntDisable)
                  01005ec4    00000016                 : uart.obj (.text.UARTCharsAvail)
                  01005eda    00000016                 : uart.obj (.text.UARTDMADisable)
                  01005ef0    00000016                 : uart.obj (.text.UARTFIFOLevelSet)
                  01005f06    00000016                 : uart.obj (.text.UARTIntDisable)
                  01005f1c    00000014                 : cpu.obj (.text.CPUcpsid)
                  01005f30    00000014                 : cpu.obj (.text.CPUcpsie)
                  01005f44    00000014     nortos_cc32xx.a : HwiPCC32XX_nortos.c.obj (.text.HwiP_destruct)
                  01005f58    00000014     driverlib.a : i2c.obj (.text.I2CMasterIntEnableEx)
                  01005f6c    00000014                 : interrupt.obj (.text.IntVTableBaseSet)
                  01005f80    00000014     drivers_cc32xx.a : PowerCC32XX.c.obj (.text.Power_disablePolicy)
                  01005f94    00000014                      : PowerCC32XX.c.obj (.text.Power_getTransitionLatency)
                  01005fa8    00000014                      : PowerCC32XX.c.obj (.text.Power_idleFunc)
                  01005fbc    00000014     driverlib.a : timer.obj (.text.TimerIntEnable)
                  01005fd0    00000014                 : uart.obj (.text.UARTDMAEnable)
                  01005fe4    00000014                 : uart.obj (.text.UARTIntEnable)
                  01005ff8    00000014                 : udma.obj (.text.uDMAControlBaseSet)
                  0100600c    00000014                 : udma.obj (.text.uDMAIntClear)
                  01006020    00000014     libclang_rt.builtins.a : aeabi_memset.S.obj (.text)
                  01006034    00000014                            : aeabi_uldivmod.S.obj (.text)
                  01006048    00000012     nortos_cc32xx.a : ClockPSysTick_nortos.c.obj (.text.ClockP_add)
                  0100605a    00000012     driverlib.a : gpio.obj (.text.GPIOIntClear)
                  0100606c    00000012     nortos_cc32xx.a : HwiPCC32XX_nortos.c.obj (.text.HwiP_Params_init)
                  0100607e    00000012                     : HwiPCC32XX_nortos.c.obj (.text.HwiP_delete)
                  01006090    00000012     driverlib.a : i2c.obj (.text.I2CMasterDisable)
                  010060a2    00000012                 : i2c.obj (.text.I2CMasterEnable)
                  010060b4    00000012     drivers_cc32xx.a : I2C.c.obj (.text.I2C_transfer)
                  010060c6    00000012     driverlib.a : systick.obj (.text.SysTickEnable)
                  010060d8    00000012                 : systick.obj (.text.SysTickIntDisable)
                  010060ea    00000012                 : systick.obj (.text.SysTickIntEnable)
                  010060fc    00000012     drivers_cc32xx.a : UDMACC32XX.c.obj (.text.postNotifyFxn)
                  0100610e    00000012     libc.a : memcpy_t2.S.obj (.text:TI_memcpy_small)
                  01006120    00000010     nortos_cc32xx.a : ClockPSysTick_nortos.c.obj (.text.ClockP_getCpuFreq)
                  01006130    00000010                     : ClockPSysTick_nortos.c.obj (.text.ClockP_getSystemTicks)
                  01006140    00000010                     : ClockPSysTick_nortos.c.obj (.text.ClockP_setTicks)
                  01006150    00000010                     : HwiPCC32XX_nortos.c.obj (.text.HwiP_inISR)
                  01006160    00000010     driverlib.a : i2c.obj (.text.I2CMasterControl)
                  01006170    00000010                 : i2c.obj (.text.I2CMasterIntClearEx)
                  01006180    00000010                 : i2c.obj (.text.I2CMasterTimeoutSet)
                  01006190    00000010     drivers_cc32xx.a : PowerCC32XX.c.obj (.text.Power_enablePolicy)
                  010061a0    00000010                      : RingBuf.c.obj (.text.RingBuf_construct)
                  010061b0    00000010     driverlib.a : timer.obj (.text.TimerIntClear)
                  010061c0    00000010     drivers_cc32xx.a : Timer.c.obj (.text.Timer_Params_init)
                  010061d0    00000010                      : UART2CC32XX.c.obj (.text.UART2Support_txDone)
                  010061e0    00000010     driverlib.a : uart.obj (.text.UARTBusy)
                  010061f0    00000010                 : uart.obj (.text.UARTIntClear)
                  01006200    00000010                 : uart.obj (.text.UARTRxErrorGet)
                  01006210    00000010     main_nortos.o (.text.main)
                  01006220    00000010     libc.a : wcslen.c.obj (.text.wcslen)
                  01006230    00000010            : copy_zero_init.c.obj (.text:decompress:ZI)
                  01006240    0000000e     nortos_cc32xx.a : HwiPCC32XX_nortos.c.obj (.text.HwiP_interruptsEnabled)
                  0100624e    0000000e     driverlib.a : i2c.obj (.text.I2CFIFOStatus)
                  0100625c    0000000e     drivers_cc32xx.a : UART2.c.obj (.text.UART2_write)
                  0100626a    0000000e     libc.a : _printfi.c.obj (.text.strlen)
                  01006278    0000000e     driverlib.a : udma.obj (.text.uDMAEnable)
                  01006286    0000000e                 : udma.obj (.text.uDMAErrorStatusClear)
                  01006294    0000000e     libc.a : memset_t2.S.obj (.text:TI_memset_small)
                  010062a2    0000000e            : copy_decompress_none.c.obj (.text:decompress:none)
                  010062b0    0000000c     driverlib.a : cpu.obj (.text.CPUwfi)
                  010062bc    0000000c     drivers_cc32xx.a : I2CCC32XX.c.obj (.text.I2CCC32XX_postNotify)
                  010062c8    0000000c                      : I2C.c.obj (.text.I2C_Params_init)
                  010062d4    0000000c                      : I2CCC32XX.c.obj (.text.OUTLINED_FUNCTION_0)
                  010062e0    0000000c                      : UART2CC32XX.c.obj (.text.OUTLINED_FUNCTION_0)
                  010062ec    0000000c     gpiointerrupt.o (.text.OUTLINED_FUNCTION_0)
                  010062f8    0000000c     driverlib.a : prcm.obj (.text.PRCMLPDSWakeupCauseGet)
                  01006304    0000000c     drivers_cc32xx.a : PowerCC32XX.c.obj (.text.Power_getConstraintMask)
                  01006310    0000000c                      : UART2CC32XX.c.obj (.text.UART2CC32XX_postNotifyFxn)
                  0100631c    0000000c                      : UART2CC32XX.c.obj (.text.UART2Support_disableTx)
                  01006328    0000000c                      : UART2CC32XX.c.obj (.text.UART2Support_enableTx)
                  01006334    0000000c                      : UART2.c.obj (.text.UART2_Params_init)
                  01006340    0000000c     gpiointerrupt.o (.text.gpioButtonFxn0)
                  0100634c    0000000c     gpiointerrupt.o (.text.gpioButtonFxn1)
                  01006358    0000000c     drivers_cc32xx.a : TimerCC32XX.c.obj (.text.postNotifyFxn)
                  01006364    0000000c     gpiointerrupt.o (.text.timerCallback)
                  01006370    0000000c     driverlib.a : udma.obj (.text.uDMAErrorStatusGet)
                  0100637c    0000000a                 : cpu.obj (.text.CPUprimask)
                  01006386    0000000a     nortos_cc32xx.a : ClockPSysTick_nortos.c.obj (.text.ClockP_isActive)
                  01006390    0000000a     driverlib.a : interrupt.obj (.text.IntMasterDisable)
                  0100639a    0000000a                 : interrupt.obj (.text.IntMasterEnable)
                  010063a4    0000000a     drivers_cc32xx.a : UART2CC32XX.c.obj (.text.OUTLINED_FUNCTION_1)
                  010063ae    0000000a                      : UART2CC32XX.c.obj (.text.OUTLINED_FUNCTION_2)
                  010063b8    0000000a     ti_drivers_config.o (.text.dmaErrorFxn)
                  010063c2    00000008     nortos_cc32xx.a : HwiPCC32XX_nortos.c.obj (.text.HwiP_restore)
                  010063ca    00000008     drivers_cc32xx.a : I2CCC32XX.c.obj (.text.I2CCC32XX_blockingCallback)
                  010063d2    00000008                      : I2CCC32XX.c.obj (.text.I2CSupport_controllerFinish)
                  010063da    00000008     driverlib.a : prcm.obj (.text.PRCMSleepEnter)
                  010063e2    00000008                 : utils.obj (.text.UtilsDelay)
                  010063ea    00000002     --HOLE-- [fill = 0]
                  010063ec    00000008     libc.a : aeabi_portable.c.obj (.text.__aeabi_errno_addr)
                  010063f4    00000008            : memory.c.obj (.text.malloc)
                  010063fc    00000006     drivers_cc32xx.a : I2CCC32XX.c.obj (.text.I2CSupport_powerRelConstraint)
                  01006402    00000006                      : I2CCC32XX.c.obj (.text.I2CSupport_powerSetConstraint)
                  01006408    00000006                      : UART2CC32XX.c.obj (.text.UART2Support_powerRelConstraint)
                  0100640e    00000004     nortos_cc32xx.a : ClockPSysTick_nortos.c.obj (.text.ClockP_doTick)
                  01006412    00000004                     : HwiPCC32XX_nortos.c.obj (.text.HwiP_clearInterrupt)
                  01006416    00000004                     : HwiPCC32XX_nortos.c.obj (.text.HwiP_disableInterrupt)
                  0100641a    00000004                     : HwiPCC32XX_nortos.c.obj (.text.HwiP_enable)
                  0100641e    00000004                     : HwiPCC32XX_nortos.c.obj (.text.HwiP_enableInterrupt)
                  01006422    00000004                     : HwiPCC32XX_nortos.c.obj (.text.HwiP_post)
                  01006426    00000004     driverlib.a : interrupt.obj (.text.IntDefaultHandler)
                  0100642a    00000004     nortos_cc32xx.a : NoRTOS.c.obj (.text.NoRTOS_start)
                  0100642e    00000004     drivers_cc32xx.a : RingBuf.c.obj (.text.RingBuf_getCount)
                  01006432    00000004     nortos_cc32xx.a : SemaphoreP_nortos.c.obj (.text.SemaphoreP_delete)
                  01006436    00000004     libc.a : pre_init.c.obj (.text._system_pre_init)
                  0100643a    00000004            : exit.c.obj (.text:abort)
                  0100643e    00000002     --HOLE-- [fill = 0]
                  01006440    00000004     libclang_rt.builtins.a : aeabi_memcpy.S.obj (.text)

.rodata    0    01006450    000006c5     
                  01006450    00000101     libc.a : aeabi_ctype.S.obj (.rodata)
                  01006551    00000002     drivers_cc32xx.a : UART2CC32XX.c.obj (.rodata.stopBits)
                  01006553    00000001     ti_drivers_config.o (.rodata.GPIO_pinUpperBound)
                  01006554    00000100     driverlib.a : pin.obj (.rodata.g_ulPinToPadMap)
                  01006654    000000d4                 : interrupt.obj (.rodata.g_pulRegs)
                  01006728    000000c8     gpiointerrupt.o (.rodata.str1.1)
                  010067f0    000000a8     driverlib.a : prcm.obj (.rodata.PRCM_PeriphRegsList)
                  01006898    00000066     gpiointerrupt.o (.rodata.str1.4)
                  010068fe    00000001     ti_drivers_config.o (.rodata.I2C_count)
                  010068ff    00000001     ti_drivers_config.o (.rodata.Timer_count)
                  01006900    00000044     ti_drivers_config.o (.rodata.PowerCC32XX_config)
                  01006944    00000038     ti_drivers_config.o (.rodata.uart2CC32XXHWAttrs0)
                  0100697c    00000028     drivers_cc32xx.a : GPIOCC32XX.c.obj (.rodata.portConfigs)
                  010069a4    00000024                      : UART2.c.obj (.rodata.UART2_defaultParams)
                  010069c8    00000022     libc.a : _printfi.c.obj (.rodata.str1.1)
                  010069ea    00000021     drivers_cc32xx.a : GPIOCC32XX.c.obj (.rodata.pinTable)
                  01006a0b    00000001     ti_drivers_config.o (.rodata.UART2_count)
                  01006a0c    00000018     driverlib.a : interrupt.obj (.rodata.g_pulDisRegs)
                  01006a24    00000018                 : interrupt.obj (.rodata.g_pulEnRegs)
                  01006a3c    00000018                 : interrupt.obj (.rodata.g_pulPendRegs)
                  01006a54    00000018                 : interrupt.obj (.rodata.g_pulUnpendRegs)
                  01006a6c    00000018     gpiointerrupt.o (.rodata.sensors)
                  01006a84    00000014     ti_drivers_config.o (.rodata.i2cCC32XXHWAttrs)
                  01006a98    00000010     ti_drivers_config.o (.rodata.GPIO_config)
                  01006aa8    00000010     drivers_cc32xx.a : I2CCC32XX.c.obj (.rodata.cst16)
                  01006ab8    00000010     ti_drivers_config.o (.rodata.timerCC32XXHWAttrs)
                  01006ac8    0000000c     drivers_cc32xx.a : Timer.c.obj (.rodata.defaultParams)
                  01006ad4    0000000c                      : TimerCC32XX.c.obj (.rodata.defaultParams)
                  01006ae0    0000000c     ti_drivers_config.o (.rodata.udmaCC3220SHWAttrs)
                  01006aec    00000008     ti_drivers_config.o (.rodata.I2C_config)
                  01006af4    00000008     ti_drivers_config.o (.rodata.Timer_config)
                  01006afc    00000008     ti_drivers_config.o (.rodata.UART2_config)
                  01006b04    00000008     ti_drivers_config.o (.rodata.UDMACC32XX_config)
                  01006b0c    00000005     drivers_cc32xx.a : UART2CC32XX.c.obj (.rodata.parityType)
                  01006b11    00000004                      : UART2CC32XX.c.obj (.rodata.cst4)

.cinit     0    01006b18    000000f8     
                  01006b18    000000d1     (.cinit..data.load) [load image, compression = lzss]
                  01006be9    00000003     --HOLE-- [fill = 0]
                  01006bec    0000000c     (__TI_handler_table)
                  01006bf8    00000008     (.cinit..bss.load) [load image, compression = zero_init]
                  01006c00    00000010     (__TI_cinit_table)

.init_array 
*          0    01000800    00000000     UNINITIALIZED

.resetVecs 
*          0    01000800    00000040     
                  01000800    00000040     nortos_cc32xx.a : startup_cc32xx_ticlang.c.obj (.resetVecs)

.ramVecs   0    20000000    0000030c     NOLOAD SECTION
                  20000000    0000030c     nortos_cc32xx.a : startup_cc32xx_ticlang.c.obj (.ramVecs)

.sysmem    0    20000310    00008000     UNINITIALIZED
                  20000310    00000010     libc.a : memory.c.obj (.sysmem)
                  20000320    00007ff0     --HOLE--

.bss       0    20008400    00000a48     UNINITIALIZED
                  20008400    00000400     ti_drivers_config.o (.bss.dmaControlTable)
                  20008800    00000178     (.common:uart2CC32XXObjects0)
                  20008978    0000012c     (.common:PowerCC32XX_contextSave)
                  20008aa4    000000fc     (.common:i2cCC32XXObjects)
                  20008ba0    00000084     (.common:gpioCallbackFunctions)
                  20008c24    00000084     (.common:gpioUserArgs)
                  20008ca8    00000084     (.common:timerCC32XXObjects)
                  20008d2c    00000040     (.common:output)
                  20008d6c    00000030     (.common:tasks)
                  20008d9c    00000020     ti_drivers_config.o (.bss.uart2RxRingBuffer0)
                  20008dbc    00000020     ti_drivers_config.o (.bss.uart2TxRingBuffer0)
                  20008ddc    00000020     (.common:i2cTransaction)
                  20008dfc    00000014     drivers_cc32xx.a : UDMACC32XX.c.obj (.bss.postNotifyObj)
                  20008e10    00000010     (.common:ClockP_ctrl)
                  20008e20    00000008     (.common:udmaCC3220SObject)
                  20008e28    00000004     nortos_cc32xx.a : ClockPSysTick_nortos.c.obj (.bss.sysTickPeriod)
                  20008e2c    00000004     libc.a : memory.c.obj (.bss.sys_free)
                  20008e30    00000004     drivers_cc32xx.a : TimerCC32XX.c.obj (.bss.timerState.0)
                  20008e34    00000004     (.common:i2c)
                  20008e38    00000004     (.common:timer0)
                  20008e3c    00000004     (.common:uart)
                  20008e40    00000002     (.common:rxBuffer)
                  20008e42    00000002     (.common:set_point)
                  20008e44    00000002     (.common:temperature)
                  20008e46    00000001     (.common:heater_on)
                  20008e47    00000001     (.common:txBuffer)

.data      0    20008e48    00000692     UNINITIALIZED
                  20008e48    0000030c     nortos_cc32xx.a : HwiPCC32XX_nortos.c.obj (.data.HwiP_dispatchTable)
                  20009154    0000016c     drivers_cc32xx.a : PowerCC32XX.c.obj (.data.PowerCC32XX_module)
                  200092c0    000000f8     ti_drivers_config.o (.data.parkInfo)
                  200093b8    00000084     ti_drivers_config.o (.data.gpioPinConfigs)
                  2000943c    0000004c     nortos_cc32xx.a : SwiP_nortos.c.obj (.data..L_MergedGlobals)
                  20009488    00000018     drivers_cc32xx.a : GPIOCC32XX.c.obj (.data..L_MergedGlobals)
                  200094a0    00000010     nortos_cc32xx.a : SemaphoreP_nortos.c.obj (.data..L_MergedGlobals)
                  200094b0    00000008     drivers_cc32xx.a : UDMACC32XX.c.obj (.data..L_MergedGlobals)
                  200094b8    00000008     nortos_cc32xx.a : ClockPSysTick_nortos.c.obj (.data..L_MergedGlobals)
                  200094c0    00000004                     : HwiPCC32XX_nortos.c.obj (.data.HwiP_swiPIntNum)
                  200094c4    00000004     libc.a : aeabi_portable.c.obj (.data.__aeabi_errno)
                  200094c8    00000004            : _lock.c.obj (.data._lock)
                  200094cc    00000004            : _lock.c.obj (.data._unlock)
                  200094d0    00000004     gpiointerrupt.o (.data.seconds_since_restart)
                  200094d4    00000002     gpiointerrupt.o (.data..L_MergedGlobals)
                  200094d6    00000001     gpiointerrupt.o (.data.TimerFlag)
                  200094d7    00000001     drivers_cc32xx.a : GPIOCC32XX.c.obj (.data.initCalled)
                  200094d8    00000001     libc.a : memory.c.obj (.data.memory_is_initialized)
                  200094d9    00000001     drivers_cc32xx.a : GPIOCC32XX.c.obj (.data.portHwiCreatedBitMask)

.stack     0    2003f000    00001000     UNINITIALIZED
                  2003f000    00000004     libc.a : boot_cortex_m.c.obj (.stack)
                  2003f004    00000ffc     --HOLE--

.log_data 
*          0    90000000    00000000     COPY SECTION

.log_ptr   0    94000008    00000000     COPY SECTION

__llvm_prf_cnts 
*          0    20000000    00000000     UNINITIALIZED

__llvm_prf_bits 
*          0    20000000    00000000     UNINITIALIZED

.binit     0    01000000    00000000     

MODULE SUMMARY

       Module                         code    ro data   rw data
       ------                         ----    -------   -------
    .\
       gpiointerrupt.o                1296    326       171    
       main_nortos.o                  16      0         0      
    +--+------------------------------+-------+---------+---------+
       Total:                         1312    326       171    
                                                               
    .\syscfg\
       ti_drivers_config.o            34      224       2500   
    +--+------------------------------+-------+---------+---------+
       Total:                         34      224       2500   
                                                               
    C:/ti/simplelink_cc32xx_sdk_7_10_00_13/kernel/nortos/lib/ticlang/m4/nortos_cc32xx.a
       HwiPCC32XX_nortos.c.obj        308     0         784    
       startup_cc32xx_ticlang.c.obj   88      64        780    
       ClockPSysTick_nortos.c.obj     524     0         28     
       SemaphoreP_nortos.c.obj        392     0         16     
       PowerCC32XX_nortos.c.obj       404     0         0      
       SwiP_nortos.c.obj              84      0         76     
       NoRTOS.c.obj                   4       0         0      
    +--+------------------------------+-------+---------+---------+
       Total:                         1804    64        1684   
                                                               
    C:/ti/simplelink_cc32xx_sdk_7_10_00_13/source/ti/devices/cc32xx/driverlib/ticlang/Release/driverlib.a
       prcm.obj                       2564    168       0      
       interrupt.obj                  868     308       0      
       pin.obj                        750     256       0      
       udma.obj                       806     0         0      
       i2c.obj                        658     0         0      
       uart.obj                       490     0         0      
       gpio.obj                       388     0         0      
       timer.obj                      278     0         0      
       flash.obj                      92      0         0      
       systick.obj                    76      0         0      
       cpu.obj                        62      0         0      
       utils.obj                      8       0         0      
    +--+------------------------------+-------+---------+---------+
       Total:                         7040    732       0      
                                                               
    C:/ti/simplelink_cc32xx_sdk_7_10_00_13/source/ti/drivers/lib/ticlang/m4/drivers_cc32xx.a
       PowerCC32XX.c.obj              2052    0         664    
       UART2CC32XX.c.obj              2198    11        0      
       I2CCC32XX.c.obj                1242    16        0      
       GPIOCC32XX.c.obj               960     73        26     
       TimerCC32XX.c.obj              880     12        4      
       UART2.c.obj                    762     36        0      
       I2C.c.obj                      366     0         0      
       RingBuf.c.obj                  272     0         0      
       UDMACC32XX.c.obj               242     0         28     
       Timer.c.obj                    150     12        0      
       PowerCC32XX_ticlang.asm.obj    150     0         0      
       List.c.obj                     76      0         0      
       GPIO.c.obj                     28      0         0      
    +--+------------------------------+-------+---------+---------+
       Total:                         9378    160       722    
                                                               
    C:\ti\ccs1230\ccs\tools\compiler\ti-cgt-armllvm_2.1.3.LTS\lib\armv7em-ti-none-eabi/c/libc.a
       _printfi.c.obj                 2130    34        0      
       memory.c.obj                   720     0         5      
       aeabi_ctype.S.obj              0       257       0      
       snprintf.c.obj                 140     0         0      
       copy_decompress_lzss.c.obj     106     0         0      
       atoi.c.obj                     72      0         0      
       autoinit.c.obj                 56      0         0      
       boot_cortex_m.c.obj            36      0         0      
       memccpy.c.obj                  30      0         0      
       memcpy_t2.S.obj                18      0         0      
       copy_zero_init.c.obj           16      0         0      
       wcslen.c.obj                   16      0         0      
       copy_decompress_none.c.obj     14      0         0      
       memset_t2.S.obj                14      0         0      
       aeabi_portable.c.obj           8       0         4      
       _lock.c.obj                    2       0         8      
       exit.c.obj                     4       0         0      
       pre_init.c.obj                 4       0         0      
    +--+------------------------------+-------+---------+---------+
       Total:                         3386    291       17     
                                                               
    C:\ti\ccs1230\ccs\tools\compiler\ti-cgt-armllvm_2.1.3.LTS\lib\clang/14.0.6/lib/armv7em-ti-none-eabi/libclang_rt.builtins.a
       muldf3.S.obj                   252     0         0      
       udivmoddi4.S.obj               176     0         0      
       fixdfsi.S.obj                  72      0         0      
       floatsidf.S.obj                46      0         0      
       aeabi_memset.S.obj             20      0         0      
       aeabi_uldivmod.S.obj           20      0         0      
       aeabi_memcpy.S.obj             4       0         0      
       aeabi_div0.c.obj               2       0         0      
    +--+------------------------------+-------+---------+---------+
       Total:                         592     0         0      
                                                               
       Heap:                          0       0         32768  
       Stack:                         0       0         4096   
       Linker Generated:              0       245       0      
    +--+------------------------------+-------+---------+---------+
       Grand Total:                   23546   2042      41958  


LINKER GENERATED COPY TABLES

__TI_cinit_table @ 01006c00 records: 2, size/record: 8, table size: 16
	.data: load addr=01006b18, load size=000000d1 bytes, run addr=20008e48, run size=00000692 bytes, compression=lzss
	.bss: load addr=01006bf8, load size=00000008 bytes, run addr=20008400, run size=00000a48 bytes, compression=zero_init


LINKER GENERATED HANDLER TABLE

__TI_handler_table @ 01006bec records: 3, size/record: 4, table size: 12
	index: 0, handler: __TI_decompress_lzss
	index: 1, handler: __TI_decompress_none
	index: 2, handler: __TI_zero_init


GLOBAL SYMBOLS: SORTED ALPHABETICALLY BY Name 

address   name                             
-------   ----                             
01005e2b  Board_init                       
01001b43  Board_initHook                   
0100643a  C$$EXIT                          
01005f1d  CPUcpsid                         
01005f31  CPUcpsie                         
0100637d  CPUprimask                       
010062b1  CPUwfi                           
01006049  ClockP_add                       
20008e10  ClockP_ctrl                      
01004fe9  ClockP_destruct                  
0100640f  ClockP_doTick                    
01006121  ClockP_getCpuFreq                
01006131  ClockP_getSystemTicks            
010053e5  ClockP_getTicksUntilInterrupt    
01006387  ClockP_isActive                  
01006141  ClockP_setTicks                  
010051dd  ClockP_start                     
010042f1  ClockP_startup                   
01004f35  ClockP_stop                      
01004841  ClockP_sysTickHandler            
200094bc  ClockP_tickPeriod                
01004125  FlashDisable                     
01004b0b  GPIODirModeSet                   
0100605b  GPIOIntClear                     
01005d2d  GPIOIntDisable                   
01005de3  GPIOIntEnable                    
01005595  GPIOIntStatus                    
010031cd  GPIOIntTypeSet                   
01005a29  GPIOPinWrite                     
01006a98  GPIO_config                      
01004b51  GPIO_disableInt                  
01004b95  GPIO_enableInt                   
010044a1  GPIO_hwiIntFxn                   
01003759  GPIO_init                        
01006553  GPIO_pinUpperBound               
01005c85  GPIO_setCallback                 
01002295  GPIO_setConfig                   
01004631  GPIO_setInterruptConfig          
01004005  GPIO_write                       
0100606d  HwiP_Params_init                 
01006413  HwiP_clearInterrupt              
01003a81  HwiP_construct                   
010056d3  HwiP_create                      
0100607f  HwiP_delete                      
01005f45  HwiP_destruct                    
01003629  HwiP_disable                     
01006417  HwiP_disableInterrupt            
01005ca1  HwiP_dispatch                    
0100641b  HwiP_enable                      
0100641f  HwiP_enableInterrupt             
01006151  HwiP_inISR                       
01006241  HwiP_interruptsEnabled           
01006423  HwiP_post                        
010063c3  HwiP_restore                     
200094c0  HwiP_swiPIntNum                  
01005415  I2CFIFODataGetNonBlocking        
01005211  I2CFIFODataPutNonBlocking        
0100624f  I2CFIFOStatus                    
01005e41  I2CMasterBurstLengthSet          
0100577b  I2CMasterBusBusy                 
01006161  I2CMasterControl                 
01006091  I2CMasterDisable                 
010060a3  I2CMasterEnable                  
010034f9  I2CMasterInitExpClk              
01006171  I2CMasterIntClearEx              
01005e57  I2CMasterIntDisableEx            
01005f59  I2CMasterIntEnableEx             
0100567b  I2CMasterIntStatusEx             
010057a3  I2CMasterSlaveAddrSet            
01006181  I2CMasterTimeoutSet              
010058e5  I2CRxFIFOConfigSet               
01005e6d  I2CRxFIFOFlush                   
010063d3  I2CSupport_controllerFinish      
010063fd  I2CSupport_powerRelConstraint    
01006403  I2CSupport_powerSetConstraint    
01004181  I2CSupport_primeTransfer         
010057cb  I2CTxFIFOConfigSet               
01005e83  I2CTxFIFOFlush                   
010062c9  I2C_Params_init                  
010057f3  I2C_cancel                       
01006aec  I2C_config                       
010068fe  I2C_count                        
01002633  I2C_init                         
01002b75  I2C_open                         
010060b5  I2C_transfer                     
0100250d  I2C_transferTimeout              
UNDEFED   ITM_flush                        
UNDEFED   ITM_restore                      
01002e11  IntDisable                       
01002ed9  IntEnable                        
01006391  IntMasterDisable                 
0100639b  IntMasterEnable                  
01003f35  IntPendClear                     
01003279  IntPendSet                       
01004349  IntPrioritySet                   
01005ab1  IntRegister                      
01005909  IntUnregister                    
01005f6d  IntVTableBaseSet                 
0100592d  List_put                         
0100581b  List_remove                      
0100642b  NoRTOS_start                     
01001085  PRCMCC3200MCUInit                
01005d47  PRCMHIBRegRead                   
01005d61  PRCMHIBRegWrite                  
01003af5  PRCMHibernateWakeUpGPIOSelect    
010041dd  PRCMHibernateWakeupSourceDisable 
010044f1  PRCMHibernateWakeupSourceEnable  
01004889  PRCMIntEnable                    
010043a1  PRCMLPDSEnter                    
01004a7f  PRCMLPDSEnterKeepDebugIf         
01005445  PRCMLPDSIntervalSet              
0100467d  PRCMLPDSRestoreInfoSet           
010056fd  PRCMLPDSWakeUpGPIOSelect         
010062f9  PRCMLPDSWakeupCauseGet           
01005d7b  PRCMLPDSWakeupSourceDisable      
01005951  PRCMLPDSWakeupSourceEnable       
01005727  PRCMPeripheralClkDisable         
01004295  PRCMPeripheralClkEnable          
01003df9  PRCMPeripheralReset              
010048d1  PRCMPeripheralStatusGet          
01005843  PRCMSRAMRetentionEnable          
010063db  PRCMSleepEnter                   
01005475  PRCMSlowClkCtrFastGet            
010037e9  PRCMSysResetCauseGet             
01004919  PinConfigGet                     
0100331d  PinConfigSet                     
01005245  PinDirModeGet                    
01004ef5  PinDirModeSet                    
01005139  PinLock                          
01003bdd  PinLockLevelSet                  
01005279  PinModeGet                       
01004d2d  PinModeSet                       
01005d95  PinToPadGet                      
01005ad1  PinTypeI2C                       
01005bb1  PinTypeUART                      
01005a4b  PinUnlock                        
01006900  PowerCC32XX_config               
01003905  PowerCC32XX_configureWakeup      
20008978  PowerCC32XX_contextSave          
01003631  PowerCC32XX_enterLPDS            
0100586d  PowerCC32XX_getParkState         
0100345b  PowerCC32XX_initPolicy           
20009154  PowerCC32XX_module               
010052ad  PowerCC32XX_parkPin              
01005af1  PowerCC32XX_reset                
01005975  PowerCC32XX_restoreParkState     
01005999  PowerCC32XX_restoreParkedPin     
01003675  PowerCC32XX_resumeLPDS           
010043f9  PowerCC32XX_setParkState         
01001ffd  PowerCC32XX_sleepPolicy          
01005f81  Power_disablePolicy              
01006191  Power_enablePolicy               
01006305  Power_getConstraintMask          
01005f95  Power_getTransitionLatency       
01005fa9  Power_idleFunc                   
01003a09  Power_init                       
010059bd  Power_registerNotify             
01004bd9  Power_releaseConstraint          
0100444d  Power_releaseDependency          
01005021  Power_setConstraint              
01003c49  Power_setDependency              
0100153d  Power_sleep                      
01005b11  Power_unregisterNotify           
010061a1  RingBuf_construct                
010055c3  RingBuf_getConsume               
0100642f  RingBuf_getCount                 
01005a6d  RingBuf_getPointer               
01004ac5  RingBuf_put                      
01005059  RingBuf_putAdvance               
010055f1  RingBuf_putPointer               
01004541  SemaphoreP_construct             
01005b31  SemaphoreP_constructBinary       
01005dfb  SemaphoreP_create                
01005b51  SemaphoreP_createBinary          
200094a8  SemaphoreP_defaultParams         
01006433  SemaphoreP_delete                
01003877  SemaphoreP_destruct              
01003591  SemaphoreP_pend                  
01004e35  SemaphoreP_post                  
01005cbd  SwiP_disable                     
01005091  SwiP_restore                     
010060c7  SysTickEnable                    
010060d9  SysTickIntDisable                
010060eb  SysTickIntEnable                 
01005e99  SysTickPeriodSet                 
0100610f  TI_memcpy_small                  
01006295  TI_memset_small                  
01004239  TimerCC32XX_allocateTimerResource
010052e1  TimerCC32XX_freeTimerResource    
01004d6f  TimerControlStall                
01005b71  TimerDisable                     
01005daf  TimerEnable                      
200094d6  TimerFlag                        
010061b1  TimerIntClear                    
01005eaf  TimerIntDisable                  
01005fbd  TimerIntEnable                   
010054a5  TimerLoadSet                     
010054d5  TimerPrescaleSet                 
01005895  TimerSupport_timerDisable        
01004fad  TimerSupport_timerEnable         
010061c1  Timer_Params_init                
01004db1  Timer_close                      
01006af4  Timer_config                     
010068ff  Timer_count                      
01003a07  Timer_init                       
0100214d  Timer_open                       
01004c1d  Timer_start                      
01004e75  Timer_stop                       
010059e1  UART2Support_disableRx           
0100631d  UART2Support_disableTx           
01002d45  UART2Support_dmaStartRx          
01003065  UART2Support_dmaStartTx          
01004761  UART2Support_dmaStopRx           
01004065  UART2Support_dmaStopTx           
01006329  UART2Support_enableTx            
01006409  UART2Support_powerRelConstraint  
01005a8f  UART2Support_sendData            
010061d1  UART2Support_txDone              
01006335  UART2_Params_init                
01002c5d  UART2_close                      
01006afc  UART2_config                     
01006a0b  UART2_count                      
010069a4  UART2_defaultParams              
01001b45  UART2_open                       
01005315  UART2_rxDisable                  
0100625d  UART2_write                      
01005bcf  UART2_writeTimeout               
01001e89  UART2_writeTimeoutBlocking       
01002755  UART2_writeTimeoutNonblocking    
010061e1  UARTBusy                         
010051a5  UARTCharPutNonBlocking           
01005ec5  UARTCharsAvail                   
01003b69  UARTConfigSetExpClk              
01005edb  UARTDMADisable                   
01005fd1  UARTDMAEnable                    
0100561f  UARTDisable                      
01005bed  UARTEnable                       
01005ef1  UARTFIFOLevelSet                 
01005dc9  UARTFlowControlSet               
010061f1  UARTIntClear                     
01005f07  UARTIntDisable                   
01005fe5  UARTIntEnable                    
01005751  UARTIntStatus                    
01006201  UARTRxErrorGet                   
010050c9  UDMACC32XX_close                 
01006b04  UDMACC32XX_config                
01004f71  UDMACC32XX_init                  
01003cb5  UDMACC32XX_open                  
010063e3  UtilsDelay                       
20040000  __STACK_END                      
00001000  __STACK_SIZE                     
00008000  __SYSMEM_SIZE                    
01006c00  __TI_CINIT_Base                  
01006c10  __TI_CINIT_Limit                 
01006c10  __TI_CINIT_Warm                  
01006bec  __TI_Handler_Table_Base          
01006bf8  __TI_Handler_Table_Limit         
01005101  __TI_auto_init_nobinit_nopinit   
01003e63  __TI_decompress_lzss             
010062a3  __TI_decompress_none             
ffffffff  __TI_pprof_out_hndl              
01000841  __TI_printfi_nofloat             
ffffffff  __TI_prof_data_size              
ffffffff  __TI_prof_data_start             
01006b18  __TI_static_base__               
01006231  __TI_zero_init                   
01006450  __aeabi_ctype_table_             
01006450  __aeabi_ctype_table_C            
010049f1  __aeabi_d2iz                     
01002981  __aeabi_dmul                     
200094c4  __aeabi_errno                    
010063ed  __aeabi_errno_addr               
0100564d  __aeabi_i2d                      
010042ef  __aeabi_ldiv0                    
0100602d  __aeabi_memclr                   
0100602d  __aeabi_memclr4                  
0100602d  __aeabi_memclr8                  
01006441  __aeabi_memcpy                   
01006441  __aeabi_memcpy4                  
01006441  __aeabi_memcpy8                  
01006021  __aeabi_memset                   
01006021  __aeabi_memset4                  
01006021  __aeabi_memset8                  
01006035  __aeabi_uldivmod                 
ffffffff  __binit__                        
010049f1  __fixdfsi                        
0100564d  __floatsidf                      
UNDEFED   __mpu_init                       
01002981  __muldf3                         
2003f000  __stack                          
20000000  __start___llvm_prf_bits          
20000000  __start___llvm_prf_cnts          
20000000  __stop___llvm_prf_bits           
20000000  __stop___llvm_prf_cnts           
0100311d  __udivmoddi4                     
01005a05  _c_int00_noargs                  
200094c8  _lock                            
010043f7  _nop                             
20000310  _sys_memory                      
UNDEFED   _system_post_cinit               
01006437  _system_pre_init                 
200094cc  _unlock                          
0100643b  abort                            
01002635  aligned_alloc                    
01004961  atoi                             
ffffffff  binit                            
01003879  buttonStateMachine               
0100483f  clkFxn                           
010046c9  createTasks                      
200094d5  decrease_set_point               
01002a7d  free                             
01006341  gpioButtonFxn0                   
0100634d  gpioButtonFxn1                   
20008ba0  gpioCallbackFunctions            
200093b8  gpioPinConfigs                   
20008c24  gpioUserArgs                     
010049a9  heaterStateMachine               
20008e46  heater_on                        
20008e34  i2c                              
01006a84  i2cCC32XXHWAttrs                 
20008aa4  i2cCC32XXObjects                 
20008ddc  i2cTransaction                   
200094d4  increase_set_point               
01005b91  initHeaterVars                   
01001d11  initI2C                          
01004ca5  initTimer                        
01005535  initUART                         
01005349  initVectors                      
01006211  main                             
0100537d  mainThread                       
010063f5  malloc                           
01002635  memalign                         
01005c0b  memccpy                          
20008d2c  output                           
010040c5  outputToServer                   
200092c0  parkInfo                         
0100345d  readTemp                         
01005d11  resetISR                         
20008e40  rxBuffer                         
200094d0  seconds_since_restart            
01004591  setGPIO                          
20008e42  set_point                        
01004ce9  snprintf                         
010053b1  taskScheduler                    
20008d6c  tasks                            
20008e44  temperature                      
20008e38  timer0                           
01006ab8  timerCC32XXHWAttrs               
20008ca8  timerCC32XXObjects               
01006365  timerCallback                    
20008e47  txBuffer                         
010045e1  uDMAChannelAssign                
010036c7  uDMAChannelAttributeDisable      
01004eb5  uDMAChannelControlSet            
01005c29  uDMAChannelDisable               
01005c47  uDMAChannelEnable                
01005c65  uDMAChannelIsEnabled             
010047f5  uDMAChannelSizeGet               
0100286f  uDMAChannelTransferSet           
01005ff9  uDMAControlBaseSet               
01006279  uDMAEnable                       
01006287  uDMAErrorStatusClear             
01006371  uDMAErrorStatusGet               
0100600d  uDMAIntClear                     
20008e3c  uart                             
20008800  uart2CC32XXObjects0              
01006ae0  udmaCC3220SHWAttrs               
20008e20  udmaCC3220SObject                
01006221  wcslen                           


GLOBAL SYMBOLS: SORTED BY Symbol Address 

address   name                             
-------   ----                             
00001000  __STACK_SIZE                     
00008000  __SYSMEM_SIZE                    
01000841  __TI_printfi_nofloat             
01001085  PRCMCC3200MCUInit                
0100153d  Power_sleep                      
01001b43  Board_initHook                   
01001b45  UART2_open                       
01001d11  initI2C                          
01001e89  UART2_writeTimeoutBlocking       
01001ffd  PowerCC32XX_sleepPolicy          
0100214d  Timer_open                       
01002295  GPIO_setConfig                   
0100250d  I2C_transferTimeout              
01002633  I2C_init                         
01002635  aligned_alloc                    
01002635  memalign                         
01002755  UART2_writeTimeoutNonblocking    
0100286f  uDMAChannelTransferSet           
01002981  __aeabi_dmul                     
01002981  __muldf3                         
01002a7d  free                             
01002b75  I2C_open                         
01002c5d  UART2_close                      
01002d45  UART2Support_dmaStartRx          
01002e11  IntDisable                       
01002ed9  IntEnable                        
01003065  UART2Support_dmaStartTx          
0100311d  __udivmoddi4                     
010031cd  GPIOIntTypeSet                   
01003279  IntPendSet                       
0100331d  PinConfigSet                     
0100345b  PowerCC32XX_initPolicy           
0100345d  readTemp                         
010034f9  I2CMasterInitExpClk              
01003591  SemaphoreP_pend                  
01003629  HwiP_disable                     
01003631  PowerCC32XX_enterLPDS            
01003675  PowerCC32XX_resumeLPDS           
010036c7  uDMAChannelAttributeDisable      
01003759  GPIO_init                        
010037e9  PRCMSysResetCauseGet             
01003877  SemaphoreP_destruct              
01003879  buttonStateMachine               
01003905  PowerCC32XX_configureWakeup      
01003a07  Timer_init                       
01003a09  Power_init                       
01003a81  HwiP_construct                   
01003af5  PRCMHibernateWakeUpGPIOSelect    
01003b69  UARTConfigSetExpClk              
01003bdd  PinLockLevelSet                  
01003c49  Power_setDependency              
01003cb5  UDMACC32XX_open                  
01003df9  PRCMPeripheralReset              
01003e63  __TI_decompress_lzss             
01003f35  IntPendClear                     
01004005  GPIO_write                       
01004065  UART2Support_dmaStopTx           
010040c5  outputToServer                   
01004125  FlashDisable                     
01004181  I2CSupport_primeTransfer         
010041dd  PRCMHibernateWakeupSourceDisable 
01004239  TimerCC32XX_allocateTimerResource
01004295  PRCMPeripheralClkEnable          
010042ef  __aeabi_ldiv0                    
010042f1  ClockP_startup                   
01004349  IntPrioritySet                   
010043a1  PRCMLPDSEnter                    
010043f7  _nop                             
010043f9  PowerCC32XX_setParkState         
0100444d  Power_releaseDependency          
010044a1  GPIO_hwiIntFxn                   
010044f1  PRCMHibernateWakeupSourceEnable  
01004541  SemaphoreP_construct             
01004591  setGPIO                          
010045e1  uDMAChannelAssign                
01004631  GPIO_setInterruptConfig          
0100467d  PRCMLPDSRestoreInfoSet           
010046c9  createTasks                      
01004761  UART2Support_dmaStopRx           
010047f5  uDMAChannelSizeGet               
0100483f  clkFxn                           
01004841  ClockP_sysTickHandler            
01004889  PRCMIntEnable                    
010048d1  PRCMPeripheralStatusGet          
01004919  PinConfigGet                     
01004961  atoi                             
010049a9  heaterStateMachine               
010049f1  __aeabi_d2iz                     
010049f1  __fixdfsi                        
01004a7f  PRCMLPDSEnterKeepDebugIf         
01004ac5  RingBuf_put                      
01004b0b  GPIODirModeSet                   
01004b51  GPIO_disableInt                  
01004b95  GPIO_enableInt                   
01004bd9  Power_releaseConstraint          
01004c1d  Timer_start                      
01004ca5  initTimer                        
01004ce9  snprintf                         
01004d2d  PinModeSet                       
01004d6f  TimerControlStall                
01004db1  Timer_close                      
01004e35  SemaphoreP_post                  
01004e75  Timer_stop                       
01004eb5  uDMAChannelControlSet            
01004ef5  PinDirModeSet                    
01004f35  ClockP_stop                      
01004f71  UDMACC32XX_init                  
01004fad  TimerSupport_timerEnable         
01004fe9  ClockP_destruct                  
01005021  Power_setConstraint              
01005059  RingBuf_putAdvance               
01005091  SwiP_restore                     
010050c9  UDMACC32XX_close                 
01005101  __TI_auto_init_nobinit_nopinit   
01005139  PinLock                          
010051a5  UARTCharPutNonBlocking           
010051dd  ClockP_start                     
01005211  I2CFIFODataPutNonBlocking        
01005245  PinDirModeGet                    
01005279  PinModeGet                       
010052ad  PowerCC32XX_parkPin              
010052e1  TimerCC32XX_freeTimerResource    
01005315  UART2_rxDisable                  
01005349  initVectors                      
0100537d  mainThread                       
010053b1  taskScheduler                    
010053e5  ClockP_getTicksUntilInterrupt    
01005415  I2CFIFODataGetNonBlocking        
01005445  PRCMLPDSIntervalSet              
01005475  PRCMSlowClkCtrFastGet            
010054a5  TimerLoadSet                     
010054d5  TimerPrescaleSet                 
01005535  initUART                         
01005595  GPIOIntStatus                    
010055c3  RingBuf_getConsume               
010055f1  RingBuf_putPointer               
0100561f  UARTDisable                      
0100564d  __aeabi_i2d                      
0100564d  __floatsidf                      
0100567b  I2CMasterIntStatusEx             
010056d3  HwiP_create                      
010056fd  PRCMLPDSWakeUpGPIOSelect         
01005727  PRCMPeripheralClkDisable         
01005751  UARTIntStatus                    
0100577b  I2CMasterBusBusy                 
010057a3  I2CMasterSlaveAddrSet            
010057cb  I2CTxFIFOConfigSet               
010057f3  I2C_cancel                       
0100581b  List_remove                      
01005843  PRCMSRAMRetentionEnable          
0100586d  PowerCC32XX_getParkState         
01005895  TimerSupport_timerDisable        
010058e5  I2CRxFIFOConfigSet               
01005909  IntUnregister                    
0100592d  List_put                         
01005951  PRCMLPDSWakeupSourceEnable       
01005975  PowerCC32XX_restoreParkState     
01005999  PowerCC32XX_restoreParkedPin     
010059bd  Power_registerNotify             
010059e1  UART2Support_disableRx           
01005a05  _c_int00_noargs                  
01005a29  GPIOPinWrite                     
01005a4b  PinUnlock                        
01005a6d  RingBuf_getPointer               
01005a8f  UART2Support_sendData            
01005ab1  IntRegister                      
01005ad1  PinTypeI2C                       
01005af1  PowerCC32XX_reset                
01005b11  Power_unregisterNotify           
01005b31  SemaphoreP_constructBinary       
01005b51  SemaphoreP_createBinary          
01005b71  TimerDisable                     
01005b91  initHeaterVars                   
01005bb1  PinTypeUART                      
01005bcf  UART2_writeTimeout               
01005bed  UARTEnable                       
01005c0b  memccpy                          
01005c29  uDMAChannelDisable               
01005c47  uDMAChannelEnable                
01005c65  uDMAChannelIsEnabled             
01005c85  GPIO_setCallback                 
01005ca1  HwiP_dispatch                    
01005cbd  SwiP_disable                     
01005d11  resetISR                         
01005d2d  GPIOIntDisable                   
01005d47  PRCMHIBRegRead                   
01005d61  PRCMHIBRegWrite                  
01005d7b  PRCMLPDSWakeupSourceDisable      
01005d95  PinToPadGet                      
01005daf  TimerEnable                      
01005dc9  UARTFlowControlSet               
01005de3  GPIOIntEnable                    
01005dfb  SemaphoreP_create                
01005e2b  Board_init                       
01005e41  I2CMasterBurstLengthSet          
01005e57  I2CMasterIntDisableEx            
01005e6d  I2CRxFIFOFlush                   
01005e83  I2CTxFIFOFlush                   
01005e99  SysTickPeriodSet                 
01005eaf  TimerIntDisable                  
01005ec5  UARTCharsAvail                   
01005edb  UARTDMADisable                   
01005ef1  UARTFIFOLevelSet                 
01005f07  UARTIntDisable                   
01005f1d  CPUcpsid                         
01005f31  CPUcpsie                         
01005f45  HwiP_destruct                    
01005f59  I2CMasterIntEnableEx             
01005f6d  IntVTableBaseSet                 
01005f81  Power_disablePolicy              
01005f95  Power_getTransitionLatency       
01005fa9  Power_idleFunc                   
01005fbd  TimerIntEnable                   
01005fd1  UARTDMAEnable                    
01005fe5  UARTIntEnable                    
01005ff9  uDMAControlBaseSet               
0100600d  uDMAIntClear                     
01006021  __aeabi_memset                   
01006021  __aeabi_memset4                  
01006021  __aeabi_memset8                  
0100602d  __aeabi_memclr                   
0100602d  __aeabi_memclr4                  
0100602d  __aeabi_memclr8                  
01006035  __aeabi_uldivmod                 
01006049  ClockP_add                       
0100605b  GPIOIntClear                     
0100606d  HwiP_Params_init                 
0100607f  HwiP_delete                      
01006091  I2CMasterDisable                 
010060a3  I2CMasterEnable                  
010060b5  I2C_transfer                     
010060c7  SysTickEnable                    
010060d9  SysTickIntDisable                
010060eb  SysTickIntEnable                 
0100610f  TI_memcpy_small                  
01006121  ClockP_getCpuFreq                
01006131  ClockP_getSystemTicks            
01006141  ClockP_setTicks                  
01006151  HwiP_inISR                       
01006161  I2CMasterControl                 
01006171  I2CMasterIntClearEx              
01006181  I2CMasterTimeoutSet              
01006191  Power_enablePolicy               
010061a1  RingBuf_construct                
010061b1  TimerIntClear                    
010061c1  Timer_Params_init                
010061d1  UART2Support_txDone              
010061e1  UARTBusy                         
010061f1  UARTIntClear                     
01006201  UARTRxErrorGet                   
01006211  main                             
01006221  wcslen                           
01006231  __TI_zero_init                   
01006241  HwiP_interruptsEnabled           
0100624f  I2CFIFOStatus                    
0100625d  UART2_write                      
01006279  uDMAEnable                       
01006287  uDMAErrorStatusClear             
01006295  TI_memset_small                  
010062a3  __TI_decompress_none             
010062b1  CPUwfi                           
010062c9  I2C_Params_init                  
010062f9  PRCMLPDSWakeupCauseGet           
01006305  Power_getConstraintMask          
0100631d  UART2Support_disableTx           
01006329  UART2Support_enableTx            
01006335  UART2_Params_init                
01006341  gpioButtonFxn0                   
0100634d  gpioButtonFxn1                   
01006365  timerCallback                    
01006371  uDMAErrorStatusGet               
0100637d  CPUprimask                       
01006387  ClockP_isActive                  
01006391  IntMasterDisable                 
0100639b  IntMasterEnable                  
010063c3  HwiP_restore                     
010063d3  I2CSupport_controllerFinish      
010063db  PRCMSleepEnter                   
010063e3  UtilsDelay                       
010063ed  __aeabi_errno_addr               
010063f5  malloc                           
010063fd  I2CSupport_powerRelConstraint    
01006403  I2CSupport_powerSetConstraint    
01006409  UART2Support_powerRelConstraint  
0100640f  ClockP_doTick                    
01006413  HwiP_clearInterrupt              
01006417  HwiP_disableInterrupt            
0100641b  HwiP_enable                      
0100641f  HwiP_enableInterrupt             
01006423  HwiP_post                        
0100642b  NoRTOS_start                     
0100642f  RingBuf_getCount                 
01006433  SemaphoreP_delete                
01006437  _system_pre_init                 
0100643a  C$$EXIT                          
0100643b  abort                            
01006441  __aeabi_memcpy                   
01006441  __aeabi_memcpy4                  
01006441  __aeabi_memcpy8                  
01006450  __aeabi_ctype_table_             
01006450  __aeabi_ctype_table_C            
01006553  GPIO_pinUpperBound               
010068fe  I2C_count                        
010068ff  Timer_count                      
01006900  PowerCC32XX_config               
010069a4  UART2_defaultParams              
01006a0b  UART2_count                      
01006a84  i2cCC32XXHWAttrs                 
01006a98  GPIO_config                      
01006ab8  timerCC32XXHWAttrs               
01006ae0  udmaCC3220SHWAttrs               
01006aec  I2C_config                       
01006af4  Timer_config                     
01006afc  UART2_config                     
01006b04  UDMACC32XX_config                
01006b18  __TI_static_base__               
01006bec  __TI_Handler_Table_Base          
01006bf8  __TI_Handler_Table_Limit         
01006c00  __TI_CINIT_Base                  
01006c10  __TI_CINIT_Limit                 
01006c10  __TI_CINIT_Warm                  
20000000  __start___llvm_prf_bits          
20000000  __start___llvm_prf_cnts          
20000000  __stop___llvm_prf_bits           
20000000  __stop___llvm_prf_cnts           
20000310  _sys_memory                      
20008800  uart2CC32XXObjects0              
20008978  PowerCC32XX_contextSave          
20008aa4  i2cCC32XXObjects                 
20008ba0  gpioCallbackFunctions            
20008c24  gpioUserArgs                     
20008ca8  timerCC32XXObjects               
20008d2c  output                           
20008d6c  tasks                            
20008ddc  i2cTransaction                   
20008e10  ClockP_ctrl                      
20008e20  udmaCC3220SObject                
20008e34  i2c                              
20008e38  timer0                           
20008e3c  uart                             
20008e40  rxBuffer                         
20008e42  set_point                        
20008e44  temperature                      
20008e46  heater_on                        
20008e47  txBuffer                         
20009154  PowerCC32XX_module               
200092c0  parkInfo                         
200093b8  gpioPinConfigs                   
200094a8  SemaphoreP_defaultParams         
200094bc  ClockP_tickPeriod                
200094c0  HwiP_swiPIntNum                  
200094c4  __aeabi_errno                    
200094c8  _lock                            
200094cc  _unlock                          
200094d0  seconds_since_restart            
200094d4  increase_set_point               
200094d5  decrease_set_point               
200094d6  TimerFlag                        
2003f000  __stack                          
20040000  __STACK_END                      
ffffffff  __TI_pprof_out_hndl              
ffffffff  __TI_prof_data_size              
ffffffff  __TI_prof_data_start             
ffffffff  __binit__                        
ffffffff  binit                            
UNDEFED   ITM_flush                        
UNDEFED   ITM_restore                      
UNDEFED   __mpu_init                       
UNDEFED   _system_post_cinit               

[369 symbols]
