******************************************************************************
            TI ARM Clang Linker Unix v2.1.3                    
******************************************************************************
>> Linked Wed Sep 20 02:27:50 2023

OUTPUT FILE NAME:   <uart2echo_CC3220S_LAUNCHXL_nortos_ticlang.out>
ENTRY POINT SYMBOL: "resetISR"  address: 2000fc29


MEMORY CONFIGURATION

         name            origin    length      used     unused   attr    fill
----------------------  --------  ---------  --------  --------  ----  --------
  SRAM2                 20000000   00004000  0000130c  00002cf4  RW X
  SRAM                  20004000   0003c000  0000d510  0002eaf0  RW X
  LOG_DATA              90000000   00040000  00000000  00040000  R   
  LOG_PTR               94000008   00040000  00000000  00040000  R   


SEGMENT ALLOCATION MAP

run origin  load origin   length   init length attrs members
----------  ----------- ---------- ----------- ----- -------
20003000    20003000    00001000   00000000    rw-
  20003000    20003000    00001000   00000000    rw- .stack
20004000    20004000    00000040   00000040    r--
  20004000    20004000    00000040   00000040    r-- .resetVecs
20004040    20004040    00008000   00000000    rw-
  20004040    20004040    00008000   00000000    rw- .sysmem
2000c040    2000c040    00004214   00004214    r-x
  2000c040    2000c040    00004122   00004122    r-x .text
  20010164    20010164    000000f0   000000f0    r-- .cinit
20010400    20010400    00000ea9   00000000    rw-
  20010400    20010400    00000820   00000000    rw- .bss
  20010c20    20010c20    00000689   00000000    rw- .data
200112ac    200112ac    00000415   00000415    r--
  200112ac    200112ac    00000415   00000415    r-- .rodata


SECTION ALLOCATION MAP

 output                                  attributes/
section   page    origin      length       input sections
--------  ----  ----------  ----------   ----------------
.text      0    2000c040    00004122     
                  2000c040    000004b8     driverlib.a : prcm.obj (.text.PRCMCC3200MCUInit)
                  2000c4f8    000003e4     drivers_cc32xx.a : PowerCC32XX.c.obj (.text.Power_sleep)
                  2000c8dc    00000222                      : UART2CC32XX.c.obj (.text.UART2CC32XX_hwiIntFxn)
                  2000cafe    000001d2                      : UART2.c.obj (.text.UART2_readTimeout)
                  2000ccd0    000001cc                      : UART2CC32XX.c.obj (.text.UART2_open)
                  2000ce9c    00000174                      : UART2.c.obj (.text.UART2_writeTimeoutBlocking)
                  2000d010    00000150     nortos_cc32xx.a : PowerCC32XX_nortos.c.obj (.text.PowerCC32XX_sleepPolicy)
                  2000d160    00000140     drivers_cc32xx.a : GPIOCC32XX.c.obj (.text.GPIO_setConfig)
                  2000d2a0    00000120     libc.a : memory.c.obj (.text.aligned_alloc)
                  2000d3c0    0000011a     drivers_cc32xx.a : UART2.c.obj (.text.UART2_writeTimeoutNonblocking)
                  2000d4da    00000112     driverlib.a : udma.obj (.text.uDMAChannelTransferSet)
                  2000d5ec    000000f8     libc.a : memory.c.obj (.text.free)
                  2000d6e4    000000e8     drivers_cc32xx.a : UART2CC32XX.c.obj (.text.UART2_close)
                  2000d7cc    000000cc                      : UART2CC32XX.c.obj (.text.UART2Support_dmaStartRx)
                  2000d898    000000c8     driverlib.a : interrupt.obj (.text.IntDisable)
                  2000d960    000000c8                 : interrupt.obj (.text.IntEnable)
                  2000da28    000000c4     drivers_cc32xx.a : UART2CC32XX.c.obj (.text.UART2CC32XX_initHw)
                  2000daec    000000b8                      : UART2CC32XX.c.obj (.text.UART2Support_dmaStartTx)
                  2000dba4    000000b0     libclang_rt.builtins.a : udivmoddi4.S.obj (.text)
                  2000dc54    000000ac     driverlib.a : gpio.obj (.text.GPIOIntTypeSet)
                  2000dd00    000000a4                 : interrupt.obj (.text.IntPendSet)
                  2000dda4    000000a2                 : pin.obj (.text.PinConfigSet)
                  2000de46    00000002     ti_drivers_config.o (.text.Board_initHook)
                  2000de48    00000098     nortos_cc32xx.a : SemaphoreP_nortos.c.obj (.text.SemaphoreP_pend)
                  2000dee0    00000096     drivers_cc32xx.a : PowerCC32XX_ticlang.asm.obj (.text)
                  2000df76    00000002     nortos_cc32xx.a : PowerCC32XX_nortos.c.obj (.text.PowerCC32XX_initPolicy)
                  2000df78    00000094     uart2echo.o (.text.mainThread)
                  2000e00c    00000092     driverlib.a : udma.obj (.text.uDMAChannelAttributeDisable)
                  2000e09e    00000002     nortos_cc32xx.a : SemaphoreP_nortos.c.obj (.text.SemaphoreP_destruct)
                  2000e0a0    00000090     drivers_cc32xx.a : GPIOCC32XX.c.obj (.text.GPIO_init)
                  2000e130    0000008e     driverlib.a : prcm.obj (.text.PRCMSysResetCauseGet)
                  2000e1be    00000002     drivers_cc32xx.a : UART2CC32XX.c.obj (.text.UART2CC32XX_eventCallback)
                  2000e1c0    00000088                      : PowerCC32XX.c.obj (.text.PowerCC32XX_configureWakeup)
                  2000e248    00000078                      : PowerCC32XX.c.obj (.text.Power_init)
                  2000e2c0    00000074     nortos_cc32xx.a : HwiPCC32XX_nortos.c.obj (.text.HwiP_construct)
                  2000e334    00000074     driverlib.a : prcm.obj (.text.PRCMHibernateWakeUpGPIOSelect)
                  2000e3a8    00000074                 : uart.obj (.text.UARTConfigSetExpClk)
                  2000e41c    0000006c                 : pin.obj (.text.PinLockLevelSet)
                  2000e488    0000006c     drivers_cc32xx.a : PowerCC32XX.c.obj (.text.Power_setDependency)
                  2000e4f4    0000006c                      : UDMACC32XX.c.obj (.text.UDMACC32XX_open)
                  2000e560    0000006c                      : GPIOCC32XX.c.obj (.text.powerNotifyFxn)
                  2000e5cc    0000006c     libc.a : memory.c.obj (.text.split)
                  2000e638    0000006a     driverlib.a : prcm.obj (.text.PRCMPeripheralReset)
                  2000e6a2    0000006a     libc.a : copy_decompress_lzss.c.obj (.text:decompress:lzss)
                  2000e70c    00000068     driverlib.a : interrupt.obj (.text.IntPendClear)
                  2000e774    00000060     drivers_cc32xx.a : GPIOCC32XX.c.obj (.text.GPIO_write)
                  2000e7d4    00000060                      : UART2CC32XX.c.obj (.text.UART2Support_dmaStopTx)
                  2000e834    0000005c     driverlib.a : flash.obj (.text.FlashDisable)
                  2000e890    0000005c                 : prcm.obj (.text.PRCMHibernateWakeupSourceDisable)
                  2000e8ec    0000005a                 : prcm.obj (.text.PRCMPeripheralClkEnable)
                  2000e946    00000002     libclang_rt.builtins.a : aeabi_div0.c.obj (.text.__aeabi_ldiv0)
                  2000e948    00000058     nortos_cc32xx.a : ClockPSysTick_nortos.c.obj (.text.ClockP_startup)
                  2000e9a0    00000058     driverlib.a : interrupt.obj (.text.IntPrioritySet)
                  2000e9f8    00000056                 : prcm.obj (.text.PRCMLPDSEnter)
                  2000ea4e    00000002     libc.a : _lock.c.obj (.text._nop)
                  2000ea50    00000054     drivers_cc32xx.a : PowerCC32XX.c.obj (.text.PowerCC32XX_setParkState)
                  2000eaa4    00000054                      : PowerCC32XX.c.obj (.text.Power_releaseDependency)
                  2000eaf8    00000050                      : GPIOCC32XX.c.obj (.text.GPIO_hwiIntFxn)
                  2000eb48    00000050     driverlib.a : prcm.obj (.text.PRCMHibernateWakeupSourceEnable)
                  2000eb98    00000050     nortos_cc32xx.a : SemaphoreP_nortos.c.obj (.text.SemaphoreP_construct)
                  2000ebe8    0000004e     driverlib.a : udma.obj (.text.uDMAChannelAssign)
                  2000ec36    00000002     nortos_cc32xx.a : startup_cc32xx_ticlang.c.obj (.text.busFaultHandler)
                  2000ec38    0000004c     drivers_cc32xx.a : GPIOCC32XX.c.obj (.text.GPIO_setInterruptConfig)
                  2000ec84    0000004c     driverlib.a : prcm.obj (.text.PRCMLPDSRestoreInfoSet)
                  2000ecd0    0000004a     drivers_cc32xx.a : UART2CC32XX.c.obj (.text.UART2Support_dmaStopRx)
                  2000ed1a    0000004a     driverlib.a : udma.obj (.text.uDMAChannelSizeGet)
                  2000ed64    00000048     nortos_cc32xx.a : ClockPSysTick_nortos.c.obj (.text.ClockP_sysTickHandler)
                  2000edac    00000048     driverlib.a : prcm.obj (.text.PRCMIntEnable)
                  2000edf4    00000048                 : prcm.obj (.text.PRCMPeripheralStatusGet)
                  2000ee3c    00000048                 : pin.obj (.text.PinConfigGet)
                  2000ee84    00000048     drivers_cc32xx.a : UART2.c.obj (.text.UART2_readFull)
                  2000eecc    00000046     driverlib.a : prcm.obj (.text.PRCMLPDSEnterKeepDebugIf)
                  2000ef12    00000046     drivers_cc32xx.a : RingBuf.c.obj (.text.RingBuf_put)
                  2000ef58    00000044     driverlib.a : gpio.obj (.text.GPIODirModeSet)
                  2000ef9c    00000044     drivers_cc32xx.a : GPIOCC32XX.c.obj (.text.GPIO_disableInt)
                  2000efe0    00000044                      : GPIOCC32XX.c.obj (.text.GPIO_enableInt)
                  2000f024    00000044                      : PowerCC32XX.c.obj (.text.Power_releaseConstraint)
                  2000f068    00000044     nortos_cc32xx.a : ClockPSysTick_nortos.c.obj (.text.addToList)
                  2000f0ac    00000042     driverlib.a : pin.obj (.text.PinModeSet)
                  2000f0ee    00000042     nortos_cc32xx.a : PowerCC32XX_nortos.c.obj (.text.getCountsRTC)
                  2000f130    00000040                     : SemaphoreP_nortos.c.obj (.text.SemaphoreP_post)
                  2000f170    00000040     driverlib.a : udma.obj (.text.uDMAChannelControlSet)
                  2000f1b0    0000003e                 : pin.obj (.text.PinDirModeSet)
                  2000f1ee    00000002     nortos_cc32xx.a : SemaphoreP_nortos.c.obj (.text.clkFxn)
                  2000f1f0    0000003c                     : ClockPSysTick_nortos.c.obj (.text.ClockP_stop)
                  2000f22c    0000003c     drivers_cc32xx.a : UDMACC32XX.c.obj (.text.UDMACC32XX_init)
                  2000f268    00000038     nortos_cc32xx.a : ClockPSysTick_nortos.c.obj (.text.ClockP_destruct)
                  2000f2a0    00000038     drivers_cc32xx.a : PowerCC32XX.c.obj (.text.Power_setConstraint)
                  2000f2d8    00000038                      : RingBuf.c.obj (.text.RingBuf_putAdvance)
                  2000f310    00000038     nortos_cc32xx.a : SwiP_nortos.c.obj (.text.SwiP_restore)
                  2000f348    00000038     drivers_cc32xx.a : UART2.c.obj (.text.UART2_rxEnable)
                  2000f380    00000038                      : UDMACC32XX.c.obj (.text.UDMACC32XX_close)
                  2000f3b8    00000038     libc.a : autoinit.c.obj (.text:__TI_auto_init_nobinit_nopinit)
                  2000f3f0    00000036     driverlib.a : pin.obj (.text.PinLock)
                  2000f426    00000036                 : uart.obj (.text.UARTCharPutNonBlocking)
                  2000f45c    00000034     nortos_cc32xx.a : ClockPSysTick_nortos.c.obj (.text.ClockP_start)
                  2000f490    00000034     driverlib.a : pin.obj (.text.PinDirModeGet)
                  2000f4c4    00000034                 : pin.obj (.text.PinModeGet)
                  2000f4f8    00000034     drivers_cc32xx.a : PowerCC32XX.c.obj (.text.PowerCC32XX_parkPin)
                  2000f52c    00000034                      : UART2.c.obj (.text.UART2_rxDisable)
                  2000f560    00000034     nortos_cc32xx.a : startup_cc32xx_ticlang.c.obj (.text.initVectors)
                  2000f594    00000032     drivers_cc32xx.a : UART2CC32XX.c.obj (.text.UART2Support_enableInts)
                  2000f5c6    00000002     nortos_cc32xx.a : startup_cc32xx_ticlang.c.obj (.text.defaultHandler)
                  2000f5c8    00000030                     : ClockPSysTick_nortos.c.obj (.text.ClockP_getTicksUntilInterrupt)
                  2000f5f8    00000030     driverlib.a : prcm.obj (.text.PRCMLPDSIntervalSet)
                  2000f628    00000030                 : prcm.obj (.text.PRCMSlowClkCtrFastGet)
                  2000f658    00000030     drivers_cc32xx.a : PowerCC32XX.c.obj (.text.notify)
                  2000f688    0000002e     driverlib.a : gpio.obj (.text.GPIOIntStatus)
                  2000f6b6    0000002e     drivers_cc32xx.a : RingBuf.c.obj (.text.RingBuf_getConsume)
                  2000f6e4    0000002e                      : RingBuf.c.obj (.text.RingBuf_putPointer)
                  2000f712    0000002e     driverlib.a : uart.obj (.text.UARTDisable)
                  2000f740    0000002c     drivers_cc32xx.a : UART2CC32XX.c.obj (.text.UART2CC32XX_getRxData)
                  2000f76c    0000002a     nortos_cc32xx.a : HwiPCC32XX_nortos.c.obj (.text.HwiP_create)
                  2000f796    0000002a     driverlib.a : prcm.obj (.text.PRCMLPDSWakeUpGPIOSelect)
                  2000f7c0    0000002a                 : prcm.obj (.text.PRCMPeripheralClkDisable)
                  2000f7ea    0000002a                 : uart.obj (.text.UARTIntStatus)
                  2000f814    00000028     drivers_cc32xx.a : List.c.obj (.text.List_remove)
                  2000f83c    00000028     driverlib.a : prcm.obj (.text.PRCMSRAMRetentionEnable)
                  2000f864    00000028     drivers_cc32xx.a : PowerCC32XX.c.obj (.text.PowerCC32XX_getParkState)
                  2000f88c    00000028     libc.a : memory.c.obj (.text.free_list_insert)
                  2000f8b4    00000024     driverlib.a : interrupt.obj (.text.IntUnregister)
                  2000f8d8    00000024     drivers_cc32xx.a : List.c.obj (.text.List_put)
                  2000f8fc    00000024     driverlib.a : prcm.obj (.text.PRCMLPDSWakeupSourceEnable)
                  2000f920    00000024     drivers_cc32xx.a : PowerCC32XX.c.obj (.text.PowerCC32XX_restoreParkState)
                  2000f944    00000024                      : PowerCC32XX.c.obj (.text.PowerCC32XX_restoreParkedPin)
                  2000f968    00000024                      : PowerCC32XX.c.obj (.text.Power_registerNotify)
                  2000f98c    00000024                      : UART2CC32XX.c.obj (.text.UART2Support_disableRx)
                  2000f9b0    00000024     libc.a : boot_cortex_m.c.obj (.text:_c_int00_noargs)
                  2000f9d4    00000022     driverlib.a : gpio.obj (.text.GPIOPinWrite)
                  2000f9f6    00000022                 : pin.obj (.text.PinUnlock)
                  2000fa18    00000022     drivers_cc32xx.a : RingBuf.c.obj (.text.RingBuf_getPointer)
                  2000fa3a    00000022                      : UART2CC32XX.c.obj (.text.UART2Support_sendData)
                  2000fa5c    00000022                      : UART2.c.obj (.text.UART2_read)
                  2000fa7e    00000020     driverlib.a : interrupt.obj (.text.IntRegister)
                  2000fa9e    00000002     nortos_cc32xx.a : startup_cc32xx_ticlang.c.obj (.text.faultISR)
                  2000faa0    00000020     drivers_cc32xx.a : PowerCC32XX.c.obj (.text.PowerCC32XX_reset)
                  2000fac0    00000020                      : PowerCC32XX.c.obj (.text.Power_unregisterNotify)
                  2000fae0    00000020     nortos_cc32xx.a : SemaphoreP_nortos.c.obj (.text.SemaphoreP_constructBinary)
                  2000fb00    00000020                     : SemaphoreP_nortos.c.obj (.text.SemaphoreP_createBinary)
                  2000fb20    0000001e     driverlib.a : pin.obj (.text.PinTypeUART)
                  2000fb3e    0000001e     drivers_cc32xx.a : UART2.c.obj (.text.UART2_writeTimeout)
                  2000fb5c    0000001e     driverlib.a : uart.obj (.text.UARTEnable)
                  2000fb7a    0000001e                 : udma.obj (.text.uDMAChannelDisable)
                  2000fb98    0000001e                 : udma.obj (.text.uDMAChannelEnable)
                  2000fbb6    0000001e                 : udma.obj (.text.uDMAChannelIsEnabled)
                  2000fbd4    0000001c     nortos_cc32xx.a : HwiPCC32XX_nortos.c.obj (.text.HwiP_dispatch)
                  2000fbf0    0000001c                     : SwiP_nortos.c.obj (.text.SwiP_disable)
                  2000fc0c    0000001c     libc.a : memory.c.obj (.text.free_list_remove)
                  2000fc28    0000001c     nortos_cc32xx.a : startup_cc32xx_ticlang.c.obj (.text.resetISR)
                  2000fc44    0000001a     driverlib.a : gpio.obj (.text.GPIOIntDisable)
                  2000fc5e    0000001a                 : prcm.obj (.text.PRCMHIBRegRead)
                  2000fc78    0000001a                 : prcm.obj (.text.PRCMHIBRegWrite)
                  2000fc92    0000001a                 : prcm.obj (.text.PRCMLPDSWakeupSourceDisable)
                  2000fcac    0000001a                 : pin.obj (.text.PinToPadGet)
                  2000fcc6    0000001a                 : uart.obj (.text.UARTFlowControlSet)
                  2000fce0    00000018                 : gpio.obj (.text.GPIOIntEnable)
                  2000fcf8    00000018     nortos_cc32xx.a : SemaphoreP_nortos.c.obj (.text.SemaphoreP_create)
                  2000fd10    00000016     ti_drivers_config.o (.text.Board_init)
                  2000fd26    00000016     driverlib.a : systick.obj (.text.SysTickPeriodSet)
                  2000fd3c    00000016                 : uart.obj (.text.UARTCharsAvail)
                  2000fd52    00000016                 : uart.obj (.text.UARTDMADisable)
                  2000fd68    00000016                 : uart.obj (.text.UARTFIFOLevelSet)
                  2000fd7e    00000016                 : uart.obj (.text.UARTIntDisable)
                  2000fd94    00000014                 : cpu.obj (.text.CPUcpsid)
                  2000fda8    00000014                 : cpu.obj (.text.CPUcpsie)
                  2000fdbc    00000014     nortos_cc32xx.a : HwiPCC32XX_nortos.c.obj (.text.HwiP_destruct)
                  2000fdd0    00000014     driverlib.a : interrupt.obj (.text.IntVTableBaseSet)
                  2000fde4    00000014     drivers_cc32xx.a : PowerCC32XX.c.obj (.text.Power_disablePolicy)
                  2000fdf8    00000014                      : PowerCC32XX.c.obj (.text.Power_getTransitionLatency)
                  2000fe0c    00000014                      : PowerCC32XX.c.obj (.text.Power_idleFunc)
                  2000fe20    00000014     driverlib.a : uart.obj (.text.UARTDMAEnable)
                  2000fe34    00000014                 : uart.obj (.text.UARTIntEnable)
                  2000fe48    00000014                 : udma.obj (.text.uDMAControlBaseSet)
                  2000fe5c    00000014                 : udma.obj (.text.uDMAIntClear)
                  2000fe70    00000014     libclang_rt.builtins.a : aeabi_memset.S.obj (.text)
                  2000fe84    00000014                            : aeabi_uldivmod.S.obj (.text)
                  2000fe98    00000012     nortos_cc32xx.a : ClockPSysTick_nortos.c.obj (.text.ClockP_add)
                  2000feaa    00000012     driverlib.a : gpio.obj (.text.GPIOIntClear)
                  2000febc    00000012     nortos_cc32xx.a : HwiPCC32XX_nortos.c.obj (.text.HwiP_Params_init)
                  2000fece    00000012     driverlib.a : systick.obj (.text.SysTickEnable)
                  2000fee0    00000012                 : systick.obj (.text.SysTickIntDisable)
                  2000fef2    00000012                 : systick.obj (.text.SysTickIntEnable)
                  2000ff04    00000012     drivers_cc32xx.a : UDMACC32XX.c.obj (.text.postNotifyFxn)
                  2000ff16    00000012     libc.a : memcpy_t2.S.obj (.text:TI_memcpy_small)
                  2000ff28    00000010     nortos_cc32xx.a : ClockPSysTick_nortos.c.obj (.text.ClockP_getCpuFreq)
                  2000ff38    00000010                     : ClockPSysTick_nortos.c.obj (.text.ClockP_getSystemTicks)
                  2000ff48    00000010                     : ClockPSysTick_nortos.c.obj (.text.ClockP_setTicks)
                  2000ff58    00000010                     : HwiPCC32XX_nortos.c.obj (.text.HwiP_inISR)
                  2000ff68    00000010     drivers_cc32xx.a : PowerCC32XX.c.obj (.text.Power_enablePolicy)
                  2000ff78    00000010                      : RingBuf.c.obj (.text.RingBuf_construct)
                  2000ff88    00000010                      : UART2CC32XX.c.obj (.text.UART2Support_txDone)
                  2000ff98    00000010     driverlib.a : uart.obj (.text.UARTBusy)
                  2000ffa8    00000010                 : uart.obj (.text.UARTIntClear)
                  2000ffb8    00000010                 : uart.obj (.text.UARTRxErrorGet)
                  2000ffc8    00000010     main_nortos.o (.text.main)
                  2000ffd8    00000010     libc.a : copy_zero_init.c.obj (.text:decompress:ZI)
                  2000ffe8    0000000e     nortos_cc32xx.a : HwiPCC32XX_nortos.c.obj (.text.HwiP_interruptsEnabled)
                  2000fff6    0000000e     drivers_cc32xx.a : UART2.c.obj (.text.UART2_write)
                  20010004    0000000e     driverlib.a : udma.obj (.text.uDMAEnable)
                  20010012    0000000e                 : udma.obj (.text.uDMAErrorStatusClear)
                  20010020    0000000e     libc.a : memset_t2.S.obj (.text:TI_memset_small)
                  2001002e    0000000e            : copy_decompress_none.c.obj (.text:decompress:none)
                  2001003c    0000000c     driverlib.a : cpu.obj (.text.CPUwfi)
                  20010048    0000000c     drivers_cc32xx.a : UART2CC32XX.c.obj (.text.OUTLINED_FUNCTION_0)
                  20010054    0000000c     driverlib.a : prcm.obj (.text.PRCMLPDSWakeupCauseGet)
                  20010060    0000000c     drivers_cc32xx.a : PowerCC32XX.c.obj (.text.Power_getConstraintMask)
                  2001006c    0000000c                      : UART2CC32XX.c.obj (.text.UART2CC32XX_postNotifyFxn)
                  20010078    0000000c                      : UART2CC32XX.c.obj (.text.UART2Support_disableTx)
                  20010084    0000000c                      : UART2CC32XX.c.obj (.text.UART2Support_enableRx)
                  20010090    0000000c                      : UART2CC32XX.c.obj (.text.UART2Support_enableTx)
                  2001009c    0000000c                      : UART2.c.obj (.text.UART2_Params_init)
                  200100a8    0000000c     driverlib.a : udma.obj (.text.uDMAErrorStatusGet)
                  200100b4    0000000a                 : cpu.obj (.text.CPUprimask)
                  200100be    0000000a     nortos_cc32xx.a : ClockPSysTick_nortos.c.obj (.text.ClockP_isActive)
                  200100c8    0000000a     driverlib.a : interrupt.obj (.text.IntMasterDisable)
                  200100d2    0000000a                 : interrupt.obj (.text.IntMasterEnable)
                  200100dc    0000000a     drivers_cc32xx.a : UART2CC32XX.c.obj (.text.OUTLINED_FUNCTION_1)
                  200100e6    0000000a                      : UART2CC32XX.c.obj (.text.OUTLINED_FUNCTION_2)
                  200100f0    0000000a     ti_drivers_config.o (.text.dmaErrorFxn)
                  200100fa    00000008     nortos_cc32xx.a : HwiPCC32XX_nortos.c.obj (.text.HwiP_disable)
                  20010102    00000008                     : HwiPCC32XX_nortos.c.obj (.text.HwiP_restore)
                  2001010a    00000008     driverlib.a : prcm.obj (.text.PRCMSleepEnter)
                  20010112    00000008                 : utils.obj (.text.UtilsDelay)
                  2001011a    00000008     libc.a : memory.c.obj (.text.malloc)
                  20010122    00000006     drivers_cc32xx.a : UART2.c.obj (.text.OUTLINED_FUNCTION_0)
                  20010128    00000006                      : UART2CC32XX.c.obj (.text.UART2Support_powerRelConstraint)
                  2001012e    00000006                      : UART2CC32XX.c.obj (.text.UART2Support_powerSetConstraint)
                  20010134    00000004     nortos_cc32xx.a : ClockPSysTick_nortos.c.obj (.text.ClockP_doTick)
                  20010138    00000004                     : HwiPCC32XX_nortos.c.obj (.text.HwiP_clearInterrupt)
                  2001013c    00000004                     : HwiPCC32XX_nortos.c.obj (.text.HwiP_enable)
                  20010140    00000004                     : HwiPCC32XX_nortos.c.obj (.text.HwiP_post)
                  20010144    00000004     driverlib.a : interrupt.obj (.text.IntDefaultHandler)
                  20010148    00000004     nortos_cc32xx.a : NoRTOS.c.obj (.text.NoRTOS_start)
                  2001014c    00000004     drivers_cc32xx.a : RingBuf.c.obj (.text.RingBuf_getCount)
                  20010150    00000004     nortos_cc32xx.a : SemaphoreP_nortos.c.obj (.text.SemaphoreP_delete)
                  20010154    00000004     libc.a : pre_init.c.obj (.text._system_pre_init)
                  20010158    00000004            : exit.c.obj (.text:abort)
                  2001015c    00000004     libclang_rt.builtins.a : aeabi_memcpy.S.obj (.text)
                  20010160    00000002     nortos_cc32xx.a : startup_cc32xx_ticlang.c.obj (.text.nmiISR)

.ramVecs   0    20000000    0000030c     NOLOAD SECTION
                  20000000    0000030c     nortos_cc32xx.a : startup_cc32xx_ticlang.c.obj (.ramVecs)

.stack     0    20003000    00001000     UNINITIALIZED
                  20003000    00000004     libc.a : boot_cortex_m.c.obj (.stack)
                  20003004    00000ffc     --HOLE--

.resetVecs 
*          0    20004000    00000040     
                  20004000    00000040     nortos_cc32xx.a : startup_cc32xx_ticlang.c.obj (.resetVecs)

.sysmem    0    20004040    00008000     UNINITIALIZED
                  20004040    00000010     libc.a : memory.c.obj (.sysmem)
                  20004050    00007ff0     --HOLE--

.cinit     0    20010164    000000f0     
                  20010164    000000cc     (.cinit..data.load) [load image, compression = lzss]
                  20010230    0000000c     (__TI_handler_table)
                  2001023c    00000008     (.cinit..bss.load) [load image, compression = zero_init]
                  20010244    00000010     (__TI_cinit_table)

.rodata    0    200112ac    00000415     
                  200112ac    00000100     driverlib.a : pin.obj (.rodata.g_ulPinToPadMap)
                  200113ac    000000d4                 : interrupt.obj (.rodata.g_pulRegs)
                  20011480    000000a8                 : prcm.obj (.rodata.PRCM_PeriphRegsList)
                  20011528    00000044     ti_drivers_config.o (.rodata.PowerCC32XX_config)
                  2001156c    00000038     ti_drivers_config.o (.rodata.uart2CC32XXHWAttrs0)
                  200115a4    00000028     drivers_cc32xx.a : GPIOCC32XX.c.obj (.rodata.portConfigs)
                  200115cc    00000024                      : UART2.c.obj (.rodata.UART2_defaultParams)
                  200115f0    00000021                      : GPIOCC32XX.c.obj (.rodata.pinTable)
                  20011611    00000002                      : UART2CC32XX.c.obj (.rodata.stopBits)
                  20011613    00000001     ti_drivers_config.o (.rodata.GPIO_pinUpperBound)
                  20011614    00000018     driverlib.a : interrupt.obj (.rodata.g_pulDisRegs)
                  2001162c    00000018                 : interrupt.obj (.rodata.g_pulEnRegs)
                  20011644    00000018                 : interrupt.obj (.rodata.g_pulPendRegs)
                  2001165c    00000018                 : interrupt.obj (.rodata.g_pulUnpendRegs)
                  20011674    00000016     uart2echo.o (.rodata.str1.4)
                  2001168a    00000001     ti_drivers_config.o (.rodata.UART2_count)
                  2001168b    00000001     --HOLE-- [fill = 0]
                  2001168c    00000010     ti_drivers_config.o (.rodata.GPIO_config)
                  2001169c    0000000c     ti_drivers_config.o (.rodata.udmaCC3220SHWAttrs)
                  200116a8    00000008     ti_drivers_config.o (.rodata.UART2_config)
                  200116b0    00000008     ti_drivers_config.o (.rodata.UDMACC32XX_config)
                  200116b8    00000005     drivers_cc32xx.a : UART2CC32XX.c.obj (.rodata.parityType)
                  200116bd    00000004                      : UART2CC32XX.c.obj (.rodata.cst4)

.init_array 
*          0    20004000    00000000     UNINITIALIZED

.bss       0    20010400    00000820     UNINITIALIZED
                  20010400    00000400     ti_drivers_config.o (.bss.dmaControlTable)
                  20010800    00000178     (.common:uart2CC32XXObjects0)
                  20010978    0000012c     (.common:PowerCC32XX_contextSave)
                  20010aa4    00000084     (.common:gpioCallbackFunctions)
                  20010b28    00000084     (.common:gpioUserArgs)
                  20010bac    00000020     ti_drivers_config.o (.bss.uart2RxRingBuffer0)
                  20010bcc    00000020     ti_drivers_config.o (.bss.uart2TxRingBuffer0)
                  20010bec    00000014     drivers_cc32xx.a : UDMACC32XX.c.obj (.bss.postNotifyObj)
                  20010c00    00000010     (.common:ClockP_ctrl)
                  20010c10    00000008     (.common:udmaCC3220SObject)
                  20010c18    00000004     nortos_cc32xx.a : ClockPSysTick_nortos.c.obj (.bss.sysTickPeriod)
                  20010c1c    00000004     libc.a : memory.c.obj (.bss.sys_free)

.data      0    20010c20    00000689     UNINITIALIZED
                  20010c20    0000030c     nortos_cc32xx.a : HwiPCC32XX_nortos.c.obj (.data.HwiP_dispatchTable)
                  20010f2c    0000016c     drivers_cc32xx.a : PowerCC32XX.c.obj (.data.PowerCC32XX_module)
                  20011098    000000f8     ti_drivers_config.o (.data.parkInfo)
                  20011190    00000084     ti_drivers_config.o (.data.gpioPinConfigs)
                  20011214    0000004c     nortos_cc32xx.a : SwiP_nortos.c.obj (.data..L_MergedGlobals)
                  20011260    00000018     drivers_cc32xx.a : GPIOCC32XX.c.obj (.data..L_MergedGlobals)
                  20011278    00000010     nortos_cc32xx.a : SemaphoreP_nortos.c.obj (.data..L_MergedGlobals)
                  20011288    00000008     drivers_cc32xx.a : UDMACC32XX.c.obj (.data..L_MergedGlobals)
                  20011290    00000008     nortos_cc32xx.a : ClockPSysTick_nortos.c.obj (.data..L_MergedGlobals)
                  20011298    00000004                     : HwiPCC32XX_nortos.c.obj (.data.HwiP_swiPIntNum)
                  2001129c    00000004     libc.a : _lock.c.obj (.data._lock)
                  200112a0    00000004            : _lock.c.obj (.data._unlock)
                  200112a4    00000001     drivers_cc32xx.a : GPIOCC32XX.c.obj (.data.initCalled)
                  200112a5    00000001                      : GPIOCC32XX.c.obj (.data.portHwiCreatedBitMask)
                  200112a6    00000002     --HOLE--
                  200112a8    00000001     libc.a : memory.c.obj (.data.memory_is_initialized)

.log_data 
*          0    90000000    00000000     COPY SECTION

.log_ptr   0    94000008    00000000     COPY SECTION

__llvm_prf_cnts 
*          0    20004000    00000000     UNINITIALIZED

__llvm_prf_bits 
*          0    20004000    00000000     UNINITIALIZED

MODULE SUMMARY

       Module                         code    ro data   rw data
       ------                         ----    -------   -------
    ./
       uart2echo.o                    148     22        0      
       main_nortos.o                  16      0         0      
    +--+------------------------------+-------+---------+---------+
       Total:                         164     22        0      
                                                               
    ./syscfg/
       ti_drivers_config.o            34      170       2116   
    +--+------------------------------+-------+---------+---------+
       Total:                         34      170       2116   
                                                               
    /Applications/ti/ccs1230/ccs/tools/compiler/ti-cgt-armllvm_2.1.3.LTS/lib/armv7em-ti-none-eabi/c/libc.a
       memory.c.obj                   720     0         5      
       copy_decompress_lzss.c.obj     106     0         0      
       autoinit.c.obj                 56      0         0      
       boot_cortex_m.c.obj            36      0         0      
       memcpy_t2.S.obj                18      0         0      
       copy_zero_init.c.obj           16      0         0      
       copy_decompress_none.c.obj     14      0         0      
       memset_t2.S.obj                14      0         0      
       _lock.c.obj                    2       0         8      
       exit.c.obj                     4       0         0      
       pre_init.c.obj                 4       0         0      
    +--+------------------------------+-------+---------+---------+
       Total:                         990     0         13     
                                                               
    /Applications/ti/ccs1230/ccs/tools/compiler/ti-cgt-armllvm_2.1.3.LTS/lib/clang/14.0.6/lib/armv7em-ti-none-eabi/libclang_rt.builtins.a
       udivmoddi4.S.obj               176     0         0      
       aeabi_memset.S.obj             20      0         0      
       aeabi_uldivmod.S.obj           20      0         0      
       aeabi_memcpy.S.obj             4       0         0      
       aeabi_div0.c.obj               2       0         0      
    +--+------------------------------+-------+---------+---------+
       Total:                         222     0         0      
                                                               
    /Users/matthewbass/ti/simplelink_cc32xx_sdk_7_10_00_13/kernel/nortos/lib/ticlang/m4/nortos_cc32xx.a
       HwiPCC32XX_nortos.c.obj        282     0         784    
       startup_cc32xx_ticlang.c.obj   88      64        780    
       ClockPSysTick_nortos.c.obj     524     0         28     
       SemaphoreP_nortos.c.obj        392     0         16     
       PowerCC32XX_nortos.c.obj       404     0         0      
       SwiP_nortos.c.obj              84      0         76     
       NoRTOS.c.obj                   4       0         0      
    +--+------------------------------+-------+---------+---------+
       Total:                         1778    64        1684   
                                                               
    /Users/matthewbass/ti/simplelink_cc32xx_sdk_7_10_00_13/source/ti/devices/cc32xx/driverlib/ticlang/Release/driverlib.a
       prcm.obj                       2564    168       0      
       interrupt.obj                  868     308       0      
       pin.obj                        718     256       0      
       udma.obj                       806     0         0      
       uart.obj                       490     0         0      
       gpio.obj                       388     0         0      
       flash.obj                      92      0         0      
       systick.obj                    76      0         0      
       cpu.obj                        62      0         0      
       utils.obj                      8       0         0      
    +--+------------------------------+-------+---------+---------+
       Total:                         6072    732       0      
                                                               
    /Users/matthewbass/ti/simplelink_cc32xx_sdk_7_10_00_13/source/ti/drivers/lib/ticlang/m4/drivers_cc32xx.a
       PowerCC32XX.c.obj              2052    0         664    
       UART2CC32XX.c.obj              2266    11        0      
       UART2.c.obj                    1396    36        0      
       GPIOCC32XX.c.obj               960     73        26     
       RingBuf.c.obj                  272     0         0      
       UDMACC32XX.c.obj               242     0         28     
       PowerCC32XX_ticlang.asm.obj    150     0         0      
       List.c.obj                     76      0         0      
    +--+------------------------------+-------+---------+---------+
       Total:                         7414    120       718    
                                                               
       Heap:                          0       0         32768  
       Stack:                         0       0         4096   
       Linker Generated:              0       240       0      
    +--+------------------------------+-------+---------+---------+
       Grand Total:                   16674   1348      41395  


LINKER GENERATED COPY TABLES

__TI_cinit_table @ 20010244 records: 2, size/record: 8, table size: 16
	.data: load addr=20010164, load size=000000cc bytes, run addr=20010c20, run size=00000689 bytes, compression=lzss
	.bss: load addr=2001023c, load size=00000008 bytes, run addr=20010400, run size=00000820 bytes, compression=zero_init


LINKER GENERATED HANDLER TABLE

__TI_handler_table @ 20010230 records: 3, size/record: 4, table size: 12
	index: 0, handler: __TI_decompress_lzss
	index: 1, handler: __TI_decompress_none
	index: 2, handler: __TI_zero_init


GLOBAL SYMBOLS: SORTED ALPHABETICALLY BY Name 

address   name                            
-------   ----                            
2000fd11  Board_init                      
2000de47  Board_initHook                  
20010158  C$$EXIT                         
2000fd95  CPUcpsid                        
2000fda9  CPUcpsie                        
200100b5  CPUprimask                      
2001003d  CPUwfi                          
2000fe99  ClockP_add                      
20010c00  ClockP_ctrl                     
2000f269  ClockP_destruct                 
20010135  ClockP_doTick                   
2000ff29  ClockP_getCpuFreq               
2000ff39  ClockP_getSystemTicks           
2000f5c9  ClockP_getTicksUntilInterrupt   
200100bf  ClockP_isActive                 
2000ff49  ClockP_setTicks                 
2000f45d  ClockP_start                    
2000e949  ClockP_startup                  
2000f1f1  ClockP_stop                     
2000ed65  ClockP_sysTickHandler           
20011294  ClockP_tickPeriod               
2000e835  FlashDisable                    
2000ef59  GPIODirModeSet                  
2000feab  GPIOIntClear                    
2000fc45  GPIOIntDisable                  
2000fce1  GPIOIntEnable                   
2000f689  GPIOIntStatus                   
2000dc55  GPIOIntTypeSet                  
2000f9d5  GPIOPinWrite                    
2001168c  GPIO_config                     
2000ef9d  GPIO_disableInt                 
2000efe1  GPIO_enableInt                  
2000eaf9  GPIO_hwiIntFxn                  
2000e0a1  GPIO_init                       
20011613  GPIO_pinUpperBound              
2000d161  GPIO_setConfig                  
2000ec39  GPIO_setInterruptConfig         
2000e775  GPIO_write                      
2000febd  HwiP_Params_init                
20010139  HwiP_clearInterrupt             
2000e2c1  HwiP_construct                  
2000f76d  HwiP_create                     
2000fdbd  HwiP_destruct                   
200100fb  HwiP_disable                    
2000fbd5  HwiP_dispatch                   
2001013d  HwiP_enable                     
2000ff59  HwiP_inISR                      
2000ffe9  HwiP_interruptsEnabled          
20010141  HwiP_post                       
20010103  HwiP_restore                    
20011298  HwiP_swiPIntNum                 
UNDEFED   ITM_flush                       
UNDEFED   ITM_restore                     
2000d899  IntDisable                      
2000d961  IntEnable                       
200100c9  IntMasterDisable                
200100d3  IntMasterEnable                 
2000e70d  IntPendClear                    
2000dd01  IntPendSet                      
2000e9a1  IntPrioritySet                  
2000fa7f  IntRegister                     
2000f8b5  IntUnregister                   
2000fdd1  IntVTableBaseSet                
2000f8d9  List_put                        
2000f815  List_remove                     
20010149  NoRTOS_start                    
2000c041  PRCMCC3200MCUInit               
2000fc5f  PRCMHIBRegRead                  
2000fc79  PRCMHIBRegWrite                 
2000e335  PRCMHibernateWakeUpGPIOSelect   
2000e891  PRCMHibernateWakeupSourceDisable
2000eb49  PRCMHibernateWakeupSourceEnable 
2000edad  PRCMIntEnable                   
2000e9f9  PRCMLPDSEnter                   
2000eecd  PRCMLPDSEnterKeepDebugIf        
2000f5f9  PRCMLPDSIntervalSet             
2000ec85  PRCMLPDSRestoreInfoSet          
2000f797  PRCMLPDSWakeUpGPIOSelect        
20010055  PRCMLPDSWakeupCauseGet          
2000fc93  PRCMLPDSWakeupSourceDisable     
2000f8fd  PRCMLPDSWakeupSourceEnable      
2000f7c1  PRCMPeripheralClkDisable        
2000e8ed  PRCMPeripheralClkEnable         
2000e639  PRCMPeripheralReset             
2000edf5  PRCMPeripheralStatusGet         
2000f83d  PRCMSRAMRetentionEnable         
2001010b  PRCMSleepEnter                  
2000f629  PRCMSlowClkCtrFastGet           
2000e131  PRCMSysResetCauseGet            
2000ee3d  PinConfigGet                    
2000dda5  PinConfigSet                    
2000f491  PinDirModeGet                   
2000f1b1  PinDirModeSet                   
2000f3f1  PinLock                         
2000e41d  PinLockLevelSet                 
2000f4c5  PinModeGet                      
2000f0ad  PinModeSet                      
2000fcad  PinToPadGet                     
2000fb21  PinTypeUART                     
2000f9f7  PinUnlock                       
20011528  PowerCC32XX_config              
2000e1c1  PowerCC32XX_configureWakeup     
20010978  PowerCC32XX_contextSave         
2000dee1  PowerCC32XX_enterLPDS           
2000f865  PowerCC32XX_getParkState        
2000df77  PowerCC32XX_initPolicy          
20010f2c  PowerCC32XX_module              
2000f4f9  PowerCC32XX_parkPin             
2000faa1  PowerCC32XX_reset               
2000f921  PowerCC32XX_restoreParkState    
2000f945  PowerCC32XX_restoreParkedPin    
2000df25  PowerCC32XX_resumeLPDS          
2000ea51  PowerCC32XX_setParkState        
2000d011  PowerCC32XX_sleepPolicy         
2000fde5  Power_disablePolicy             
2000ff69  Power_enablePolicy              
20010061  Power_getConstraintMask         
2000fdf9  Power_getTransitionLatency      
2000fe0d  Power_idleFunc                  
2000e249  Power_init                      
2000f969  Power_registerNotify            
2000f025  Power_releaseConstraint         
2000eaa5  Power_releaseDependency         
2000f2a1  Power_setConstraint             
2000e489  Power_setDependency             
2000c4f9  Power_sleep                     
2000fac1  Power_unregisterNotify          
2000ff79  RingBuf_construct               
2000f6b7  RingBuf_getConsume              
2001014d  RingBuf_getCount                
2000fa19  RingBuf_getPointer              
2000ef13  RingBuf_put                     
2000f2d9  RingBuf_putAdvance              
2000f6e5  RingBuf_putPointer              
2000eb99  SemaphoreP_construct            
2000fae1  SemaphoreP_constructBinary      
2000fcf9  SemaphoreP_create               
2000fb01  SemaphoreP_createBinary         
20011280  SemaphoreP_defaultParams        
20010151  SemaphoreP_delete               
2000e09f  SemaphoreP_destruct             
2000de49  SemaphoreP_pend                 
2000f131  SemaphoreP_post                 
2000fbf1  SwiP_disable                    
2000f311  SwiP_restore                    
2000fecf  SysTickEnable                   
2000fee1  SysTickIntDisable               
2000fef3  SysTickIntEnable                
2000fd27  SysTickPeriodSet                
2000ff17  TI_memcpy_small                 
20010021  TI_memset_small                 
2000f98d  UART2Support_disableRx          
20010079  UART2Support_disableTx          
2000d7cd  UART2Support_dmaStartRx         
2000daed  UART2Support_dmaStartTx         
2000ecd1  UART2Support_dmaStopRx          
2000e7d5  UART2Support_dmaStopTx          
2000f595  UART2Support_enableInts         
20010085  UART2Support_enableRx           
20010091  UART2Support_enableTx           
20010129  UART2Support_powerRelConstraint 
2001012f  UART2Support_powerSetConstraint 
2000fa3b  UART2Support_sendData           
2000ff89  UART2Support_txDone             
2001009d  UART2_Params_init               
2000d6e5  UART2_close                     
200116a8  UART2_config                    
2001168a  UART2_count                     
200115cc  UART2_defaultParams             
2000ccd1  UART2_open                      
2000fa5d  UART2_read                      
2000ee85  UART2_readFull                  
2000caff  UART2_readTimeout               
2000f52d  UART2_rxDisable                 
2000f349  UART2_rxEnable                  
2000fff7  UART2_write                     
2000fb3f  UART2_writeTimeout              
2000ce9d  UART2_writeTimeoutBlocking      
2000d3c1  UART2_writeTimeoutNonblocking   
2000ff99  UARTBusy                        
2000f427  UARTCharPutNonBlocking          
2000fd3d  UARTCharsAvail                  
2000e3a9  UARTConfigSetExpClk             
2000fd53  UARTDMADisable                  
2000fe21  UARTDMAEnable                   
2000f713  UARTDisable                     
2000fb5d  UARTEnable                      
2000fd69  UARTFIFOLevelSet                
2000fcc7  UARTFlowControlSet              
2000ffa9  UARTIntClear                    
2000fd7f  UARTIntDisable                  
2000fe35  UARTIntEnable                   
2000f7eb  UARTIntStatus                   
2000ffb9  UARTRxErrorGet                  
2000f381  UDMACC32XX_close                
200116b0  UDMACC32XX_config               
2000f22d  UDMACC32XX_init                 
2000e4f5  UDMACC32XX_open                 
20010113  UtilsDelay                      
20004000  __STACK_END                     
00001000  __STACK_SIZE                    
00008000  __SYSMEM_SIZE                   
20010244  __TI_CINIT_Base                 
20010254  __TI_CINIT_Limit                
20010254  __TI_CINIT_Warm                 
20010230  __TI_Handler_Table_Base         
2001023c  __TI_Handler_Table_Limit        
2000f3b9  __TI_auto_init_nobinit_nopinit  
2000e6a3  __TI_decompress_lzss            
2001002f  __TI_decompress_none            
ffffffff  __TI_pprof_out_hndl             
ffffffff  __TI_prof_data_size             
ffffffff  __TI_prof_data_start            
20010164  __TI_static_base__              
2000ffd9  __TI_zero_init                  
2000e947  __aeabi_ldiv0                   
2000fe7d  __aeabi_memclr                  
2000fe7d  __aeabi_memclr4                 
2000fe7d  __aeabi_memclr8                 
2001015d  __aeabi_memcpy                  
2001015d  __aeabi_memcpy4                 
2001015d  __aeabi_memcpy8                 
2000fe71  __aeabi_memset                  
2000fe71  __aeabi_memset4                 
2000fe71  __aeabi_memset8                 
2000fe85  __aeabi_uldivmod                
ffffffff  __binit__                       
UNDEFED   __mpu_init                      
20003000  __stack                         
20004000  __start___llvm_prf_bits         
20004000  __start___llvm_prf_cnts         
20004000  __stop___llvm_prf_bits          
20004000  __stop___llvm_prf_cnts          
2000dba5  __udivmoddi4                    
2000f9b1  _c_int00_noargs                 
2001129c  _lock                           
2000ea4f  _nop                            
20004040  _sys_memory                     
UNDEFED   _system_post_cinit              
20010155  _system_pre_init                
200112a0  _unlock                         
20010159  abort                           
2000d2a1  aligned_alloc                   
ffffffff  binit                           
2000f1ef  clkFxn                          
2000d5ed  free                            
20010aa4  gpioCallbackFunctions           
20011190  gpioPinConfigs                  
20010b28  gpioUserArgs                    
2000f561  initVectors                     
2000ffc9  main                            
2000df79  mainThread                      
2001011b  malloc                          
2000d2a1  memalign                        
20011098  parkInfo                        
2000fc29  resetISR                        
2000ebe9  uDMAChannelAssign               
2000e00d  uDMAChannelAttributeDisable     
2000f171  uDMAChannelControlSet           
2000fb7b  uDMAChannelDisable              
2000fb99  uDMAChannelEnable               
2000fbb7  uDMAChannelIsEnabled            
2000ed1b  uDMAChannelSizeGet              
2000d4db  uDMAChannelTransferSet          
2000fe49  uDMAControlBaseSet              
20010005  uDMAEnable                      
20010013  uDMAErrorStatusClear            
200100a9  uDMAErrorStatusGet              
2000fe5d  uDMAIntClear                    
20010800  uart2CC32XXObjects0             
2001169c  udmaCC3220SHWAttrs              
20010c10  udmaCC3220SObject               


GLOBAL SYMBOLS: SORTED BY Symbol Address 

address   name                            
-------   ----                            
00001000  __STACK_SIZE                    
00008000  __SYSMEM_SIZE                   
20003000  __stack                         
20004000  __STACK_END                     
20004000  __start___llvm_prf_bits         
20004000  __start___llvm_prf_cnts         
20004000  __stop___llvm_prf_bits          
20004000  __stop___llvm_prf_cnts          
20004040  _sys_memory                     
2000c041  PRCMCC3200MCUInit               
2000c4f9  Power_sleep                     
2000caff  UART2_readTimeout               
2000ccd1  UART2_open                      
2000ce9d  UART2_writeTimeoutBlocking      
2000d011  PowerCC32XX_sleepPolicy         
2000d161  GPIO_setConfig                  
2000d2a1  aligned_alloc                   
2000d2a1  memalign                        
2000d3c1  UART2_writeTimeoutNonblocking   
2000d4db  uDMAChannelTransferSet          
2000d5ed  free                            
2000d6e5  UART2_close                     
2000d7cd  UART2Support_dmaStartRx         
2000d899  IntDisable                      
2000d961  IntEnable                       
2000daed  UART2Support_dmaStartTx         
2000dba5  __udivmoddi4                    
2000dc55  GPIOIntTypeSet                  
2000dd01  IntPendSet                      
2000dda5  PinConfigSet                    
2000de47  Board_initHook                  
2000de49  SemaphoreP_pend                 
2000dee1  PowerCC32XX_enterLPDS           
2000df25  PowerCC32XX_resumeLPDS          
2000df77  PowerCC32XX_initPolicy          
2000df79  mainThread                      
2000e00d  uDMAChannelAttributeDisable     
2000e09f  SemaphoreP_destruct             
2000e0a1  GPIO_init                       
2000e131  PRCMSysResetCauseGet            
2000e1c1  PowerCC32XX_configureWakeup     
2000e249  Power_init                      
2000e2c1  HwiP_construct                  
2000e335  PRCMHibernateWakeUpGPIOSelect   
2000e3a9  UARTConfigSetExpClk             
2000e41d  PinLockLevelSet                 
2000e489  Power_setDependency             
2000e4f5  UDMACC32XX_open                 
2000e639  PRCMPeripheralReset             
2000e6a3  __TI_decompress_lzss            
2000e70d  IntPendClear                    
2000e775  GPIO_write                      
2000e7d5  UART2Support_dmaStopTx          
2000e835  FlashDisable                    
2000e891  PRCMHibernateWakeupSourceDisable
2000e8ed  PRCMPeripheralClkEnable         
2000e947  __aeabi_ldiv0                   
2000e949  ClockP_startup                  
2000e9a1  IntPrioritySet                  
2000e9f9  PRCMLPDSEnter                   
2000ea4f  _nop                            
2000ea51  PowerCC32XX_setParkState        
2000eaa5  Power_releaseDependency         
2000eaf9  GPIO_hwiIntFxn                  
2000eb49  PRCMHibernateWakeupSourceEnable 
2000eb99  SemaphoreP_construct            
2000ebe9  uDMAChannelAssign               
2000ec39  GPIO_setInterruptConfig         
2000ec85  PRCMLPDSRestoreInfoSet          
2000ecd1  UART2Support_dmaStopRx          
2000ed1b  uDMAChannelSizeGet              
2000ed65  ClockP_sysTickHandler           
2000edad  PRCMIntEnable                   
2000edf5  PRCMPeripheralStatusGet         
2000ee3d  PinConfigGet                    
2000ee85  UART2_readFull                  
2000eecd  PRCMLPDSEnterKeepDebugIf        
2000ef13  RingBuf_put                     
2000ef59  GPIODirModeSet                  
2000ef9d  GPIO_disableInt                 
2000efe1  GPIO_enableInt                  
2000f025  Power_releaseConstraint         
2000f0ad  PinModeSet                      
2000f131  SemaphoreP_post                 
2000f171  uDMAChannelControlSet           
2000f1b1  PinDirModeSet                   
2000f1ef  clkFxn                          
2000f1f1  ClockP_stop                     
2000f22d  UDMACC32XX_init                 
2000f269  ClockP_destruct                 
2000f2a1  Power_setConstraint             
2000f2d9  RingBuf_putAdvance              
2000f311  SwiP_restore                    
2000f349  UART2_rxEnable                  
2000f381  UDMACC32XX_close                
2000f3b9  __TI_auto_init_nobinit_nopinit  
2000f3f1  PinLock                         
2000f427  UARTCharPutNonBlocking          
2000f45d  ClockP_start                    
2000f491  PinDirModeGet                   
2000f4c5  PinModeGet                      
2000f4f9  PowerCC32XX_parkPin             
2000f52d  UART2_rxDisable                 
2000f561  initVectors                     
2000f595  UART2Support_enableInts         
2000f5c9  ClockP_getTicksUntilInterrupt   
2000f5f9  PRCMLPDSIntervalSet             
2000f629  PRCMSlowClkCtrFastGet           
2000f689  GPIOIntStatus                   
2000f6b7  RingBuf_getConsume              
2000f6e5  RingBuf_putPointer              
2000f713  UARTDisable                     
2000f76d  HwiP_create                     
2000f797  PRCMLPDSWakeUpGPIOSelect        
2000f7c1  PRCMPeripheralClkDisable        
2000f7eb  UARTIntStatus                   
2000f815  List_remove                     
2000f83d  PRCMSRAMRetentionEnable         
2000f865  PowerCC32XX_getParkState        
2000f8b5  IntUnregister                   
2000f8d9  List_put                        
2000f8fd  PRCMLPDSWakeupSourceEnable      
2000f921  PowerCC32XX_restoreParkState    
2000f945  PowerCC32XX_restoreParkedPin    
2000f969  Power_registerNotify            
2000f98d  UART2Support_disableRx          
2000f9b1  _c_int00_noargs                 
2000f9d5  GPIOPinWrite                    
2000f9f7  PinUnlock                       
2000fa19  RingBuf_getPointer              
2000fa3b  UART2Support_sendData           
2000fa5d  UART2_read                      
2000fa7f  IntRegister                     
2000faa1  PowerCC32XX_reset               
2000fac1  Power_unregisterNotify          
2000fae1  SemaphoreP_constructBinary      
2000fb01  SemaphoreP_createBinary         
2000fb21  PinTypeUART                     
2000fb3f  UART2_writeTimeout              
2000fb5d  UARTEnable                      
2000fb7b  uDMAChannelDisable              
2000fb99  uDMAChannelEnable               
2000fbb7  uDMAChannelIsEnabled            
2000fbd5  HwiP_dispatch                   
2000fbf1  SwiP_disable                    
2000fc29  resetISR                        
2000fc45  GPIOIntDisable                  
2000fc5f  PRCMHIBRegRead                  
2000fc79  PRCMHIBRegWrite                 
2000fc93  PRCMLPDSWakeupSourceDisable     
2000fcad  PinToPadGet                     
2000fcc7  UARTFlowControlSet              
2000fce1  GPIOIntEnable                   
2000fcf9  SemaphoreP_create               
2000fd11  Board_init                      
2000fd27  SysTickPeriodSet                
2000fd3d  UARTCharsAvail                  
2000fd53  UARTDMADisable                  
2000fd69  UARTFIFOLevelSet                
2000fd7f  UARTIntDisable                  
2000fd95  CPUcpsid                        
2000fda9  CPUcpsie                        
2000fdbd  HwiP_destruct                   
2000fdd1  IntVTableBaseSet                
2000fde5  Power_disablePolicy             
2000fdf9  Power_getTransitionLatency      
2000fe0d  Power_idleFunc                  
2000fe21  UARTDMAEnable                   
2000fe35  UARTIntEnable                   
2000fe49  uDMAControlBaseSet              
2000fe5d  uDMAIntClear                    
2000fe71  __aeabi_memset                  
2000fe71  __aeabi_memset4                 
2000fe71  __aeabi_memset8                 
2000fe7d  __aeabi_memclr                  
2000fe7d  __aeabi_memclr4                 
2000fe7d  __aeabi_memclr8                 
2000fe85  __aeabi_uldivmod                
2000fe99  ClockP_add                      
2000feab  GPIOIntClear                    
2000febd  HwiP_Params_init                
2000fecf  SysTickEnable                   
2000fee1  SysTickIntDisable               
2000fef3  SysTickIntEnable                
2000ff17  TI_memcpy_small                 
2000ff29  ClockP_getCpuFreq               
2000ff39  ClockP_getSystemTicks           
2000ff49  ClockP_setTicks                 
2000ff59  HwiP_inISR                      
2000ff69  Power_enablePolicy              
2000ff79  RingBuf_construct               
2000ff89  UART2Support_txDone             
2000ff99  UARTBusy                        
2000ffa9  UARTIntClear                    
2000ffb9  UARTRxErrorGet                  
2000ffc9  main                            
2000ffd9  __TI_zero_init                  
2000ffe9  HwiP_interruptsEnabled          
2000fff7  UART2_write                     
20010005  uDMAEnable                      
20010013  uDMAErrorStatusClear            
20010021  TI_memset_small                 
2001002f  __TI_decompress_none            
2001003d  CPUwfi                          
20010055  PRCMLPDSWakeupCauseGet          
20010061  Power_getConstraintMask         
20010079  UART2Support_disableTx          
20010085  UART2Support_enableRx           
20010091  UART2Support_enableTx           
2001009d  UART2_Params_init               
200100a9  uDMAErrorStatusGet              
200100b5  CPUprimask                      
200100bf  ClockP_isActive                 
200100c9  IntMasterDisable                
200100d3  IntMasterEnable                 
200100fb  HwiP_disable                    
20010103  HwiP_restore                    
2001010b  PRCMSleepEnter                  
20010113  UtilsDelay                      
2001011b  malloc                          
20010129  UART2Support_powerRelConstraint 
2001012f  UART2Support_powerSetConstraint 
20010135  ClockP_doTick                   
20010139  HwiP_clearInterrupt             
2001013d  HwiP_enable                     
20010141  HwiP_post                       
20010149  NoRTOS_start                    
2001014d  RingBuf_getCount                
20010151  SemaphoreP_delete               
20010155  _system_pre_init                
20010158  C$$EXIT                         
20010159  abort                           
2001015d  __aeabi_memcpy                  
2001015d  __aeabi_memcpy4                 
2001015d  __aeabi_memcpy8                 
20010164  __TI_static_base__              
20010230  __TI_Handler_Table_Base         
2001023c  __TI_Handler_Table_Limit        
20010244  __TI_CINIT_Base                 
20010254  __TI_CINIT_Limit                
20010254  __TI_CINIT_Warm                 
20010800  uart2CC32XXObjects0             
20010978  PowerCC32XX_contextSave         
20010aa4  gpioCallbackFunctions           
20010b28  gpioUserArgs                    
20010c00  ClockP_ctrl                     
20010c10  udmaCC3220SObject               
20010f2c  PowerCC32XX_module              
20011098  parkInfo                        
20011190  gpioPinConfigs                  
20011280  SemaphoreP_defaultParams        
20011294  ClockP_tickPeriod               
20011298  HwiP_swiPIntNum                 
2001129c  _lock                           
200112a0  _unlock                         
20011528  PowerCC32XX_config              
200115cc  UART2_defaultParams             
20011613  GPIO_pinUpperBound              
2001168a  UART2_count                     
2001168c  GPIO_config                     
2001169c  udmaCC3220SHWAttrs              
200116a8  UART2_config                    
200116b0  UDMACC32XX_config               
ffffffff  __TI_pprof_out_hndl             
ffffffff  __TI_prof_data_size             
ffffffff  __TI_prof_data_start            
ffffffff  __binit__                       
ffffffff  binit                           
UNDEFED   ITM_flush                       
UNDEFED   ITM_restore                     
UNDEFED   __mpu_init                      
UNDEFED   _system_post_cinit              

[272 symbols]
