<?xml version="1.0" encoding="ISO-8859-1" ?>
<link_info>
   <banner>TI ARM Clang Linker Unix v2.1.3.LTS</banner>
   <copyright>Copyright (c) 1996-2018 Texas Instruments Incorporated</copyright>
   <link_time>0x650a90e6</link_time>
   <link_errors>0x0</link_errors>
   <output_file>uart2echo_CC3220S_LAUNCHXL_nortos_ticlang.out</output_file>
   <entry_point>
      <name>resetISR</name>
      <address>0x2000fc29</address>
   </entry_point>
   <input_file_list>
      <input_file id="fl-1">
         <path>./</path>
         <kind>object</kind>
         <file>main_nortos.o</file>
         <name>main_nortos.o</name>
      </input_file>
      <input_file id="fl-2">
         <path>./</path>
         <kind>object</kind>
         <file>uart2echo.o</file>
         <name>uart2echo.o</name>
      </input_file>
      <input_file id="fl-3">
         <path>./syscfg/</path>
         <kind>object</kind>
         <file>ti_drivers_config.o</file>
         <name>ti_drivers_config.o</name>
      </input_file>
      <input_file id="fl-13">
         <kind>object</kind>
         <file>&lt;internal&gt;</file>
         <name>&lt;internal&gt;</name>
      </input_file>
      <input_file id="fl-14">
         <path>/Users/matthewbass/ti/simplelink_cc32xx_sdk_7_10_00_13/source/ti/drivers/lib/ticlang/m4/</path>
         <kind>archive</kind>
         <file>drivers_cc32xx.a</file>
         <name>GPIOCC32XX.c.obj</name>
      </input_file>
      <input_file id="fl-15">
         <path>/Users/matthewbass/ti/simplelink_cc32xx_sdk_7_10_00_13/source/ti/drivers/lib/ticlang/m4/</path>
         <kind>archive</kind>
         <file>drivers_cc32xx.a</file>
         <name>PowerCC32XX.c.obj</name>
      </input_file>
      <input_file id="fl-16">
         <path>/Users/matthewbass/ti/simplelink_cc32xx_sdk_7_10_00_13/source/ti/drivers/lib/ticlang/m4/</path>
         <kind>archive</kind>
         <file>drivers_cc32xx.a</file>
         <name>PowerCC32XX_ticlang.asm.obj</name>
      </input_file>
      <input_file id="fl-17">
         <path>/Users/matthewbass/ti/simplelink_cc32xx_sdk_7_10_00_13/source/ti/drivers/lib/ticlang/m4/</path>
         <kind>archive</kind>
         <file>drivers_cc32xx.a</file>
         <name>UART2.c.obj</name>
      </input_file>
      <input_file id="fl-18">
         <path>/Users/matthewbass/ti/simplelink_cc32xx_sdk_7_10_00_13/source/ti/drivers/lib/ticlang/m4/</path>
         <kind>archive</kind>
         <file>drivers_cc32xx.a</file>
         <name>UART2CC32XX.c.obj</name>
      </input_file>
      <input_file id="fl-19">
         <path>/Users/matthewbass/ti/simplelink_cc32xx_sdk_7_10_00_13/source/ti/drivers/lib/ticlang/m4/</path>
         <kind>archive</kind>
         <file>drivers_cc32xx.a</file>
         <name>List.c.obj</name>
      </input_file>
      <input_file id="fl-1a">
         <path>/Users/matthewbass/ti/simplelink_cc32xx_sdk_7_10_00_13/source/ti/drivers/lib/ticlang/m4/</path>
         <kind>archive</kind>
         <file>drivers_cc32xx.a</file>
         <name>RingBuf.c.obj</name>
      </input_file>
      <input_file id="fl-1b">
         <path>/Users/matthewbass/ti/simplelink_cc32xx_sdk_7_10_00_13/source/ti/drivers/lib/ticlang/m4/</path>
         <kind>archive</kind>
         <file>drivers_cc32xx.a</file>
         <name>UDMACC32XX.c.obj</name>
      </input_file>
      <input_file id="fl-1c">
         <path>/Users/matthewbass/ti/simplelink_cc32xx_sdk_7_10_00_13/kernel/nortos/lib/ticlang/m4/</path>
         <kind>archive</kind>
         <file>nortos_cc32xx.a</file>
         <name>NoRTOS.c.obj</name>
      </input_file>
      <input_file id="fl-1d">
         <path>/Users/matthewbass/ti/simplelink_cc32xx_sdk_7_10_00_13/kernel/nortos/lib/ticlang/m4/</path>
         <kind>archive</kind>
         <file>nortos_cc32xx.a</file>
         <name>SemaphoreP_nortos.c.obj</name>
      </input_file>
      <input_file id="fl-1e">
         <path>/Users/matthewbass/ti/simplelink_cc32xx_sdk_7_10_00_13/kernel/nortos/lib/ticlang/m4/</path>
         <kind>archive</kind>
         <file>nortos_cc32xx.a</file>
         <name>ClockPSysTick_nortos.c.obj</name>
      </input_file>
      <input_file id="fl-1f">
         <path>/Users/matthewbass/ti/simplelink_cc32xx_sdk_7_10_00_13/kernel/nortos/lib/ticlang/m4/</path>
         <kind>archive</kind>
         <file>nortos_cc32xx.a</file>
         <name>HwiPCC32XX_nortos.c.obj</name>
      </input_file>
      <input_file id="fl-20">
         <path>/Users/matthewbass/ti/simplelink_cc32xx_sdk_7_10_00_13/kernel/nortos/lib/ticlang/m4/</path>
         <kind>archive</kind>
         <file>nortos_cc32xx.a</file>
         <name>PowerCC32XX_nortos.c.obj</name>
      </input_file>
      <input_file id="fl-21">
         <path>/Users/matthewbass/ti/simplelink_cc32xx_sdk_7_10_00_13/kernel/nortos/lib/ticlang/m4/</path>
         <kind>archive</kind>
         <file>nortos_cc32xx.a</file>
         <name>startup_cc32xx_ticlang.c.obj</name>
      </input_file>
      <input_file id="fl-22">
         <path>/Users/matthewbass/ti/simplelink_cc32xx_sdk_7_10_00_13/kernel/nortos/lib/ticlang/m4/</path>
         <kind>archive</kind>
         <file>nortos_cc32xx.a</file>
         <name>SwiP_nortos.c.obj</name>
      </input_file>
      <input_file id="fl-23">
         <path>/Users/matthewbass/ti/simplelink_cc32xx_sdk_7_10_00_13/source/ti/devices/cc32xx/driverlib/ticlang/Release/</path>
         <kind>archive</kind>
         <file>driverlib.a</file>
         <name>cpu.obj</name>
      </input_file>
      <input_file id="fl-24">
         <path>/Users/matthewbass/ti/simplelink_cc32xx_sdk_7_10_00_13/source/ti/devices/cc32xx/driverlib/ticlang/Release/</path>
         <kind>archive</kind>
         <file>driverlib.a</file>
         <name>gpio.obj</name>
      </input_file>
      <input_file id="fl-25">
         <path>/Users/matthewbass/ti/simplelink_cc32xx_sdk_7_10_00_13/source/ti/devices/cc32xx/driverlib/ticlang/Release/</path>
         <kind>archive</kind>
         <file>driverlib.a</file>
         <name>hwspinlock.obj</name>
      </input_file>
      <input_file id="fl-26">
         <path>/Users/matthewbass/ti/simplelink_cc32xx_sdk_7_10_00_13/source/ti/devices/cc32xx/driverlib/ticlang/Release/</path>
         <kind>archive</kind>
         <file>driverlib.a</file>
         <name>interrupt.obj</name>
      </input_file>
      <input_file id="fl-27">
         <path>/Users/matthewbass/ti/simplelink_cc32xx_sdk_7_10_00_13/source/ti/devices/cc32xx/driverlib/ticlang/Release/</path>
         <kind>archive</kind>
         <file>driverlib.a</file>
         <name>pin.obj</name>
      </input_file>
      <input_file id="fl-28">
         <path>/Users/matthewbass/ti/simplelink_cc32xx_sdk_7_10_00_13/source/ti/devices/cc32xx/driverlib/ticlang/Release/</path>
         <kind>archive</kind>
         <file>driverlib.a</file>
         <name>prcm.obj</name>
      </input_file>
      <input_file id="fl-29">
         <path>/Users/matthewbass/ti/simplelink_cc32xx_sdk_7_10_00_13/source/ti/devices/cc32xx/driverlib/ticlang/Release/</path>
         <kind>archive</kind>
         <file>driverlib.a</file>
         <name>spi.obj</name>
      </input_file>
      <input_file id="fl-2a">
         <path>/Users/matthewbass/ti/simplelink_cc32xx_sdk_7_10_00_13/source/ti/devices/cc32xx/driverlib/ticlang/Release/</path>
         <kind>archive</kind>
         <file>driverlib.a</file>
         <name>systick.obj</name>
      </input_file>
      <input_file id="fl-2b">
         <path>/Users/matthewbass/ti/simplelink_cc32xx_sdk_7_10_00_13/source/ti/devices/cc32xx/driverlib/ticlang/Release/</path>
         <kind>archive</kind>
         <file>driverlib.a</file>
         <name>uart.obj</name>
      </input_file>
      <input_file id="fl-2c">
         <path>/Users/matthewbass/ti/simplelink_cc32xx_sdk_7_10_00_13/source/ti/devices/cc32xx/driverlib/ticlang/Release/</path>
         <kind>archive</kind>
         <file>driverlib.a</file>
         <name>udma.obj</name>
      </input_file>
      <input_file id="fl-2d">
         <path>/Users/matthewbass/ti/simplelink_cc32xx_sdk_7_10_00_13/source/ti/devices/cc32xx/driverlib/ticlang/Release/</path>
         <kind>archive</kind>
         <file>driverlib.a</file>
         <name>utils.obj</name>
      </input_file>
      <input_file id="fl-2e">
         <path>/Users/matthewbass/ti/simplelink_cc32xx_sdk_7_10_00_13/source/ti/devices/cc32xx/driverlib/ticlang/Release/</path>
         <kind>archive</kind>
         <file>driverlib.a</file>
         <name>flash.obj</name>
      </input_file>
      <input_file id="fl-3a">
         <path>/Applications/ti/ccs1230/ccs/tools/compiler/ti-cgt-armllvm_2.1.3.LTS/lib/armv7em-ti-none-eabi/c/</path>
         <kind>archive</kind>
         <file>libc.a</file>
         <name>memory.c.obj</name>
      </input_file>
      <input_file id="fl-3b">
         <path>/Applications/ti/ccs1230/ccs/tools/compiler/ti-cgt-armllvm_2.1.3.LTS/lib/armv7em-ti-none-eabi/c/</path>
         <kind>archive</kind>
         <file>libc.a</file>
         <name>boot_cortex_m.c.obj</name>
      </input_file>
      <input_file id="fl-3c">
         <path>/Applications/ti/ccs1230/ccs/tools/compiler/ti-cgt-armllvm_2.1.3.LTS/lib/armv7em-ti-none-eabi/c/</path>
         <kind>archive</kind>
         <file>libc.a</file>
         <name>mathacl_init.c.obj</name>
      </input_file>
      <input_file id="fl-3d">
         <path>/Applications/ti/ccs1230/ccs/tools/compiler/ti-cgt-armllvm_2.1.3.LTS/lib/armv7em-ti-none-eabi/c/</path>
         <kind>archive</kind>
         <file>libc.a</file>
         <name>autoinit.c.obj</name>
      </input_file>
      <input_file id="fl-3e">
         <path>/Applications/ti/ccs1230/ccs/tools/compiler/ti-cgt-armllvm_2.1.3.LTS/lib/armv7em-ti-none-eabi/c/</path>
         <kind>archive</kind>
         <file>libc.a</file>
         <name>pre_init.c.obj</name>
      </input_file>
      <input_file id="fl-3f">
         <path>/Applications/ti/ccs1230/ccs/tools/compiler/ti-cgt-armllvm_2.1.3.LTS/lib/armv7em-ti-none-eabi/c/</path>
         <kind>archive</kind>
         <file>libc.a</file>
         <name>cpy_tbl.c.obj</name>
      </input_file>
      <input_file id="fl-40">
         <path>/Applications/ti/ccs1230/ccs/tools/compiler/ti-cgt-armllvm_2.1.3.LTS/lib/armv7em-ti-none-eabi/c/</path>
         <kind>archive</kind>
         <file>libc.a</file>
         <name>copy_zero_init.c.obj</name>
      </input_file>
      <input_file id="fl-41">
         <path>/Applications/ti/ccs1230/ccs/tools/compiler/ti-cgt-armllvm_2.1.3.LTS/lib/armv7em-ti-none-eabi/c/</path>
         <kind>archive</kind>
         <file>libc.a</file>
         <name>copy_decompress_none.c.obj</name>
      </input_file>
      <input_file id="fl-42">
         <path>/Applications/ti/ccs1230/ccs/tools/compiler/ti-cgt-armllvm_2.1.3.LTS/lib/armv7em-ti-none-eabi/c/</path>
         <kind>archive</kind>
         <file>libc.a</file>
         <name>copy_decompress_lzss.c.obj</name>
      </input_file>
      <input_file id="fl-43">
         <path>/Applications/ti/ccs1230/ccs/tools/compiler/ti-cgt-armllvm_2.1.3.LTS/lib/armv7em-ti-none-eabi/c/</path>
         <kind>archive</kind>
         <file>libc.a</file>
         <name>exit.c.obj</name>
      </input_file>
      <input_file id="fl-44">
         <path>/Applications/ti/ccs1230/ccs/tools/compiler/ti-cgt-armllvm_2.1.3.LTS/lib/armv7em-ti-none-eabi/c/</path>
         <kind>archive</kind>
         <file>libc.a</file>
         <name>_lock.c.obj</name>
      </input_file>
      <input_file id="fl-45">
         <path>/Applications/ti/ccs1230/ccs/tools/compiler/ti-cgt-armllvm_2.1.3.LTS/lib/armv7em-ti-none-eabi/c/</path>
         <kind>archive</kind>
         <file>libc.a</file>
         <name>args_main.c.obj</name>
      </input_file>
      <input_file id="fl-7e">
         <path>/Applications/ti/ccs1230/ccs/tools/compiler/ti-cgt-armllvm_2.1.3.LTS/lib/clang/14.0.6/lib/armv7em-ti-none-eabi/</path>
         <kind>archive</kind>
         <file>libclang_rt.builtins.a</file>
         <name>aeabi_memcpy.S.obj</name>
      </input_file>
      <input_file id="fl-7f">
         <path>/Applications/ti/ccs1230/ccs/tools/compiler/ti-cgt-armllvm_2.1.3.LTS/lib/clang/14.0.6/lib/armv7em-ti-none-eabi/</path>
         <kind>archive</kind>
         <file>libclang_rt.builtins.a</file>
         <name>aeabi_memset.S.obj</name>
      </input_file>
      <input_file id="fl-80">
         <path>/Applications/ti/ccs1230/ccs/tools/compiler/ti-cgt-armllvm_2.1.3.LTS/lib/clang/14.0.6/lib/armv7em-ti-none-eabi/</path>
         <kind>archive</kind>
         <file>libclang_rt.builtins.a</file>
         <name>aeabi_uldivmod.S.obj</name>
      </input_file>
      <input_file id="fl-81">
         <path>/Applications/ti/ccs1230/ccs/tools/compiler/ti-cgt-armllvm_2.1.3.LTS/lib/clang/14.0.6/lib/armv7em-ti-none-eabi/</path>
         <kind>archive</kind>
         <file>libclang_rt.builtins.a</file>
         <name>udivmoddi4.S.obj</name>
      </input_file>
      <input_file id="fl-82">
         <path>/Applications/ti/ccs1230/ccs/tools/compiler/ti-cgt-armllvm_2.1.3.LTS/lib/clang/14.0.6/lib/armv7em-ti-none-eabi/</path>
         <kind>archive</kind>
         <file>libclang_rt.builtins.a</file>
         <name>aeabi_div0.c.obj</name>
      </input_file>
      <input_file id="fl-83">
         <path>/Applications/ti/ccs1230/ccs/tools/compiler/ti-cgt-armllvm_2.1.3.LTS/lib/armv7em-ti-none-eabi/c/</path>
         <kind>archive</kind>
         <file>libc.a</file>
         <name>memcpy_t2.S.obj</name>
      </input_file>
      <input_file id="fl-84">
         <path>/Applications/ti/ccs1230/ccs/tools/compiler/ti-cgt-armllvm_2.1.3.LTS/lib/armv7em-ti-none-eabi/c/</path>
         <kind>archive</kind>
         <file>libc.a</file>
         <name>memset_t2.S.obj</name>
      </input_file>
   </input_file_list>
   <object_component_list>
      <object_component id="oc-c6">
         <name>.text.PRCMCC3200MCUInit</name>
         <load_address>0x2000c040</load_address>
         <run_address>0x2000c040</run_address>
         <size>0x4b8</size>
         <input_file_ref idref="fl-28"/>
      </object_component>
      <object_component id="oc-1ff">
         <name>.text.Power_sleep</name>
         <load_address>0x2000c4f8</load_address>
         <run_address>0x2000c4f8</run_address>
         <size>0x3e4</size>
         <input_file_ref idref="fl-15"/>
      </object_component>
      <object_component id="oc-15e">
         <name>.text.UART2CC32XX_hwiIntFxn</name>
         <load_address>0x2000c8dc</load_address>
         <run_address>0x2000c8dc</run_address>
         <size>0x222</size>
         <input_file_ref idref="fl-18"/>
      </object_component>
      <object_component id="oc-162">
         <name>.text.UART2_readTimeout</name>
         <load_address>0x2000cafe</load_address>
         <run_address>0x2000cafe</run_address>
         <size>0x1d2</size>
         <input_file_ref idref="fl-17"/>
      </object_component>
      <object_component id="oc-e8">
         <name>.text.UART2_open</name>
         <load_address>0x2000ccd0</load_address>
         <run_address>0x2000ccd0</run_address>
         <size>0x1cc</size>
         <input_file_ref idref="fl-18"/>
      </object_component>
      <object_component id="oc-1e3">
         <name>.text.UART2_writeTimeoutBlocking</name>
         <load_address>0x2000ce9c</load_address>
         <run_address>0x2000ce9c</run_address>
         <size>0x174</size>
         <input_file_ref idref="fl-17"/>
      </object_component>
      <object_component id="oc-17e">
         <name>.text.PowerCC32XX_sleepPolicy</name>
         <load_address>0x2000d010</load_address>
         <run_address>0x2000d010</run_address>
         <size>0x150</size>
         <input_file_ref idref="fl-20"/>
      </object_component>
      <object_component id="oc-e2">
         <name>.text.GPIO_setConfig</name>
         <load_address>0x2000d160</load_address>
         <run_address>0x2000d160</run_address>
         <size>0x140</size>
         <input_file_ref idref="fl-14"/>
      </object_component>
      <object_component id="oc-20e">
         <name>.text.aligned_alloc</name>
         <load_address>0x2000d2a0</load_address>
         <run_address>0x2000d2a0</run_address>
         <size>0x120</size>
         <input_file_ref idref="fl-3a"/>
      </object_component>
      <object_component id="oc-1e2">
         <name>.text.UART2_writeTimeoutNonblocking</name>
         <load_address>0x2000d3c0</load_address>
         <run_address>0x2000d3c0</run_address>
         <size>0x11a</size>
         <input_file_ref idref="fl-17"/>
      </object_component>
      <object_component id="oc-229">
         <name>.text.uDMAChannelTransferSet</name>
         <load_address>0x2000d4da</load_address>
         <run_address>0x2000d4da</run_address>
         <size>0x112</size>
         <input_file_ref idref="fl-2c"/>
      </object_component>
      <object_component id="oc-185">
         <name>.text.free</name>
         <load_address>0x2000d5ec</load_address>
         <run_address>0x2000d5ec</run_address>
         <size>0xf8</size>
         <input_file_ref idref="fl-3a"/>
      </object_component>
      <object_component id="oc-159">
         <name>.text.UART2_close</name>
         <load_address>0x2000d6e4</load_address>
         <run_address>0x2000d6e4</run_address>
         <size>0xe8</size>
         <input_file_ref idref="fl-18"/>
      </object_component>
      <object_component id="oc-1de">
         <name>.text.UART2Support_dmaStartRx</name>
         <load_address>0x2000d7cc</load_address>
         <run_address>0x2000d7cc</run_address>
         <size>0xcc</size>
         <input_file_ref idref="fl-18"/>
      </object_component>
      <object_component id="oc-21c">
         <name>.text.IntDisable</name>
         <load_address>0x2000d898</load_address>
         <run_address>0x2000d898</run_address>
         <size>0xc8</size>
         <input_file_ref idref="fl-26"/>
      </object_component>
      <object_component id="oc-1c6">
         <name>.text.IntEnable</name>
         <load_address>0x2000d960</load_address>
         <run_address>0x2000d960</run_address>
         <size>0xc8</size>
         <input_file_ref idref="fl-26"/>
      </object_component>
      <object_component id="oc-155">
         <name>.text.UART2CC32XX_initHw</name>
         <load_address>0x2000da28</load_address>
         <run_address>0x2000da28</run_address>
         <size>0xc4</size>
         <input_file_ref idref="fl-18"/>
      </object_component>
      <object_component id="oc-1e1">
         <name>.text.UART2Support_dmaStartTx</name>
         <load_address>0x2000daec</load_address>
         <run_address>0x2000daec</run_address>
         <size>0xb8</size>
         <input_file_ref idref="fl-18"/>
      </object_component>
      <object_component id="oc-239">
         <name>.text</name>
         <load_address>0x2000dba4</load_address>
         <run_address>0x2000dba4</run_address>
         <size>0xb0</size>
         <input_file_ref idref="fl-81"/>
      </object_component>
      <object_component id="oc-19e">
         <name>.text.GPIOIntTypeSet</name>
         <load_address>0x2000dc54</load_address>
         <run_address>0x2000dc54</run_address>
         <size>0xac</size>
         <input_file_ref idref="fl-24"/>
      </object_component>
      <object_component id="oc-26e">
         <name>.text.IntPendSet</name>
         <load_address>0x2000dd00</load_address>
         <run_address>0x2000dd00</run_address>
         <size>0xa4</size>
         <input_file_ref idref="fl-26"/>
      </object_component>
      <object_component id="oc-131">
         <name>.text.PinConfigSet</name>
         <load_address>0x2000dda4</load_address>
         <run_address>0x2000dda4</run_address>
         <size>0xa2</size>
         <input_file_ref idref="fl-27"/>
      </object_component>
      <object_component id="oc-d6">
         <name>.text.Board_initHook</name>
         <load_address>0x2000de46</load_address>
         <run_address>0x2000de46</run_address>
         <size>0x2</size>
         <input_file_ref idref="fl-3"/>
      </object_component>
      <object_component id="oc-123">
         <name>.text.SemaphoreP_pend</name>
         <load_address>0x2000de48</load_address>
         <run_address>0x2000de48</run_address>
         <size>0x98</size>
         <input_file_ref idref="fl-1d"/>
      </object_component>
      <object_component id="oc-245">
         <name>.text</name>
         <load_address>0x2000dee0</load_address>
         <run_address>0x2000dee0</run_address>
         <size>0x96</size>
         <input_file_ref idref="fl-16"/>
      </object_component>
      <object_component id="oc-179">
         <name>.text.PowerCC32XX_initPolicy</name>
         <load_address>0x2000df76</load_address>
         <run_address>0x2000df76</run_address>
         <size>0x2</size>
         <input_file_ref idref="fl-20"/>
      </object_component>
      <object_component id="oc-a6">
         <name>.text.mainThread</name>
         <load_address>0x2000df78</load_address>
         <run_address>0x2000df78</run_address>
         <size>0x94</size>
         <input_file_ref idref="fl-2"/>
      </object_component>
      <object_component id="oc-1bf">
         <name>.text.uDMAChannelAttributeDisable</name>
         <load_address>0x2000e00c</load_address>
         <run_address>0x2000e00c</run_address>
         <size>0x92</size>
         <input_file_ref idref="fl-2c"/>
      </object_component>
      <object_component id="oc-1d0">
         <name>.text.SemaphoreP_destruct</name>
         <load_address>0x2000e09e</load_address>
         <run_address>0x2000e09e</run_address>
         <size>0x2</size>
         <input_file_ref idref="fl-1d"/>
      </object_component>
      <object_component id="oc-d0">
         <name>.text.GPIO_init</name>
         <load_address>0x2000e0a0</load_address>
         <run_address>0x2000e0a0</run_address>
         <size>0x90</size>
         <input_file_ref idref="fl-14"/>
      </object_component>
      <object_component id="oc-102">
         <name>.text.PRCMSysResetCauseGet</name>
         <load_address>0x2000e130</load_address>
         <run_address>0x2000e130</run_address>
         <size>0x8e</size>
         <input_file_ref idref="fl-28"/>
      </object_component>
      <object_component id="oc-15c">
         <name>.text.UART2CC32XX_eventCallback</name>
         <load_address>0x2000e1be</load_address>
         <run_address>0x2000e1be</run_address>
         <size>0x2</size>
         <input_file_ref idref="fl-18"/>
      </object_component>
      <object_component id="oc-114">
         <name>.text.PowerCC32XX_configureWakeup</name>
         <load_address>0x2000e1c0</load_address>
         <run_address>0x2000e1c0</run_address>
         <size>0x88</size>
         <input_file_ref idref="fl-15"/>
      </object_component>
      <object_component id="oc-cb">
         <name>.text.Power_init</name>
         <load_address>0x2000e248</load_address>
         <run_address>0x2000e248</run_address>
         <size>0x78</size>
         <input_file_ref idref="fl-15"/>
      </object_component>
      <object_component id="oc-157">
         <name>.text.HwiP_construct</name>
         <load_address>0x2000e2c0</load_address>
         <run_address>0x2000e2c0</run_address>
         <size>0x74</size>
         <input_file_ref idref="fl-1f"/>
      </object_component>
      <object_component id="oc-176">
         <name>.text.PRCMHibernateWakeUpGPIOSelect</name>
         <load_address>0x2000e334</load_address>
         <run_address>0x2000e334</run_address>
         <size>0x74</size>
         <input_file_ref idref="fl-28"/>
      </object_component>
      <object_component id="oc-1b4">
         <name>.text.UARTConfigSetExpClk</name>
         <load_address>0x2000e3a8</load_address>
         <run_address>0x2000e3a8</run_address>
         <size>0x74</size>
         <input_file_ref idref="fl-2b"/>
      </object_component>
      <object_component id="oc-243">
         <name>.text.PinLockLevelSet</name>
         <load_address>0x2000e41c</load_address>
         <run_address>0x2000e41c</run_address>
         <size>0x6c</size>
         <input_file_ref idref="fl-27"/>
      </object_component>
      <object_component id="oc-132">
         <name>.text.Power_setDependency</name>
         <load_address>0x2000e488</load_address>
         <run_address>0x2000e488</run_address>
         <size>0x6c</size>
         <input_file_ref idref="fl-15"/>
      </object_component>
      <object_component id="oc-153">
         <name>.text.UDMACC32XX_open</name>
         <load_address>0x2000e4f4</load_address>
         <run_address>0x2000e4f4</run_address>
         <size>0x6c</size>
         <input_file_ref idref="fl-1b"/>
      </object_component>
      <object_component id="oc-12a">
         <name>.text.powerNotifyFxn</name>
         <load_address>0x2000e560</load_address>
         <run_address>0x2000e560</run_address>
         <size>0x6c</size>
         <input_file_ref idref="fl-14"/>
      </object_component>
      <object_component id="oc-253">
         <name>.text.split</name>
         <load_address>0x2000e5cc</load_address>
         <run_address>0x2000e5cc</run_address>
         <size>0x6c</size>
         <input_file_ref idref="fl-3a"/>
      </object_component>
      <object_component id="oc-10a">
         <name>.text.PRCMPeripheralReset</name>
         <load_address>0x2000e638</load_address>
         <run_address>0x2000e638</run_address>
         <size>0x6a</size>
         <input_file_ref idref="fl-28"/>
      </object_component>
      <object_component id="oc-18">
         <name>.text:decompress:lzss</name>
         <load_address>0x2000e6a2</load_address>
         <run_address>0x2000e6a2</run_address>
         <size>0x6a</size>
         <input_file_ref idref="fl-42"/>
      </object_component>
      <object_component id="oc-1c3">
         <name>.text.IntPendClear</name>
         <load_address>0x2000e70c</load_address>
         <run_address>0x2000e70c</run_address>
         <size>0x68</size>
         <input_file_ref idref="fl-26"/>
      </object_component>
      <object_component id="oc-ee">
         <name>.text.GPIO_write</name>
         <load_address>0x2000e774</load_address>
         <run_address>0x2000e774</run_address>
         <size>0x60</size>
         <input_file_ref idref="fl-14"/>
      </object_component>
      <object_component id="oc-1e0">
         <name>.text.UART2Support_dmaStopTx</name>
         <load_address>0x2000e7d4</load_address>
         <run_address>0x2000e7d4</run_address>
         <size>0x60</size>
         <input_file_ref idref="fl-18"/>
      </object_component>
      <object_component id="oc-269">
         <name>.text.FlashDisable</name>
         <load_address>0x2000e834</load_address>
         <run_address>0x2000e834</run_address>
         <size>0x5c</size>
         <input_file_ref idref="fl-2e"/>
      </object_component>
      <object_component id="oc-178">
         <name>.text.PRCMHibernateWakeupSourceDisable</name>
         <load_address>0x2000e890</load_address>
         <run_address>0x2000e890</run_address>
         <size>0x5c</size>
         <input_file_ref idref="fl-28"/>
      </object_component>
      <object_component id="oc-109">
         <name>.text.PRCMPeripheralClkEnable</name>
         <load_address>0x2000e8ec</load_address>
         <run_address>0x2000e8ec</run_address>
         <size>0x5a</size>
         <input_file_ref idref="fl-28"/>
      </object_component>
      <object_component id="oc-25d">
         <name>.text.__aeabi_ldiv0</name>
         <load_address>0x2000e946</load_address>
         <run_address>0x2000e946</run_address>
         <size>0x2</size>
         <input_file_ref idref="fl-82"/>
      </object_component>
      <object_component id="oc-219">
         <name>.text.ClockP_startup</name>
         <load_address>0x2000e948</load_address>
         <run_address>0x2000e948</run_address>
         <size>0x58</size>
         <input_file_ref idref="fl-1e"/>
      </object_component>
      <object_component id="oc-1c5">
         <name>.text.IntPrioritySet</name>
         <load_address>0x2000e9a0</load_address>
         <run_address>0x2000e9a0</run_address>
         <size>0x58</size>
         <input_file_ref idref="fl-26"/>
      </object_component>
      <object_component id="oc-24f">
         <name>.text.PRCMLPDSEnter</name>
         <load_address>0x2000e9f8</load_address>
         <run_address>0x2000e9f8</run_address>
         <size>0x56</size>
         <input_file_ref idref="fl-28"/>
      </object_component>
      <object_component id="oc-164">
         <name>.text._nop</name>
         <load_address>0x2000ea4e</load_address>
         <run_address>0x2000ea4e</run_address>
         <size>0x2</size>
         <input_file_ref idref="fl-44"/>
      </object_component>
      <object_component id="oc-198">
         <name>.text.PowerCC32XX_setParkState</name>
         <load_address>0x2000ea50</load_address>
         <run_address>0x2000ea50</run_address>
         <size>0x54</size>
         <input_file_ref idref="fl-15"/>
      </object_component>
      <object_component id="oc-1d3">
         <name>.text.Power_releaseDependency</name>
         <load_address>0x2000eaa4</load_address>
         <run_address>0x2000eaa4</run_address>
         <size>0x54</size>
         <input_file_ref idref="fl-15"/>
      </object_component>
      <object_component id="oc-140">
         <name>.text.GPIO_hwiIntFxn</name>
         <load_address>0x2000eaf8</load_address>
         <run_address>0x2000eaf8</run_address>
         <size>0x50</size>
         <input_file_ref idref="fl-14"/>
      </object_component>
      <object_component id="oc-177">
         <name>.text.PRCMHibernateWakeupSourceEnable</name>
         <load_address>0x2000eb48</load_address>
         <run_address>0x2000eb48</run_address>
         <size>0x50</size>
         <input_file_ref idref="fl-28"/>
      </object_component>
      <object_component id="oc-1ca">
         <name>.text.SemaphoreP_construct</name>
         <load_address>0x2000eb98</load_address>
         <run_address>0x2000eb98</run_address>
         <size>0x50</size>
         <input_file_ref idref="fl-1d"/>
      </object_component>
      <object_component id="oc-1be">
         <name>.text.uDMAChannelAssign</name>
         <load_address>0x2000ebe8</load_address>
         <run_address>0x2000ebe8</run_address>
         <size>0x4e</size>
         <input_file_ref idref="fl-2c"/>
      </object_component>
      <object_component id="oc-4e">
         <name>.text.busFaultHandler</name>
         <load_address>0x2000ec36</load_address>
         <run_address>0x2000ec36</run_address>
         <size>0x2</size>
         <input_file_ref idref="fl-21"/>
      </object_component>
      <object_component id="oc-13b">
         <name>.text.GPIO_setInterruptConfig</name>
         <load_address>0x2000ec38</load_address>
         <run_address>0x2000ec38</run_address>
         <size>0x4c</size>
         <input_file_ref idref="fl-14"/>
      </object_component>
      <object_component id="oc-267">
         <name>.text.PRCMLPDSRestoreInfoSet</name>
         <load_address>0x2000ec84</load_address>
         <run_address>0x2000ec84</run_address>
         <size>0x4c</size>
         <input_file_ref idref="fl-28"/>
      </object_component>
      <object_component id="oc-1dc">
         <name>.text.UART2Support_dmaStopRx</name>
         <load_address>0x2000ecd0</load_address>
         <run_address>0x2000ecd0</run_address>
         <size>0x4a</size>
         <input_file_ref idref="fl-18"/>
      </object_component>
      <object_component id="oc-223">
         <name>.text.uDMAChannelSizeGet</name>
         <load_address>0x2000ed1a</load_address>
         <run_address>0x2000ed1a</run_address>
         <size>0x4a</size>
         <input_file_ref idref="fl-2c"/>
      </object_component>
      <object_component id="oc-4f">
         <name>.text.ClockP_sysTickHandler</name>
         <load_address>0x2000ed64</load_address>
         <run_address>0x2000ed64</run_address>
         <size>0x48</size>
         <input_file_ref idref="fl-1e"/>
      </object_component>
      <object_component id="oc-249">
         <name>.text.PRCMIntEnable</name>
         <load_address>0x2000edac</load_address>
         <run_address>0x2000edac</run_address>
         <size>0x48</size>
         <input_file_ref idref="fl-28"/>
      </object_component>
      <object_component id="oc-19a">
         <name>.text.PRCMPeripheralStatusGet</name>
         <load_address>0x2000edf4</load_address>
         <run_address>0x2000edf4</run_address>
         <size>0x48</size>
         <input_file_ref idref="fl-28"/>
      </object_component>
      <object_component id="oc-264">
         <name>.text.PinConfigGet</name>
         <load_address>0x2000ee3c</load_address>
         <run_address>0x2000ee3c</run_address>
         <size>0x48</size>
         <input_file_ref idref="fl-27"/>
      </object_component>
      <object_component id="oc-163">
         <name>.text.UART2_readFull</name>
         <load_address>0x2000ee84</load_address>
         <run_address>0x2000ee84</run_address>
         <size>0x48</size>
         <input_file_ref idref="fl-17"/>
      </object_component>
      <object_component id="oc-24e">
         <name>.text.PRCMLPDSEnterKeepDebugIf</name>
         <load_address>0x2000eecc</load_address>
         <run_address>0x2000eecc</run_address>
         <size>0x46</size>
         <input_file_ref idref="fl-28"/>
      </object_component>
      <object_component id="oc-221">
         <name>.text.RingBuf_put</name>
         <load_address>0x2000ef12</load_address>
         <run_address>0x2000ef12</run_address>
         <size>0x46</size>
         <input_file_ref idref="fl-1a"/>
      </object_component>
      <object_component id="oc-135">
         <name>.text.GPIODirModeSet</name>
         <load_address>0x2000ef58</load_address>
         <run_address>0x2000ef58</run_address>
         <size>0x44</size>
         <input_file_ref idref="fl-24"/>
      </object_component>
      <object_component id="oc-19f">
         <name>.text.GPIO_disableInt</name>
         <load_address>0x2000ef9c</load_address>
         <run_address>0x2000ef9c</run_address>
         <size>0x44</size>
         <input_file_ref idref="fl-14"/>
      </object_component>
      <object_component id="oc-13c">
         <name>.text.GPIO_enableInt</name>
         <load_address>0x2000efe0</load_address>
         <run_address>0x2000efe0</run_address>
         <size>0x44</size>
         <input_file_ref idref="fl-14"/>
      </object_component>
      <object_component id="oc-1df">
         <name>.text.Power_releaseConstraint</name>
         <load_address>0x2000f024</load_address>
         <run_address>0x2000f024</run_address>
         <size>0x44</size>
         <input_file_ref idref="fl-15"/>
      </object_component>
      <object_component id="oc-73">
         <name>.text.addToList</name>
         <load_address>0x2000f068</load_address>
         <run_address>0x2000f068</run_address>
         <size>0x44</size>
         <input_file_ref idref="fl-1e"/>
      </object_component>
      <object_component id="oc-111">
         <name>.text.PinModeSet</name>
         <load_address>0x2000f0ac</load_address>
         <run_address>0x2000f0ac</run_address>
         <size>0x42</size>
         <input_file_ref idref="fl-27"/>
      </object_component>
      <object_component id="oc-1f4">
         <name>.text.getCountsRTC</name>
         <load_address>0x2000f0ee</load_address>
         <run_address>0x2000f0ee</run_address>
         <size>0x42</size>
         <input_file_ref idref="fl-20"/>
      </object_component>
      <object_component id="oc-125">
         <name>.text.SemaphoreP_post</name>
         <load_address>0x2000f130</load_address>
         <run_address>0x2000f130</run_address>
         <size>0x40</size>
         <input_file_ref idref="fl-1d"/>
      </object_component>
      <object_component id="oc-228">
         <name>.text.uDMAChannelControlSet</name>
         <load_address>0x2000f170</load_address>
         <run_address>0x2000f170</run_address>
         <size>0x40</size>
         <input_file_ref idref="fl-2c"/>
      </object_component>
      <object_component id="oc-266">
         <name>.text.PinDirModeSet</name>
         <load_address>0x2000f1b0</load_address>
         <run_address>0x2000f1b0</run_address>
         <size>0x3e</size>
         <input_file_ref idref="fl-27"/>
      </object_component>
      <object_component id="oc-18c">
         <name>.text.clkFxn</name>
         <load_address>0x2000f1ee</load_address>
         <run_address>0x2000f1ee</run_address>
         <size>0x2</size>
         <input_file_ref idref="fl-1d"/>
      </object_component>
      <object_component id="oc-20b">
         <name>.text.ClockP_stop</name>
         <load_address>0x2000f1f0</load_address>
         <run_address>0x2000f1f0</run_address>
         <size>0x3c</size>
         <input_file_ref idref="fl-1e"/>
      </object_component>
      <object_component id="oc-14e">
         <name>.text.UDMACC32XX_init</name>
         <load_address>0x2000f22c</load_address>
         <run_address>0x2000f22c</run_address>
         <size>0x3c</size>
         <input_file_ref idref="fl-1b"/>
      </object_component>
      <object_component id="oc-18b">
         <name>.text.ClockP_destruct</name>
         <load_address>0x2000f268</load_address>
         <run_address>0x2000f268</run_address>
         <size>0x38</size>
         <input_file_ref idref="fl-1e"/>
      </object_component>
      <object_component id="oc-22c">
         <name>.text.Power_setConstraint</name>
         <load_address>0x2000f2a0</load_address>
         <run_address>0x2000f2a0</run_address>
         <size>0x38</size>
         <input_file_ref idref="fl-15"/>
      </object_component>
      <object_component id="oc-225">
         <name>.text.RingBuf_putAdvance</name>
         <load_address>0x2000f2d8</load_address>
         <run_address>0x2000f2d8</run_address>
         <size>0x38</size>
         <input_file_ref idref="fl-1a"/>
      </object_component>
      <object_component id="oc-205">
         <name>.text.SwiP_restore</name>
         <load_address>0x2000f310</load_address>
         <run_address>0x2000f310</run_address>
         <size>0x38</size>
         <input_file_ref idref="fl-22"/>
      </object_component>
      <object_component id="oc-1e5">
         <name>.text.UART2_rxEnable</name>
         <load_address>0x2000f348</load_address>
         <run_address>0x2000f348</run_address>
         <size>0x38</size>
         <input_file_ref idref="fl-17"/>
      </object_component>
      <object_component id="oc-1d1">
         <name>.text.UDMACC32XX_close</name>
         <load_address>0x2000f380</load_address>
         <run_address>0x2000f380</run_address>
         <size>0x38</size>
         <input_file_ref idref="fl-1b"/>
      </object_component>
      <object_component id="oc-b3">
         <name>.text:__TI_auto_init_nobinit_nopinit</name>
         <load_address>0x2000f3b8</load_address>
         <run_address>0x2000f3b8</run_address>
         <size>0x38</size>
         <input_file_ref idref="fl-3d"/>
      </object_component>
      <object_component id="oc-244">
         <name>.text.PinLock</name>
         <load_address>0x2000f3f0</load_address>
         <run_address>0x2000f3f0</run_address>
         <size>0x36</size>
         <input_file_ref idref="fl-27"/>
      </object_component>
      <object_component id="oc-25b">
         <name>.text.UARTCharPutNonBlocking</name>
         <load_address>0x2000f426</load_address>
         <run_address>0x2000f426</run_address>
         <size>0x36</size>
         <input_file_ref idref="fl-2b"/>
      </object_component>
      <object_component id="oc-188">
         <name>.text.ClockP_start</name>
         <load_address>0x2000f45c</load_address>
         <run_address>0x2000f45c</run_address>
         <size>0x34</size>
         <input_file_ref idref="fl-1e"/>
      </object_component>
      <object_component id="oc-265">
         <name>.text.PinDirModeGet</name>
         <load_address>0x2000f490</load_address>
         <run_address>0x2000f490</run_address>
         <size>0x34</size>
         <input_file_ref idref="fl-27"/>
      </object_component>
      <object_component id="oc-10c">
         <name>.text.PinModeGet</name>
         <load_address>0x2000f4c4</load_address>
         <run_address>0x2000f4c4</run_address>
         <size>0x34</size>
         <input_file_ref idref="fl-27"/>
      </object_component>
      <object_component id="oc-242">
         <name>.text.PowerCC32XX_parkPin</name>
         <load_address>0x2000f4f8</load_address>
         <run_address>0x2000f4f8</run_address>
         <size>0x34</size>
         <input_file_ref idref="fl-15"/>
      </object_component>
      <object_component id="oc-1cd">
         <name>.text.UART2_rxDisable</name>
         <load_address>0x2000f52c</load_address>
         <run_address>0x2000f52c</run_address>
         <size>0x34</size>
         <input_file_ref idref="fl-17"/>
      </object_component>
      <object_component id="oc-46">
         <name>.text.initVectors</name>
         <load_address>0x2000f560</load_address>
         <run_address>0x2000f560</run_address>
         <size>0x34</size>
         <input_file_ref idref="fl-21"/>
      </object_component>
      <object_component id="oc-232">
         <name>.text.UART2Support_enableInts</name>
         <load_address>0x2000f594</load_address>
         <run_address>0x2000f594</run_address>
         <size>0x32</size>
         <input_file_ref idref="fl-18"/>
      </object_component>
      <object_component id="oc-4d">
         <name>.text.defaultHandler</name>
         <load_address>0x2000f5c6</load_address>
         <run_address>0x2000f5c6</run_address>
         <size>0x2</size>
         <input_file_ref idref="fl-21"/>
      </object_component>
      <object_component id="oc-1f1">
         <name>.text.ClockP_getTicksUntilInterrupt</name>
         <load_address>0x2000f5c8</load_address>
         <run_address>0x2000f5c8</run_address>
         <size>0x30</size>
         <input_file_ref idref="fl-1e"/>
      </object_component>
      <object_component id="oc-1fe">
         <name>.text.PRCMLPDSIntervalSet</name>
         <load_address>0x2000f5f8</load_address>
         <run_address>0x2000f5f8</run_address>
         <size>0x30</size>
         <input_file_ref idref="fl-28"/>
      </object_component>
      <object_component id="oc-238">
         <name>.text.PRCMSlowClkCtrFastGet</name>
         <load_address>0x2000f628</load_address>
         <run_address>0x2000f628</run_address>
         <size>0x30</size>
         <input_file_ref idref="fl-28"/>
      </object_component>
      <object_component id="oc-240">
         <name>.text.notify</name>
         <load_address>0x2000f658</load_address>
         <run_address>0x2000f658</run_address>
         <size>0x30</size>
         <input_file_ref idref="fl-15"/>
      </object_component>
      <object_component id="oc-1a2">
         <name>.text.GPIOIntStatus</name>
         <load_address>0x2000f688</load_address>
         <run_address>0x2000f688</run_address>
         <size>0x2e</size>
         <input_file_ref idref="fl-24"/>
      </object_component>
      <object_component id="oc-1e7">
         <name>.text.RingBuf_getConsume</name>
         <load_address>0x2000f6b6</load_address>
         <run_address>0x2000f6b6</run_address>
         <size>0x2e</size>
         <input_file_ref idref="fl-1a"/>
      </object_component>
      <object_component id="oc-227">
         <name>.text.RingBuf_putPointer</name>
         <load_address>0x2000f6e4</load_address>
         <run_address>0x2000f6e4</run_address>
         <size>0x2e</size>
         <input_file_ref idref="fl-1a"/>
      </object_component>
      <object_component id="oc-1ce">
         <name>.text.UARTDisable</name>
         <load_address>0x2000f712</load_address>
         <run_address>0x2000f712</run_address>
         <size>0x2e</size>
         <input_file_ref idref="fl-2b"/>
      </object_component>
      <object_component id="oc-1d9">
         <name>.text.UART2CC32XX_getRxData</name>
         <load_address>0x2000f740</load_address>
         <run_address>0x2000f740</run_address>
         <size>0x2c</size>
         <input_file_ref idref="fl-18"/>
      </object_component>
      <object_component id="oc-134">
         <name>.text.HwiP_create</name>
         <load_address>0x2000f76c</load_address>
         <run_address>0x2000f76c</run_address>
         <size>0x2a</size>
         <input_file_ref idref="fl-1f"/>
      </object_component>
      <object_component id="oc-175">
         <name>.text.PRCMLPDSWakeUpGPIOSelect</name>
         <load_address>0x2000f796</load_address>
         <run_address>0x2000f796</run_address>
         <size>0x2a</size>
         <input_file_ref idref="fl-28"/>
      </object_component>
      <object_component id="oc-10b">
         <name>.text.PRCMPeripheralClkDisable</name>
         <load_address>0x2000f7c0</load_address>
         <run_address>0x2000f7c0</run_address>
         <size>0x2a</size>
         <input_file_ref idref="fl-28"/>
      </object_component>
      <object_component id="oc-1d8">
         <name>.text.UARTIntStatus</name>
         <load_address>0x2000f7ea</load_address>
         <run_address>0x2000f7ea</run_address>
         <size>0x2a</size>
         <input_file_ref idref="fl-2b"/>
      </object_component>
      <object_component id="oc-21e">
         <name>.text.List_remove</name>
         <load_address>0x2000f814</load_address>
         <run_address>0x2000f814</run_address>
         <size>0x28</size>
         <input_file_ref idref="fl-19"/>
      </object_component>
      <object_component id="oc-241">
         <name>.text.PRCMSRAMRetentionEnable</name>
         <load_address>0x2000f83c</load_address>
         <run_address>0x2000f83c</run_address>
         <size>0x28</size>
         <input_file_ref idref="fl-28"/>
      </object_component>
      <object_component id="oc-14c">
         <name>.text.PowerCC32XX_getParkState</name>
         <load_address>0x2000f864</load_address>
         <run_address>0x2000f864</run_address>
         <size>0x28</size>
         <input_file_ref idref="fl-15"/>
      </object_component>
      <object_component id="oc-20a">
         <name>.text.free_list_insert</name>
         <load_address>0x2000f88c</load_address>
         <run_address>0x2000f88c</run_address>
         <size>0x28</size>
         <input_file_ref idref="fl-3a"/>
      </object_component>
      <object_component id="oc-21d">
         <name>.text.IntUnregister</name>
         <load_address>0x2000f8b4</load_address>
         <run_address>0x2000f8b4</run_address>
         <size>0x24</size>
         <input_file_ref idref="fl-26"/>
      </object_component>
      <object_component id="oc-18d">
         <name>.text.List_put</name>
         <load_address>0x2000f8d8</load_address>
         <run_address>0x2000f8d8</run_address>
         <size>0x24</size>
         <input_file_ref idref="fl-19"/>
      </object_component>
      <object_component id="oc-173">
         <name>.text.PRCMLPDSWakeupSourceEnable</name>
         <load_address>0x2000f8fc</load_address>
         <run_address>0x2000f8fc</run_address>
         <size>0x24</size>
         <input_file_ref idref="fl-28"/>
      </object_component>
      <object_component id="oc-1d4">
         <name>.text.PowerCC32XX_restoreParkState</name>
         <load_address>0x2000f920</load_address>
         <run_address>0x2000f920</run_address>
         <size>0x24</size>
         <input_file_ref idref="fl-15"/>
      </object_component>
      <object_component id="oc-24b">
         <name>.text.PowerCC32XX_restoreParkedPin</name>
         <load_address>0x2000f944</load_address>
         <run_address>0x2000f944</run_address>
         <size>0x24</size>
         <input_file_ref idref="fl-15"/>
      </object_component>
      <object_component id="oc-124">
         <name>.text.Power_registerNotify</name>
         <load_address>0x2000f968</load_address>
         <run_address>0x2000f968</run_address>
         <size>0x24</size>
         <input_file_ref idref="fl-15"/>
      </object_component>
      <object_component id="oc-21a">
         <name>.text.UART2Support_disableRx</name>
         <load_address>0x2000f98c</load_address>
         <run_address>0x2000f98c</run_address>
         <size>0x24</size>
         <input_file_ref idref="fl-18"/>
      </object_component>
      <object_component id="oc-6c">
         <name>.text:_c_int00_noargs</name>
         <load_address>0x2000f9b0</load_address>
         <run_address>0x2000f9b0</run_address>
         <size>0x24</size>
         <input_file_ref idref="fl-3b"/>
      </object_component>
      <object_component id="oc-13a">
         <name>.text.GPIOPinWrite</name>
         <load_address>0x2000f9d4</load_address>
         <run_address>0x2000f9d4</run_address>
         <size>0x22</size>
         <input_file_ref idref="fl-24"/>
      </object_component>
      <object_component id="oc-24a">
         <name>.text.PinUnlock</name>
         <load_address>0x2000f9f6</load_address>
         <run_address>0x2000f9f6</run_address>
         <size>0x22</size>
         <input_file_ref idref="fl-27"/>
      </object_component>
      <object_component id="oc-1e6">
         <name>.text.RingBuf_getPointer</name>
         <load_address>0x2000fa18</load_address>
         <run_address>0x2000fa18</run_address>
         <size>0x22</size>
         <input_file_ref idref="fl-1a"/>
      </object_component>
      <object_component id="oc-22f">
         <name>.text.UART2Support_sendData</name>
         <load_address>0x2000fa3a</load_address>
         <run_address>0x2000fa3a</run_address>
         <size>0x22</size>
         <input_file_ref idref="fl-18"/>
      </object_component>
      <object_component id="oc-f1">
         <name>.text.UART2_read</name>
         <load_address>0x2000fa5c</load_address>
         <run_address>0x2000fa5c</run_address>
         <size>0x22</size>
         <input_file_ref idref="fl-17"/>
      </object_component>
      <object_component id="oc-1c4">
         <name>.text.IntRegister</name>
         <load_address>0x2000fa7e</load_address>
         <run_address>0x2000fa7e</run_address>
         <size>0x20</size>
         <input_file_ref idref="fl-26"/>
      </object_component>
      <object_component id="oc-4c">
         <name>.text.faultISR</name>
         <load_address>0x2000fa9e</load_address>
         <run_address>0x2000fa9e</run_address>
         <size>0x2</size>
         <input_file_ref idref="fl-21"/>
      </object_component>
      <object_component id="oc-144">
         <name>.text.PowerCC32XX_reset</name>
         <load_address>0x2000faa0</load_address>
         <run_address>0x2000faa0</run_address>
         <size>0x20</size>
         <input_file_ref idref="fl-15"/>
      </object_component>
      <object_component id="oc-1d2">
         <name>.text.Power_unregisterNotify</name>
         <load_address>0x2000fac0</load_address>
         <run_address>0x2000fac0</run_address>
         <size>0x20</size>
         <input_file_ref idref="fl-15"/>
      </object_component>
      <object_component id="oc-158">
         <name>.text.SemaphoreP_constructBinary</name>
         <load_address>0x2000fae0</load_address>
         <run_address>0x2000fae0</run_address>
         <size>0x20</size>
         <input_file_ref idref="fl-1d"/>
      </object_component>
      <object_component id="oc-11a">
         <name>.text.SemaphoreP_createBinary</name>
         <load_address>0x2000fb00</load_address>
         <run_address>0x2000fb00</run_address>
         <size>0x20</size>
         <input_file_ref idref="fl-1d"/>
      </object_component>
      <object_component id="oc-1a6">
         <name>.text.PinTypeUART</name>
         <load_address>0x2000fb20</load_address>
         <run_address>0x2000fb20</run_address>
         <size>0x1e</size>
         <input_file_ref idref="fl-27"/>
      </object_component>
      <object_component id="oc-161">
         <name>.text.UART2_writeTimeout</name>
         <load_address>0x2000fb3e</load_address>
         <run_address>0x2000fb3e</run_address>
         <size>0x1e</size>
         <input_file_ref idref="fl-17"/>
      </object_component>
      <object_component id="oc-1ba">
         <name>.text.UARTEnable</name>
         <load_address>0x2000fb5c</load_address>
         <run_address>0x2000fb5c</run_address>
         <size>0x1e</size>
         <input_file_ref idref="fl-2b"/>
      </object_component>
      <object_component id="oc-222">
         <name>.text.uDMAChannelDisable</name>
         <load_address>0x2000fb7a</load_address>
         <run_address>0x2000fb7a</run_address>
         <size>0x1e</size>
         <input_file_ref idref="fl-2c"/>
      </object_component>
      <object_component id="oc-22a">
         <name>.text.uDMAChannelEnable</name>
         <load_address>0x2000fb98</load_address>
         <run_address>0x2000fb98</run_address>
         <size>0x1e</size>
         <input_file_ref idref="fl-2c"/>
      </object_component>
      <object_component id="oc-1db">
         <name>.text.uDMAChannelIsEnabled</name>
         <load_address>0x2000fbb6</load_address>
         <run_address>0x2000fbb6</run_address>
         <size>0x1e</size>
         <input_file_ref idref="fl-2c"/>
      </object_component>
      <object_component id="oc-1c9">
         <name>.text.HwiP_dispatch</name>
         <load_address>0x2000fbd4</load_address>
         <run_address>0x2000fbd4</run_address>
         <size>0x1c</size>
         <input_file_ref idref="fl-1f"/>
      </object_component>
      <object_component id="oc-1ea">
         <name>.text.SwiP_disable</name>
         <load_address>0x2000fbf0</load_address>
         <run_address>0x2000fbf0</run_address>
         <size>0x1c</size>
         <input_file_ref idref="fl-22"/>
      </object_component>
      <object_component id="oc-209">
         <name>.text.free_list_remove</name>
         <load_address>0x2000fc0c</load_address>
         <run_address>0x2000fc0c</run_address>
         <size>0x1c</size>
         <input_file_ref idref="fl-3a"/>
      </object_component>
      <object_component id="oc-21">
         <name>.text.resetISR</name>
         <load_address>0x2000fc28</load_address>
         <run_address>0x2000fc28</run_address>
         <size>0x1c</size>
         <input_file_ref idref="fl-21"/>
      </object_component>
      <object_component id="oc-20f">
         <name>.text.GPIOIntDisable</name>
         <load_address>0x2000fc44</load_address>
         <run_address>0x2000fc44</run_address>
         <size>0x1a</size>
         <input_file_ref idref="fl-24"/>
      </object_component>
      <object_component id="oc-108">
         <name>.text.PRCMHIBRegRead</name>
         <load_address>0x2000fc5e</load_address>
         <run_address>0x2000fc5e</run_address>
         <size>0x1a</size>
         <input_file_ref idref="fl-28"/>
      </object_component>
      <object_component id="oc-107">
         <name>.text.PRCMHIBRegWrite</name>
         <load_address>0x2000fc78</load_address>
         <run_address>0x2000fc78</run_address>
         <size>0x1a</size>
         <input_file_ref idref="fl-28"/>
      </object_component>
      <object_component id="oc-174">
         <name>.text.PRCMLPDSWakeupSourceDisable</name>
         <load_address>0x2000fc92</load_address>
         <run_address>0x2000fc92</run_address>
         <size>0x1a</size>
         <input_file_ref idref="fl-28"/>
      </object_component>
      <object_component id="oc-1d5">
         <name>.text.PinToPadGet</name>
         <load_address>0x2000fcac</load_address>
         <run_address>0x2000fcac</run_address>
         <size>0x1a</size>
         <input_file_ref idref="fl-27"/>
      </object_component>
      <object_component id="oc-1bd">
         <name>.text.UARTFlowControlSet</name>
         <load_address>0x2000fcc6</load_address>
         <run_address>0x2000fcc6</run_address>
         <size>0x1a</size>
         <input_file_ref idref="fl-2b"/>
      </object_component>
      <object_component id="oc-1a1">
         <name>.text.GPIOIntEnable</name>
         <load_address>0x2000fce0</load_address>
         <run_address>0x2000fce0</run_address>
         <size>0x18</size>
         <input_file_ref idref="fl-24"/>
      </object_component>
      <object_component id="oc-181">
         <name>.text.SemaphoreP_create</name>
         <load_address>0x2000fcf8</load_address>
         <run_address>0x2000fcf8</run_address>
         <size>0x18</size>
         <input_file_ref idref="fl-1d"/>
      </object_component>
      <object_component id="oc-9c">
         <name>.text.Board_init</name>
         <load_address>0x2000fd10</load_address>
         <run_address>0x2000fd10</run_address>
         <size>0x16</size>
         <input_file_ref idref="fl-3"/>
      </object_component>
      <object_component id="oc-201">
         <name>.text.SysTickPeriodSet</name>
         <load_address>0x2000fd26</load_address>
         <run_address>0x2000fd26</run_address>
         <size>0x16</size>
         <input_file_ref idref="fl-2a"/>
      </object_component>
      <object_component id="oc-1dd">
         <name>.text.UARTCharsAvail</name>
         <load_address>0x2000fd3c</load_address>
         <run_address>0x2000fd3c</run_address>
         <size>0x16</size>
         <input_file_ref idref="fl-2b"/>
      </object_component>
      <object_component id="oc-1cc">
         <name>.text.UARTDMADisable</name>
         <load_address>0x2000fd52</load_address>
         <run_address>0x2000fd52</run_address>
         <size>0x16</size>
         <input_file_ref idref="fl-2b"/>
      </object_component>
      <object_component id="oc-1bc">
         <name>.text.UARTFIFOLevelSet</name>
         <load_address>0x2000fd68</load_address>
         <run_address>0x2000fd68</run_address>
         <size>0x16</size>
         <input_file_ref idref="fl-2b"/>
      </object_component>
      <object_component id="oc-1cb">
         <name>.text.UARTIntDisable</name>
         <load_address>0x2000fd7e</load_address>
         <run_address>0x2000fd7e</run_address>
         <size>0x16</size>
         <input_file_ref idref="fl-2b"/>
      </object_component>
      <object_component id="oc-62">
         <name>.text.CPUcpsid</name>
         <load_address>0x2000fd94</load_address>
         <run_address>0x2000fd94</run_address>
         <size>0x14</size>
         <input_file_ref idref="fl-23"/>
      </object_component>
      <object_component id="oc-199">
         <name>.text.CPUcpsie</name>
         <load_address>0x2000fda8</load_address>
         <run_address>0x2000fda8</run_address>
         <size>0x14</size>
         <input_file_ref idref="fl-23"/>
      </object_component>
      <object_component id="oc-1cf">
         <name>.text.HwiP_destruct</name>
         <load_address>0x2000fdbc</load_address>
         <run_address>0x2000fdbc</run_address>
         <size>0x14</size>
         <input_file_ref idref="fl-1f"/>
      </object_component>
      <object_component id="oc-69">
         <name>.text.IntVTableBaseSet</name>
         <load_address>0x2000fdd0</load_address>
         <run_address>0x2000fdd0</run_address>
         <size>0x14</size>
         <input_file_ref idref="fl-26"/>
      </object_component>
      <object_component id="oc-194">
         <name>.text.Power_disablePolicy</name>
         <load_address>0x2000fde4</load_address>
         <run_address>0x2000fde4</run_address>
         <size>0x14</size>
         <input_file_ref idref="fl-15"/>
      </object_component>
      <object_component id="oc-1f2">
         <name>.text.Power_getTransitionLatency</name>
         <load_address>0x2000fdf8</load_address>
         <run_address>0x2000fdf8</run_address>
         <size>0x14</size>
         <input_file_ref idref="fl-15"/>
      </object_component>
      <object_component id="oc-208">
         <name>.text.Power_idleFunc</name>
         <load_address>0x2000fe0c</load_address>
         <run_address>0x2000fe0c</run_address>
         <size>0x14</size>
         <input_file_ref idref="fl-15"/>
      </object_component>
      <object_component id="oc-22b">
         <name>.text.UARTDMAEnable</name>
         <load_address>0x2000fe20</load_address>
         <run_address>0x2000fe20</run_address>
         <size>0x14</size>
         <input_file_ref idref="fl-2b"/>
      </object_component>
      <object_component id="oc-1bb">
         <name>.text.UARTIntEnable</name>
         <load_address>0x2000fe34</load_address>
         <run_address>0x2000fe34</run_address>
         <size>0x14</size>
         <input_file_ref idref="fl-2b"/>
      </object_component>
      <object_component id="oc-1b0">
         <name>.text.uDMAControlBaseSet</name>
         <load_address>0x2000fe48</load_address>
         <run_address>0x2000fe48</run_address>
         <size>0x14</size>
         <input_file_ref idref="fl-2c"/>
      </object_component>
      <object_component id="oc-224">
         <name>.text.uDMAIntClear</name>
         <load_address>0x2000fe5c</load_address>
         <run_address>0x2000fe5c</run_address>
         <size>0x14</size>
         <input_file_ref idref="fl-2c"/>
      </object_component>
      <object_component id="oc-5e">
         <name>.text</name>
         <load_address>0x2000fe70</load_address>
         <run_address>0x2000fe70</run_address>
         <size>0x14</size>
         <input_file_ref idref="fl-7f"/>
      </object_component>
      <object_component id="oc-1f5">
         <name>.text</name>
         <load_address>0x2000fe84</load_address>
         <run_address>0x2000fe84</run_address>
         <size>0x14</size>
         <input_file_ref idref="fl-80"/>
      </object_component>
      <object_component id="oc-187">
         <name>.text.ClockP_add</name>
         <load_address>0x2000fe98</load_address>
         <run_address>0x2000fe98</run_address>
         <size>0x12</size>
         <input_file_ref idref="fl-1e"/>
      </object_component>
      <object_component id="oc-1a0">
         <name>.text.GPIOIntClear</name>
         <load_address>0x2000feaa</load_address>
         <run_address>0x2000feaa</run_address>
         <size>0x12</size>
         <input_file_ref idref="fl-24"/>
      </object_component>
      <object_component id="oc-133">
         <name>.text.HwiP_Params_init</name>
         <load_address>0x2000febc</load_address>
         <run_address>0x2000febc</run_address>
         <size>0x12</size>
         <input_file_ref idref="fl-1f"/>
      </object_component>
      <object_component id="oc-202">
         <name>.text.SysTickEnable</name>
         <load_address>0x2000fece</load_address>
         <run_address>0x2000fece</run_address>
         <size>0x12</size>
         <input_file_ref idref="fl-2a"/>
      </object_component>
      <object_component id="oc-1f9">
         <name>.text.SysTickIntDisable</name>
         <load_address>0x2000fee0</load_address>
         <run_address>0x2000fee0</run_address>
         <size>0x12</size>
         <input_file_ref idref="fl-2a"/>
      </object_component>
      <object_component id="oc-203">
         <name>.text.SysTickIntEnable</name>
         <load_address>0x2000fef2</load_address>
         <run_address>0x2000fef2</run_address>
         <size>0x12</size>
         <input_file_ref idref="fl-2a"/>
      </object_component>
      <object_component id="oc-1b2">
         <name>.text.postNotifyFxn</name>
         <load_address>0x2000ff04</load_address>
         <run_address>0x2000ff04</run_address>
         <size>0x12</size>
         <input_file_ref idref="fl-1b"/>
      </object_component>
      <object_component id="oc-77">
         <name>.text:TI_memcpy_small</name>
         <load_address>0x2000ff16</load_address>
         <run_address>0x2000ff16</run_address>
         <size>0x12</size>
         <input_file_ref idref="fl-83"/>
      </object_component>
      <object_component id="oc-1b3">
         <name>.text.ClockP_getCpuFreq</name>
         <load_address>0x2000ff28</load_address>
         <run_address>0x2000ff28</run_address>
         <size>0x10</size>
         <input_file_ref idref="fl-1e"/>
      </object_component>
      <object_component id="oc-1f3">
         <name>.text.ClockP_getSystemTicks</name>
         <load_address>0x2000ff38</load_address>
         <run_address>0x2000ff38</run_address>
         <size>0x10</size>
         <input_file_ref idref="fl-1e"/>
      </object_component>
      <object_component id="oc-200">
         <name>.text.ClockP_setTicks</name>
         <load_address>0x2000ff48</load_address>
         <run_address>0x2000ff48</run_address>
         <size>0x10</size>
         <input_file_ref idref="fl-1e"/>
      </object_component>
      <object_component id="oc-193">
         <name>.text.HwiP_inISR</name>
         <load_address>0x2000ff58</load_address>
         <run_address>0x2000ff58</run_address>
         <size>0x10</size>
         <input_file_ref idref="fl-1f"/>
      </object_component>
      <object_component id="oc-18a">
         <name>.text.Power_enablePolicy</name>
         <load_address>0x2000ff68</load_address>
         <run_address>0x2000ff68</run_address>
         <size>0x10</size>
         <input_file_ref idref="fl-15"/>
      </object_component>
      <object_component id="oc-145">
         <name>.text.RingBuf_construct</name>
         <load_address>0x2000ff78</load_address>
         <run_address>0x2000ff78</run_address>
         <size>0x10</size>
         <input_file_ref idref="fl-1a"/>
      </object_component>
      <object_component id="oc-230">
         <name>.text.UART2Support_txDone</name>
         <load_address>0x2000ff88</load_address>
         <run_address>0x2000ff88</run_address>
         <size>0x10</size>
         <input_file_ref idref="fl-18"/>
      </object_component>
      <object_component id="oc-25c">
         <name>.text.UARTBusy</name>
         <load_address>0x2000ff98</load_address>
         <run_address>0x2000ff98</run_address>
         <size>0x10</size>
         <input_file_ref idref="fl-2b"/>
      </object_component>
      <object_component id="oc-1b9">
         <name>.text.UARTIntClear</name>
         <load_address>0x2000ffa8</load_address>
         <run_address>0x2000ffa8</run_address>
         <size>0x10</size>
         <input_file_ref idref="fl-2b"/>
      </object_component>
      <object_component id="oc-1da">
         <name>.text.UARTRxErrorGet</name>
         <load_address>0x2000ffb8</load_address>
         <run_address>0x2000ffb8</run_address>
         <size>0x10</size>
         <input_file_ref idref="fl-2b"/>
      </object_component>
      <object_component id="oc-85">
         <name>.text.main</name>
         <load_address>0x2000ffc8</load_address>
         <run_address>0x2000ffc8</run_address>
         <size>0x10</size>
         <input_file_ref idref="fl-1"/>
      </object_component>
      <object_component id="oc-40">
         <name>.text:decompress:ZI</name>
         <load_address>0x2000ffd8</load_address>
         <run_address>0x2000ffd8</run_address>
         <size>0x10</size>
         <input_file_ref idref="fl-40"/>
      </object_component>
      <object_component id="oc-22e">
         <name>.text.HwiP_interruptsEnabled</name>
         <load_address>0x2000ffe8</load_address>
         <run_address>0x2000ffe8</run_address>
         <size>0xe</size>
         <input_file_ref idref="fl-1f"/>
      </object_component>
      <object_component id="oc-ef">
         <name>.text.UART2_write</name>
         <load_address>0x2000fff6</load_address>
         <run_address>0x2000fff6</run_address>
         <size>0xe</size>
         <input_file_ref idref="fl-17"/>
      </object_component>
      <object_component id="oc-1ab">
         <name>.text.uDMAEnable</name>
         <load_address>0x20010004</load_address>
         <run_address>0x20010004</run_address>
         <size>0xe</size>
         <input_file_ref idref="fl-2c"/>
      </object_component>
      <object_component id="oc-270">
         <name>.text.uDMAErrorStatusClear</name>
         <load_address>0x20010012</load_address>
         <run_address>0x20010012</run_address>
         <size>0xe</size>
         <input_file_ref idref="fl-2c"/>
      </object_component>
      <object_component id="oc-94">
         <name>.text:TI_memset_small</name>
         <load_address>0x20010020</load_address>
         <run_address>0x20010020</run_address>
         <size>0xe</size>
         <input_file_ref idref="fl-84"/>
      </object_component>
      <object_component id="oc-1c">
         <name>.text:decompress:none</name>
         <load_address>0x2001002e</load_address>
         <run_address>0x2001002e</run_address>
         <size>0xe</size>
         <input_file_ref idref="fl-41"/>
      </object_component>
      <object_component id="oc-250">
         <name>.text.CPUwfi</name>
         <load_address>0x2001003c</load_address>
         <run_address>0x2001003c</run_address>
         <size>0xc</size>
         <input_file_ref idref="fl-23"/>
      </object_component>
      <object_component id="oc-14b">
         <name>.text.OUTLINED_FUNCTION_0</name>
         <load_address>0x20010048</load_address>
         <run_address>0x20010048</run_address>
         <size>0xc</size>
         <input_file_ref idref="fl-18"/>
      </object_component>
      <object_component id="oc-24c">
         <name>.text.PRCMLPDSWakeupCauseGet</name>
         <load_address>0x20010054</load_address>
         <run_address>0x20010054</run_address>
         <size>0xc</size>
         <input_file_ref idref="fl-28"/>
      </object_component>
      <object_component id="oc-1f0">
         <name>.text.Power_getConstraintMask</name>
         <load_address>0x20010060</load_address>
         <run_address>0x20010060</run_address>
         <size>0xc</size>
         <input_file_ref idref="fl-15"/>
      </object_component>
      <object_component id="oc-15d">
         <name>.text.UART2CC32XX_postNotifyFxn</name>
         <load_address>0x2001006c</load_address>
         <run_address>0x2001006c</run_address>
         <size>0xc</size>
         <input_file_ref idref="fl-18"/>
      </object_component>
      <object_component id="oc-231">
         <name>.text.UART2Support_disableTx</name>
         <load_address>0x20010078</load_address>
         <run_address>0x20010078</run_address>
         <size>0xc</size>
         <input_file_ref idref="fl-18"/>
      </object_component>
      <object_component id="oc-233">
         <name>.text.UART2Support_enableRx</name>
         <load_address>0x20010084</load_address>
         <run_address>0x20010084</run_address>
         <size>0xc</size>
         <input_file_ref idref="fl-18"/>
      </object_component>
      <object_component id="oc-22d">
         <name>.text.UART2Support_enableTx</name>
         <load_address>0x20010090</load_address>
         <run_address>0x20010090</run_address>
         <size>0xc</size>
         <input_file_ref idref="fl-18"/>
      </object_component>
      <object_component id="oc-e3">
         <name>.text.UART2_Params_init</name>
         <load_address>0x2001009c</load_address>
         <run_address>0x2001009c</run_address>
         <size>0xc</size>
         <input_file_ref idref="fl-17"/>
      </object_component>
      <object_component id="oc-26f">
         <name>.text.uDMAErrorStatusGet</name>
         <load_address>0x200100a8</load_address>
         <run_address>0x200100a8</run_address>
         <size>0xc</size>
         <input_file_ref idref="fl-2c"/>
      </object_component>
      <object_component id="oc-25a">
         <name>.text.CPUprimask</name>
         <load_address>0x200100b4</load_address>
         <run_address>0x200100b4</run_address>
         <size>0xa</size>
         <input_file_ref idref="fl-23"/>
      </object_component>
      <object_component id="oc-189">
         <name>.text.ClockP_isActive</name>
         <load_address>0x200100be</load_address>
         <run_address>0x200100be</run_address>
         <size>0xa</size>
         <input_file_ref idref="fl-1e"/>
      </object_component>
      <object_component id="oc-41">
         <name>.text.IntMasterDisable</name>
         <load_address>0x200100c8</load_address>
         <run_address>0x200100c8</run_address>
         <size>0xa</size>
         <input_file_ref idref="fl-26"/>
      </object_component>
      <object_component id="oc-12d">
         <name>.text.IntMasterEnable</name>
         <load_address>0x200100d2</load_address>
         <run_address>0x200100d2</run_address>
         <size>0xa</size>
         <input_file_ref idref="fl-26"/>
      </object_component>
      <object_component id="oc-14d">
         <name>.text.OUTLINED_FUNCTION_1</name>
         <load_address>0x200100dc</load_address>
         <run_address>0x200100dc</run_address>
         <size>0xa</size>
         <input_file_ref idref="fl-18"/>
      </object_component>
      <object_component id="oc-14a">
         <name>.text.OUTLINED_FUNCTION_2</name>
         <load_address>0x200100e6</load_address>
         <run_address>0x200100e6</run_address>
         <size>0xa</size>
         <input_file_ref idref="fl-18"/>
      </object_component>
      <object_component id="oc-256">
         <name>.text.dmaErrorFxn</name>
         <load_address>0x200100f0</load_address>
         <run_address>0x200100f0</run_address>
         <size>0xa</size>
         <input_file_ref idref="fl-3"/>
      </object_component>
      <object_component id="oc-120">
         <name>.text.HwiP_disable</name>
         <load_address>0x200100fa</load_address>
         <run_address>0x200100fa</run_address>
         <size>0x8</size>
         <input_file_ref idref="fl-1f"/>
      </object_component>
      <object_component id="oc-121">
         <name>.text.HwiP_restore</name>
         <load_address>0x20010102</load_address>
         <run_address>0x20010102</run_address>
         <size>0x8</size>
         <input_file_ref idref="fl-1f"/>
      </object_component>
      <object_component id="oc-204">
         <name>.text.PRCMSleepEnter</name>
         <load_address>0x2001010a</load_address>
         <run_address>0x2001010a</run_address>
         <size>0x8</size>
         <input_file_ref idref="fl-28"/>
      </object_component>
      <object_component id="oc-103">
         <name>.text.UtilsDelay</name>
         <load_address>0x20010112</load_address>
         <run_address>0x20010112</run_address>
         <size>0x8</size>
         <input_file_ref idref="fl-2d"/>
      </object_component>
      <object_component id="oc-19b">
         <name>.text.malloc</name>
         <load_address>0x2001011a</load_address>
         <run_address>0x2001011a</run_address>
         <size>0x8</size>
         <input_file_ref idref="fl-3a"/>
      </object_component>
      <object_component id="oc-1e4">
         <name>.text.OUTLINED_FUNCTION_0</name>
         <load_address>0x20010122</load_address>
         <run_address>0x20010122</run_address>
         <size>0x6</size>
         <input_file_ref idref="fl-17"/>
      </object_component>
      <object_component id="oc-21b">
         <name>.text.UART2Support_powerRelConstraint</name>
         <load_address>0x20010128</load_address>
         <run_address>0x20010128</run_address>
         <size>0x6</size>
         <input_file_ref idref="fl-18"/>
      </object_component>
      <object_component id="oc-234">
         <name>.text.UART2Support_powerSetConstraint</name>
         <load_address>0x2001012e</load_address>
         <run_address>0x2001012e</run_address>
         <size>0x6</size>
         <input_file_ref idref="fl-18"/>
      </object_component>
      <object_component id="oc-206">
         <name>.text.ClockP_doTick</name>
         <load_address>0x20010134</load_address>
         <run_address>0x20010134</run_address>
         <size>0x4</size>
         <input_file_ref idref="fl-1e"/>
      </object_component>
      <object_component id="oc-156">
         <name>.text.HwiP_clearInterrupt</name>
         <load_address>0x20010138</load_address>
         <run_address>0x20010138</run_address>
         <size>0x4</size>
         <input_file_ref idref="fl-1f"/>
      </object_component>
      <object_component id="oc-da">
         <name>.text.HwiP_enable</name>
         <load_address>0x2001013c</load_address>
         <run_address>0x2001013c</run_address>
         <size>0x4</size>
         <input_file_ref idref="fl-1f"/>
      </object_component>
      <object_component id="oc-251">
         <name>.text.HwiP_post</name>
         <load_address>0x20010140</load_address>
         <run_address>0x20010140</run_address>
         <size>0x4</size>
         <input_file_ref idref="fl-1f"/>
      </object_component>
      <object_component id="oc-259">
         <name>.text.IntDefaultHandler</name>
         <load_address>0x20010144</load_address>
         <run_address>0x20010144</run_address>
         <size>0x4</size>
         <input_file_ref idref="fl-26"/>
      </object_component>
      <object_component id="oc-a1">
         <name>.text.NoRTOS_start</name>
         <load_address>0x20010148</load_address>
         <run_address>0x20010148</run_address>
         <size>0x4</size>
         <input_file_ref idref="fl-1c"/>
      </object_component>
      <object_component id="oc-226">
         <name>.text.RingBuf_getCount</name>
         <load_address>0x2001014c</load_address>
         <run_address>0x2001014c</run_address>
         <size>0x4</size>
         <input_file_ref idref="fl-1a"/>
      </object_component>
      <object_component id="oc-122">
         <name>.text.SemaphoreP_delete</name>
         <load_address>0x20010150</load_address>
         <run_address>0x20010150</run_address>
         <size>0x4</size>
         <input_file_ref idref="fl-1d"/>
      </object_component>
      <object_component id="oc-81">
         <name>.text._system_pre_init</name>
         <load_address>0x20010154</load_address>
         <run_address>0x20010154</run_address>
         <size>0x4</size>
         <input_file_ref idref="fl-3e"/>
      </object_component>
      <object_component id="oc-ac">
         <name>.text:abort</name>
         <load_address>0x20010158</load_address>
         <run_address>0x20010158</run_address>
         <size>0x4</size>
         <input_file_ref idref="fl-43"/>
      </object_component>
      <object_component id="oc-33">
         <name>.text</name>
         <load_address>0x2001015c</load_address>
         <run_address>0x2001015c</run_address>
         <size>0x4</size>
         <input_file_ref idref="fl-7e"/>
      </object_component>
      <object_component id="oc-4b">
         <name>.text.nmiISR</name>
         <load_address>0x20010160</load_address>
         <run_address>0x20010160</run_address>
         <size>0x2</size>
         <input_file_ref idref="fl-21"/>
      </object_component>
      <object_component id="oc-170">
         <name>.rodata.g_ulPinToPadMap</name>
         <load_address>0x200112ac</load_address>
         <run_address>0x200112ac</run_address>
         <size>0x100</size>
         <input_file_ref idref="fl-27"/>
      </object_component>
      <object_component id="oc-217">
         <name>.rodata.g_pulRegs</name>
         <load_address>0x200113ac</load_address>
         <run_address>0x200113ac</run_address>
         <size>0xd4</size>
         <input_file_ref idref="fl-26"/>
      </object_component>
      <object_component id="oc-16f">
         <name>.rodata.PRCM_PeriphRegsList</name>
         <load_address>0x20011480</load_address>
         <run_address>0x20011480</run_address>
         <size>0xa8</size>
         <input_file_ref idref="fl-28"/>
      </object_component>
      <object_component id="oc-117">
         <name>.rodata.PowerCC32XX_config</name>
         <load_address>0x20011528</load_address>
         <run_address>0x20011528</run_address>
         <size>0x44</size>
         <input_file_ref idref="fl-3"/>
      </object_component>
      <object_component id="oc-1d7">
         <name>.rodata.uart2CC32XXHWAttrs0</name>
         <load_address>0x2001156c</load_address>
         <run_address>0x2001156c</run_address>
         <size>0x38</size>
         <input_file_ref idref="fl-3"/>
[...]
      </symbol>
      <symbol id="sm-2c6">
         <name>CPUprimask</name>
         <value>0x200100b5</value>
         <object_component_ref idref="oc-25a"/>
      </symbol>
      <symbol id="sm-2c7">
         <name>CPUwfi</name>
         <value>0x2001003d</value>
         <object_component_ref idref="oc-250"/>
      </symbol>
      <symbol id="sm-300">
         <name>GPIODirModeSet</name>
         <value>0x2000ef59</value>
         <object_component_ref idref="oc-135"/>
      </symbol>
      <symbol id="sm-301">
         <name>GPIOIntClear</name>
         <value>0x2000feab</value>
         <object_component_ref idref="oc-1a0"/>
      </symbol>
      <symbol id="sm-302">
         <name>GPIOIntDisable</name>
         <value>0x2000fc45</value>
         <object_component_ref idref="oc-20f"/>
      </symbol>
      <symbol id="sm-303">
         <name>GPIOIntEnable</name>
         <value>0x2000fce1</value>
         <object_component_ref idref="oc-1a1"/>
      </symbol>
      <symbol id="sm-304">
         <name>GPIOIntStatus</name>
         <value>0x2000f689</value>
         <object_component_ref idref="oc-1a2"/>
      </symbol>
      <symbol id="sm-305">
         <name>GPIOIntTypeSet</name>
         <value>0x2000dc55</value>
         <object_component_ref idref="oc-19e"/>
      </symbol>
      <symbol id="sm-306">
         <name>GPIOPinWrite</name>
         <value>0x2000f9d5</value>
         <object_component_ref idref="oc-13a"/>
      </symbol>
      <symbol id="sm-356">
         <name>IntDisable</name>
         <value>0x2000d899</value>
         <object_component_ref idref="oc-21c"/>
      </symbol>
      <symbol id="sm-357">
         <name>IntEnable</name>
         <value>0x2000d961</value>
         <object_component_ref idref="oc-1c6"/>
      </symbol>
      <symbol id="sm-358">
         <name>IntMasterDisable</name>
         <value>0x200100c9</value>
         <object_component_ref idref="oc-41"/>
      </symbol>
      <symbol id="sm-359">
         <name>IntMasterEnable</name>
         <value>0x200100d3</value>
         <object_component_ref idref="oc-12d"/>
      </symbol>
      <symbol id="sm-35a">
         <name>IntPendClear</name>
         <value>0x2000e70d</value>
         <object_component_ref idref="oc-1c3"/>
      </symbol>
      <symbol id="sm-35b">
         <name>IntPendSet</name>
         <value>0x2000dd01</value>
         <object_component_ref idref="oc-26e"/>
      </symbol>
      <symbol id="sm-35c">
         <name>IntPrioritySet</name>
         <value>0x2000e9a1</value>
         <object_component_ref idref="oc-1c5"/>
      </symbol>
      <symbol id="sm-35d">
         <name>IntRegister</name>
         <value>0x2000fa7f</value>
         <object_component_ref idref="oc-1c4"/>
      </symbol>
      <symbol id="sm-35e">
         <name>IntUnregister</name>
         <value>0x2000f8b5</value>
         <object_component_ref idref="oc-21d"/>
      </symbol>
      <symbol id="sm-35f">
         <name>IntVTableBaseSet</name>
         <value>0x2000fdd1</value>
         <object_component_ref idref="oc-69"/>
      </symbol>
      <symbol id="sm-3a7">
         <name>PinConfigGet</name>
         <value>0x2000ee3d</value>
         <object_component_ref idref="oc-264"/>
      </symbol>
      <symbol id="sm-3a8">
         <name>PinConfigSet</name>
         <value>0x2000dda5</value>
         <object_component_ref idref="oc-131"/>
      </symbol>
      <symbol id="sm-3a9">
         <name>PinDirModeGet</name>
         <value>0x2000f491</value>
         <object_component_ref idref="oc-265"/>
      </symbol>
      <symbol id="sm-3aa">
         <name>PinDirModeSet</name>
         <value>0x2000f1b1</value>
         <object_component_ref idref="oc-266"/>
      </symbol>
      <symbol id="sm-3ab">
         <name>PinLock</name>
         <value>0x2000f3f1</value>
         <object_component_ref idref="oc-244"/>
      </symbol>
      <symbol id="sm-3ac">
         <name>PinLockLevelSet</name>
         <value>0x2000e41d</value>
         <object_component_ref idref="oc-243"/>
      </symbol>
      <symbol id="sm-3ad">
         <name>PinModeGet</name>
         <value>0x2000f4c5</value>
         <object_component_ref idref="oc-10c"/>
      </symbol>
      <symbol id="sm-3ae">
         <name>PinModeSet</name>
         <value>0x2000f0ad</value>
         <object_component_ref idref="oc-111"/>
      </symbol>
      <symbol id="sm-3af">
         <name>PinToPadGet</name>
         <value>0x2000fcad</value>
         <object_component_ref idref="oc-1d5"/>
      </symbol>
      <symbol id="sm-3b0">
         <name>PinTypeUART</name>
         <value>0x2000fb21</value>
         <object_component_ref idref="oc-1a6"/>
      </symbol>
      <symbol id="sm-3b1">
         <name>PinUnlock</name>
         <value>0x2000f9f7</value>
         <object_component_ref idref="oc-24a"/>
      </symbol>
      <symbol id="sm-463">
         <name>PRCMCC3200MCUInit</name>
         <value>0x2000c041</value>
         <object_component_ref idref="oc-c6"/>
      </symbol>
      <symbol id="sm-464">
         <name>PRCMHIBRegRead</name>
         <value>0x2000fc5f</value>
         <object_component_ref idref="oc-108"/>
      </symbol>
      <symbol id="sm-465">
         <name>PRCMHIBRegWrite</name>
         <value>0x2000fc79</value>
         <object_component_ref idref="oc-107"/>
      </symbol>
      <symbol id="sm-466">
         <name>PRCMHibernateWakeUpGPIOSelect</name>
         <value>0x2000e335</value>
         <object_component_ref idref="oc-176"/>
      </symbol>
      <symbol id="sm-467">
         <name>PRCMHibernateWakeupSourceDisable</name>
         <value>0x2000e891</value>
         <object_component_ref idref="oc-178"/>
      </symbol>
      <symbol id="sm-468">
         <name>PRCMHibernateWakeupSourceEnable</name>
         <value>0x2000eb49</value>
         <object_component_ref idref="oc-177"/>
      </symbol>
      <symbol id="sm-469">
         <name>PRCMIntEnable</name>
         <value>0x2000edad</value>
         <object_component_ref idref="oc-249"/>
      </symbol>
      <symbol id="sm-46a">
         <name>PRCMLPDSEnter</name>
         <value>0x2000e9f9</value>
         <object_component_ref idref="oc-24f"/>
      </symbol>
      <symbol id="sm-46b">
         <name>PRCMLPDSEnterKeepDebugIf</name>
         <value>0x2000eecd</value>
         <object_component_ref idref="oc-24e"/>
      </symbol>
      <symbol id="sm-46c">
         <name>PRCMLPDSIntervalSet</name>
         <value>0x2000f5f9</value>
         <object_component_ref idref="oc-1fe"/>
      </symbol>
      <symbol id="sm-46d">
         <name>PRCMLPDSRestoreInfoSet</name>
         <value>0x2000ec85</value>
         <object_component_ref idref="oc-267"/>
      </symbol>
      <symbol id="sm-46e">
         <name>PRCMLPDSWakeUpGPIOSelect</name>
         <value>0x2000f797</value>
         <object_component_ref idref="oc-175"/>
      </symbol>
      <symbol id="sm-46f">
         <name>PRCMLPDSWakeupCauseGet</name>
         <value>0x20010055</value>
         <object_component_ref idref="oc-24c"/>
      </symbol>
      <symbol id="sm-470">
         <name>PRCMLPDSWakeupSourceDisable</name>
         <value>0x2000fc93</value>
         <object_component_ref idref="oc-174"/>
      </symbol>
      <symbol id="sm-471">
         <name>PRCMLPDSWakeupSourceEnable</name>
         <value>0x2000f8fd</value>
         <object_component_ref idref="oc-173"/>
      </symbol>
      <symbol id="sm-472">
         <name>PRCMPeripheralClkDisable</name>
         <value>0x2000f7c1</value>
         <object_component_ref idref="oc-10b"/>
      </symbol>
      <symbol id="sm-473">
         <name>PRCMPeripheralClkEnable</name>
         <value>0x2000e8ed</value>
         <object_component_ref idref="oc-109"/>
      </symbol>
      <symbol id="sm-474">
         <name>PRCMPeripheralReset</name>
         <value>0x2000e639</value>
         <object_component_ref idref="oc-10a"/>
      </symbol>
      <symbol id="sm-475">
         <name>PRCMPeripheralStatusGet</name>
         <value>0x2000edf5</value>
         <object_component_ref idref="oc-19a"/>
      </symbol>
      <symbol id="sm-476">
         <name>PRCMSRAMRetentionEnable</name>
         <value>0x2000f83d</value>
         <object_component_ref idref="oc-241"/>
      </symbol>
      <symbol id="sm-477">
         <name>PRCMSleepEnter</name>
         <value>0x2001010b</value>
         <object_component_ref idref="oc-204"/>
      </symbol>
      <symbol id="sm-478">
         <name>PRCMSlowClkCtrFastGet</name>
         <value>0x2000f629</value>
         <object_component_ref idref="oc-238"/>
      </symbol>
      <symbol id="sm-479">
         <name>PRCMSysResetCauseGet</name>
         <value>0x2000e131</value>
         <object_component_ref idref="oc-102"/>
      </symbol>
      <symbol id="sm-497">
         <name>SysTickEnable</name>
         <value>0x2000fecf</value>
         <object_component_ref idref="oc-202"/>
      </symbol>
      <symbol id="sm-498">
         <name>SysTickIntDisable</name>
         <value>0x2000fee1</value>
         <object_component_ref idref="oc-1f9"/>
      </symbol>
      <symbol id="sm-499">
         <name>SysTickIntEnable</name>
         <value>0x2000fef3</value>
         <object_component_ref idref="oc-203"/>
      </symbol>
      <symbol id="sm-49a">
         <name>SysTickPeriodSet</name>
         <value>0x2000fd27</value>
         <object_component_ref idref="oc-201"/>
      </symbol>
      <symbol id="sm-504">
         <name>UARTBusy</name>
         <value>0x2000ff99</value>
         <object_component_ref idref="oc-25c"/>
      </symbol>
      <symbol id="sm-505">
         <name>UARTCharPutNonBlocking</name>
         <value>0x2000f427</value>
         <object_component_ref idref="oc-25b"/>
      </symbol>
      <symbol id="sm-506">
         <name>UARTCharsAvail</name>
         <value>0x2000fd3d</value>
         <object_component_ref idref="oc-1dd"/>
      </symbol>
      <symbol id="sm-507">
         <name>UARTConfigSetExpClk</name>
         <value>0x2000e3a9</value>
         <object_component_ref idref="oc-1b4"/>
      </symbol>
      <symbol id="sm-508">
         <name>UARTDMADisable</name>
         <value>0x2000fd53</value>
         <object_component_ref idref="oc-1cc"/>
      </symbol>
      <symbol id="sm-509">
         <name>UARTDMAEnable</name>
         <value>0x2000fe21</value>
         <object_component_ref idref="oc-22b"/>
      </symbol>
      <symbol id="sm-50a">
         <name>UARTDisable</name>
         <value>0x2000f713</value>
         <object_component_ref idref="oc-1ce"/>
      </symbol>
      <symbol id="sm-50b">
         <name>UARTEnable</name>
         <value>0x2000fb5d</value>
         <object_component_ref idref="oc-1ba"/>
      </symbol>
      <symbol id="sm-50c">
         <name>UARTFIFOLevelSet</name>
         <value>0x2000fd69</value>
         <object_component_ref idref="oc-1bc"/>
      </symbol>
      <symbol id="sm-50d">
         <name>UARTFlowControlSet</name>
         <value>0x2000fcc7</value>
         <object_component_ref idref="oc-1bd"/>
      </symbol>
      <symbol id="sm-50e">
         <name>UARTIntClear</name>
         <value>0x2000ffa9</value>
         <object_component_ref idref="oc-1b9"/>
      </symbol>
      <symbol id="sm-50f">
         <name>UARTIntDisable</name>
         <value>0x2000fd7f</value>
         <object_component_ref idref="oc-1cb"/>
      </symbol>
      <symbol id="sm-510">
         <name>UARTIntEnable</name>
         <value>0x2000fe35</value>
         <object_component_ref idref="oc-1bb"/>
      </symbol>
      <symbol id="sm-511">
         <name>UARTIntStatus</name>
         <value>0x2000f7eb</value>
         <object_component_ref idref="oc-1d8"/>
      </symbol>
      <symbol id="sm-512">
         <name>UARTRxErrorGet</name>
         <value>0x2000ffb9</value>
         <object_component_ref idref="oc-1da"/>
      </symbol>
      <symbol id="sm-56b">
         <name>uDMAChannelAssign</name>
         <value>0x2000ebe9</value>
         <object_component_ref idref="oc-1be"/>
      </symbol>
      <symbol id="sm-56c">
         <name>uDMAChannelAttributeDisable</name>
         <value>0x2000e00d</value>
         <object_component_ref idref="oc-1bf"/>
      </symbol>
      <symbol id="sm-56d">
         <name>uDMAChannelControlSet</name>
         <value>0x2000f171</value>
         <object_component_ref idref="oc-228"/>
      </symbol>
      <symbol id="sm-56e">
         <name>uDMAChannelDisable</name>
         <value>0x2000fb7b</value>
         <object_component_ref idref="oc-222"/>
      </symbol>
      <symbol id="sm-56f">
         <name>uDMAChannelEnable</name>
         <value>0x2000fb99</value>
         <object_component_ref idref="oc-22a"/>
      </symbol>
      <symbol id="sm-570">
         <name>uDMAChannelIsEnabled</name>
         <value>0x2000fbb7</value>
         <object_component_ref idref="oc-1db"/>
      </symbol>
      <symbol id="sm-571">
         <name>uDMAChannelSizeGet</name>
         <value>0x2000ed1b</value>
         <object_component_ref idref="oc-223"/>
      </symbol>
      <symbol id="sm-572">
         <name>uDMAChannelTransferSet</name>
         <value>0x2000d4db</value>
         <object_component_ref idref="oc-229"/>
      </symbol>
      <symbol id="sm-573">
         <name>uDMAControlBaseSet</name>
         <value>0x2000fe49</value>
         <object_component_ref idref="oc-1b0"/>
      </symbol>
      <symbol id="sm-574">
         <name>uDMAEnable</name>
         <value>0x20010005</value>
         <object_component_ref idref="oc-1ab"/>
      </symbol>
      <symbol id="sm-575">
         <name>uDMAErrorStatusClear</name>
         <value>0x20010013</value>
         <object_component_ref idref="oc-270"/>
      </symbol>
      <symbol id="sm-576">
         <name>uDMAErrorStatusGet</name>
         <value>0x200100a9</value>
         <object_component_ref idref="oc-26f"/>
      </symbol>
      <symbol id="sm-577">
         <name>uDMAIntClear</name>
         <value>0x2000fe5d</value>
         <object_component_ref idref="oc-224"/>
      </symbol>
      <symbol id="sm-582">
         <name>UtilsDelay</name>
         <value>0x20010113</value>
         <object_component_ref idref="oc-103"/>
      </symbol>
      <symbol id="sm-5af">
         <name>FlashDisable</name>
         <value>0x2000e835</value>
         <object_component_ref idref="oc-269"/>
      </symbol>
      <symbol id="sm-5cf">
         <name>malloc</name>
         <value>0x2001011b</value>
         <object_component_ref idref="oc-19b"/>
      </symbol>
      <symbol id="sm-5d0">
         <name>aligned_alloc</name>
         <value>0x2000d2a1</value>
         <object_component_ref idref="oc-20e"/>
      </symbol>
      <symbol id="sm-5d1">
         <name>free</name>
         <value>0x2000d5ed</value>
         <object_component_ref idref="oc-185"/>
      </symbol>
      <symbol id="sm-5d2">
         <name>_sys_memory</name>
         <value>0x20004040</value>
         <object_component_ref idref="oc-28"/>
      </symbol>
      <symbol id="sm-5d3">
         <name>memalign</name>
         <value>0x2000d2a1</value>
         <object_component_ref idref="oc-20e"/>
      </symbol>
      <symbol id="sm-5de">
         <name>_c_int00_noargs</name>
         <value>0x2000f9b1</value>
         <object_component_ref idref="oc-6c"/>
      </symbol>
      <symbol id="sm-5df">
         <name>__stack</name>
         <value>0x20003000</value>
         <object_component_ref idref="oc-16"/>
      </symbol>
      <symbol id="sm-5eb">
         <name>__TI_auto_init_nobinit_nopinit</name>
         <value>0x2000f3b9</value>
         <object_component_ref idref="oc-b3"/>
      </symbol>
      <symbol id="sm-5f3">
         <name>_system_pre_init</name>
         <value>0x20010155</value>
         <object_component_ref idref="oc-81"/>
      </symbol>
      <symbol id="sm-5fe">
         <name>__TI_zero_init</name>
         <value>0x2000ffd9</value>
         <object_component_ref idref="oc-40"/>
      </symbol>
      <symbol id="sm-607">
         <name>__TI_decompress_none</name>
         <value>0x2001002f</value>
         <object_component_ref idref="oc-1c"/>
      </symbol>
      <symbol id="sm-611">
         <name>__TI_decompress_lzss</name>
         <value>0x2000e6a3</value>
         <object_component_ref idref="oc-18"/>
      </symbol>
      <symbol id="sm-61b">
         <name>abort</name>
         <value>0x20010159</value>
         <object_component_ref idref="oc-ac"/>
      </symbol>
      <symbol id="sm-61c">
         <name>C$$EXIT</name>
         <value>0x20010158</value>
         <object_component_ref idref="oc-ac"/>
      </symbol>
      <symbol id="sm-625">
         <name>_nop</name>
         <value>0x2000ea4f</value>
         <object_component_ref idref="oc-164"/>
      </symbol>
      <symbol id="sm-626">
         <name>_lock</name>
         <value>0x2001129c</value>
         <object_component_ref idref="oc-f8"/>
      </symbol>
      <symbol id="sm-627">
         <name>_unlock</name>
         <value>0x200112a0</value>
         <object_component_ref idref="oc-fb"/>
      </symbol>
      <symbol id="sm-62e">
         <name>__aeabi_memcpy</name>
         <value>0x2001015d</value>
         <object_component_ref idref="oc-33"/>
      </symbol>
      <symbol id="sm-62f">
         <name>__aeabi_memcpy4</name>
         <value>0x2001015d</value>
         <object_component_ref idref="oc-33"/>
      </symbol>
      <symbol id="sm-630">
         <name>__aeabi_memcpy8</name>
         <value>0x2001015d</value>
         <object_component_ref idref="oc-33"/>
      </symbol>
      <symbol id="sm-636">
         <name>__aeabi_memset</name>
         <value>0x2000fe71</value>
         <object_component_ref idref="oc-5e"/>
      </symbol>
      <symbol id="sm-637">
         <name>__aeabi_memset4</name>
         <value>0x2000fe71</value>
         <object_component_ref idref="oc-5e"/>
      </symbol>
      <symbol id="sm-638">
         <name>__aeabi_memset8</name>
         <value>0x2000fe71</value>
         <object_component_ref idref="oc-5e"/>
      </symbol>
      <symbol id="sm-639">
         <name>__aeabi_memclr</name>
         <value>0x2000fe7d</value>
         <object_component_ref idref="oc-5e"/>
      </symbol>
      <symbol id="sm-63a">
         <name>__aeabi_memclr4</name>
         <value>0x2000fe7d</value>
         <object_component_ref idref="oc-5e"/>
      </symbol>
      <symbol id="sm-63b">
         <name>__aeabi_memclr8</name>
         <value>0x2000fe7d</value>
         <object_component_ref idref="oc-5e"/>
      </symbol>
      <symbol id="sm-641">
         <name>__aeabi_uldivmod</name>
         <value>0x2000fe85</value>
         <object_component_ref idref="oc-1f5"/>
      </symbol>
      <symbol id="sm-647">
         <name>__udivmoddi4</name>
         <value>0x2000dba5</value>
         <object_component_ref idref="oc-239"/>
      </symbol>
      <symbol id="sm-651">
         <name>__aeabi_ldiv0</name>
         <value>0x2000e947</value>
         <object_component_ref idref="oc-25d"/>
      </symbol>
      <symbol id="sm-659">
         <name>TI_memcpy_small</name>
         <value>0x2000ff17</value>
         <object_component_ref idref="oc-77"/>
      </symbol>
      <symbol id="sm-661">
         <name>TI_memset_small</name>
         <value>0x20010021</value>
         <object_component_ref idref="oc-94"/>
      </symbol>
      <symbol id="sm-662">
         <name>__TI_static_base__</name>
         <value>0x20010164</value>
      </symbol>
      <symbol id="sm-665">
         <name>ITM_flush</name>
         <value>0x0</value>
      </symbol>
      <symbol id="sm-666">
         <name>ITM_restore</name>
         <value>0x0</value>
      </symbol>
      <symbol id="sm-667">
         <name>__mpu_init</name>
         <value>0x0</value>
      </symbol>
      <symbol id="sm-668">
         <name>_system_post_cinit</name>
         <value>0x0</value>
      </symbol>
   </symbol_table>
   <title>Link successful</title>
</link_info>
