******************************************************************************
                  TI ARM Linker PC v20.2.7                     
******************************************************************************
>> Linked Sun Sep  3 22:58:54 2023

OUTPUT FILE NAME:   <pwmled2_CC3220S_LAUNCHXL_nortos_ccs.out>
ENTRY POINT SYMBOL: "resetISR"  address: 2000e451


MEMORY CONFIGURATION

         name            origin    length      used     unused   attr    fill
----------------------  --------  ---------  --------  --------  ----  --------
  SRAM2                 20000000   00004000  0000130c  00002cf4  RW X
  SRAM                  20004000   0003c000  0000ae0c  000311f4  RW X
  LOG_DATA              90000000   00040000  00000000  00040000  R   


SEGMENT ALLOCATION MAP

run origin  load origin   length   init length attrs members
----------  ----------- ---------- ----------- ----- -------
20003000    20003000    00001000   00000000    rw-
  20003000    20003000    00001000   00000000    rw- .stack
20004000    20004000    00000040   00000040    r--
  20004000    20004000    00000040   00000040    r-- .resetVecs
20004040    20004040    00008000   00000000    rw-
  20004040    20004040    00008000   00000000    rw- .sysmem
2000c040    2000c040    000028db   000028db    r-x
  2000c040    2000c040    00002618   00002618    r-x .text
  2000e658    2000e658    000002c3   000002c3    r-- .const
2000e91c    2000e91c    0000027d   00000000    rw-
  2000e91c    2000e91c    0000027d   00000000    rw- .data
2000eba0    2000eba0    0000019c   00000000    rw-
  2000eba0    2000eba0    0000019c   00000000    rw- .bss
2000ed40    2000ed40    000000d8   000000d8    r--
  2000ed40    2000ed40    000000d8   000000d8    r-- .cinit


SECTION ALLOCATION MAP

 output                                  attributes/
section   page    origin      length       input sections
--------  ----  ----------  ----------   ----------------
.text      0    2000c040    00002618     
                  2000c040    0000042c     driverlib.a : prcm.obj (.text:PRCMCC3200MCUInit)
                  2000c46c    0000019c     nortos_cc32xx.a : PowerCC32XX_nortos.oem4 (.text:PowerCC32XX_sleepPolicy)
                  2000c608    00000148     drivers_cc32xx.a : PowerCC32XX.oem4 (.text:parkPins)
                  2000c750    00000140                      : PWMTimerCC32XX.oem4 (.text:PWMTimerCC32XX_setDutyAndPeriod)
                  2000c890    00000138                      : PowerCC32XX.oem4 (.text:Power_sleep)
                  2000c9c8    000000fc     rtsv7M4_T_le_eabi.lib : fd_mul_t2.asm.obj (.text)
                  2000cac4    000000f0     drivers_cc32xx.a : PWMTimerCC32XX.oem4 (.text:PWMTimerCC32XX_open)
                  2000cbb4    000000f0     pwmled2.obj (.text:mainThread)
                  2000cca4    000000c4     drivers_cc32xx.a : PWMTimerCC32XX.oem4 (.text:PWMTimerCC32XX_stop)
                  2000cd68    000000c0                      : PowerCC32XX.oem4 (.text:restoreParkedPins)
                  2000ce28    000000b8                      : PWMTimerCC32XX.oem4 (.text:PWMTimerCC32XX_setDuty)
                  2000cee0    000000a8     driverlib.a : interrupt.obj (.text:IntEnable)
                  2000cf88    000000a8     drivers_cc32xx.a : PowerCC32XX.oem4 (.text:PowerCC32XX_configureWakeup)
                  2000d030    000000a4                      : PWMTimerCC32XX.oem4 (.text:initHw)
                  2000d0d4    000000a0     nortos_cc32xx.a : SemaphoreP_nortos.oem4 (.text:SemaphoreP_pend)
                  2000d174    0000009c     rtsv7M4_T_le_eabi.lib : memcpy_t2.asm.obj (.text)
                  2000d210    00000098     drivers_cc32xx.a : PWMTimerCC32XX.oem4 (.text:PWMTimerCC32XX_setPeriod)
                  2000d2a8    00000096     rtsv7M4_T_le_eabi.lib : ull_div_t2.asm.obj (.text)
                  2000d33e    00000002     ti_drivers_config.obj (.text:Board_initHook)
                  2000d340    00000090     drivers_cc32xx.a : PowerCC32XX.oem4 (.text:restoreNVICRegs)
                  2000d3d0    00000088     driverlib.a : interrupt.obj (.text:IntPendSet)
                  2000d458    00000088     drivers_cc32xx.a : PWMTimerCC32XX.oem4 (.text:PWMTimerCC32XX_close)
                  2000d4e0    00000088     driverlib.a : pin.obj (.text:PinConfigSet)
                  2000d568    00000084     drivers_cc32xx.a : PowerCC32XX.oem4 (.text:Power_init)
                  2000d5ec    00000084                      : PowerCC32XX.oem4 (.text:saveNVICRegs)
                  2000d670    00000080                      : PowerCC32XX.oem4 (.text:Power_setDependency)
                  2000d6f0    00000068                      : PWMTimerCC32XX.oem4 (.text:PWMTimerCC32XX_start)
                  2000d758    00000068     rtsv7M4_T_le_eabi.lib : copy_decompress_lzss.c.obj (.text:decompress:lzss:__TI_decompress_lzss)
                  2000d7c0    00000064     drivers_cc32xx.a : PowerCC32XX.oem4 (.text:PowerCC32XX_setParkState)
                  2000d824    00000060     driverlib.a : prcm.obj (.text:PRCMSysResetCauseGet)
                  2000d884    0000005c     nortos_cc32xx.a : ClockPSysTick_nortos.oem4 (.text:sysTickInit)
                  2000d8e0    00000058     driverlib.a : prcm.obj (.text:PRCMPeripheralReset)
                  2000d938    00000058     drivers_cc32xx.a : PowerCC32XX.oem4 (.text:Power_releaseDependency)
                  2000d990    00000052                      : PowerCC32XX_asm.oem4 (.text:PowerCC32XX_resumeLPDS)
                  2000d9e2    00000002                      : PWMTimerCC32XX.oem4 (.text:PWMTimerCC32XX_init)
                  2000d9e4    00000050     nortos_cc32xx.a : ClockPSysTick_nortos.oem4 (.text:ClockP_sysTickHandler)
                  2000da34    00000050                     : SemaphoreP_nortos.oem4 (.text:SemaphoreP_construct)
                  2000da84    00000050     drivers_cc32xx.a : TimerCC32XX.oem4 (.text:TimerCC32XX_allocateTimerResource)
                  2000dad4    0000004c                      : PowerCC32XX.oem4 (.text:PowerCC32XX_parkPin)
                  2000db20    0000004c                      : PWMTimerCC32XX.oem4 (.text:getDutyCounts)
                  2000db6c    0000004c                      : PWMTimerCC32XX.oem4 (.text:getPeriodCounts)
                  2000dbb8    0000004c                      : PowerCC32XX.oem4 (.text:restorePeriphClocks)
                  2000dc04    00000048     driverlib.a : flash.obj (.text:FlashDisable)
                  2000dc4c    00000048                 : prcm.obj (.text:PRCMLPDSEnter)
                  2000dc94    00000048                 : prcm.obj (.text:PRCMPeripheralClkEnable)
                  2000dcdc    00000048     drivers_cc32xx.a : PowerCC32XX.oem4 (.text:Power_releaseConstraint)
                  2000dd24    00000044     nortos_cc32xx.a : ClockPSysTick_nortos.oem4 (.text:ClockP_stop)
                  2000dd68    00000044     driverlib.a : prcm.obj (.text:PRCMLPDSRestoreInfoSet)
                  2000ddac    00000044     drivers_cc32xx.a : PWM.oem4 (.text:PWM_init)
                  2000ddf0    00000044                      : PowerCC32XX_asm.oem4 (.text:PowerCC32XX_enterLPDS)
                  2000de34    00000044     nortos_cc32xx.a : SwiP_nortos.oem4 (.text:SwiP_restore)
                  2000de78    00000044     rtsv7M4_T_le_eabi.lib : autoinit.c.obj (.text:__TI_auto_init_nobinit_nopinit:__TI_auto_init_nobinit_nopinit)
                  2000debc    00000044                           : fd_tou_t2.asm.obj (.text)
                  2000df00    00000040     drivers_cc32xx.a : PWM.oem4 (.text:PWM_open)
                  2000df40    00000040     driverlib.a : pin.obj (.text:PinModeSet)
                  2000df80    0000003c     nortos_cc32xx.a : ClockPSysTick_nortos.oem4 (.text:ClockP_destruct)
                  2000dfbc    0000003c     drivers_cc32xx.a : PowerCC32XX.oem4 (.text:Power_setConstraint)
                  2000dff8    0000003a     nortos_cc32xx.a : PowerCC32XX_nortos.oem4 (.text:getCountsRTC)
                  2000e032    0000003a     drivers_cc32xx.a : PWMTimerCC32XX.oem4 (.text:getPowerMgrId)
                  2000e06c    00000038     driverlib.a : prcm.obj (.text:PRCMLPDSEnterKeepDebugIf)
                  2000e0a4    00000038     nortos_cc32xx.a : ClockPSysTick_nortos.oem4 (.text:addToList)
                  2000e0dc    00000038                     : startup_cc32xx_ccs.oem4 (.text:initVectors)
                  2000e114    00000038     drivers_cc32xx.a : PowerCC32XX.oem4 (.text:notify)
                  2000e14c    00000034     nortos_cc32xx.a : ClockPSysTick_nortos.oem4 (.text:ClockP_getTicksUntilInterrupt)
                  2000e180    00000034                     : ClockPSysTick_nortos.oem4 (.text:ClockP_startup)
                  2000e1b4    00000034     driverlib.a : pin.obj (.text:PinModeGet)
                  2000e1e8    00000034     drivers_cc32xx.a : TimerCC32XX.oem4 (.text:TimerCC32XX_freeTimerResource)
                  2000e21c    00000034                      : TimerCC32XX.oem4 (.text:getPowerMgrId)
                  2000e250    00000030     nortos_cc32xx.a : ClockPSysTick_nortos.oem4 (.text:ClockP_start)
                  2000e280    00000030     drivers_cc32xx.a : PowerCC32XX.oem4 (.text:PowerCC32XX_restoreParkedPin)
                  2000e2b0    00000028     nortos_cc32xx.a : ClockPSysTick_nortos.oem4 (.text:ClockP_sleep)
                  2000e2d8    00000028     driverlib.a : prcm.obj (.text:PRCMPeripheralClkDisable)
                  2000e300    00000028     drivers_cc32xx.a : PowerCC32XX.oem4 (.text:Power_registerNotify)
                  2000e328    00000026                      : List.oem4 (.text:List_put)
                  2000e34e    00000026                      : List.oem4 (.text:List_remove)
                  2000e374    00000024     rtsv7M4_T_le_eabi.lib : boot_cortex_m.c.obj (.text:_c_int00_noargs:_c_int00_noargs)
                  2000e398    00000024     nortos_cc32xx.a : ClockPSysTick_nortos.oem4 (.text:sleepTicks)
                  2000e3bc    00000020     drivers_cc32xx.a : PowerCC32XX.oem4 (.text:Power_unregisterNotify)
                  2000e3dc    00000020     rtsv7M4_T_le_eabi.lib : u_tofd_t2.asm.obj (.text)
                  2000e3fc    0000001c     driverlib.a : pin.obj (.text:PinToPadGet)
                  2000e418    0000001c     nortos_cc32xx.a : SwiP_nortos.oem4 (.text:SwiP_disable)
                  2000e434    0000001c     rtsv7M4_T_le_eabi.lib : copy_zero_init.c.obj (.text:decompress:ZI:__TI_zero_init_nomemset:__TI_zero_init_nomemset)
                  2000e450    0000001a     nortos_cc32xx.a : startup_cc32xx_ccs.oem4 (.text:resetISR)
                  2000e46a    00000002                     : PowerCC32XX_nortos.oem4 (.text:PowerCC32XX_initPolicy)
                  2000e46c    00000018     drivers_cc32xx.a : PowerCC32XX.oem4 (.text:Power_getTransitionLatency)
                  2000e484    00000018                      : PowerCC32XX.oem4 (.text:Power_idleFunc)
                  2000e49c    00000018     rtsv7M4_T_le_eabi.lib : ll_mul_t2.asm.obj (.text)
                  2000e4b4    00000016     driverlib.a : prcm.obj (.text:PRCMHIBRegRead)
                  2000e4ca    00000016                 : prcm.obj (.text:PRCMHIBRegWrite)
                  2000e4e0    00000014                 : cpu.obj (.text:CPUcpsid)
                  2000e4f4    00000014                 : interrupt.obj (.text:IntVTableBaseSet)
                  2000e508    00000014     drivers_cc32xx.a : PWM.oem4 (.text:PWM_Params_init)
                  2000e51c    00000014                      : PowerCC32XX.oem4 (.text:Power_getDependencyCount)
                  2000e530    00000012     main_nortos.obj (.text:main)
                  2000e542    00000012     drivers_cc32xx.a : PWMTimerCC32XX.oem4 (.text:postNotifyFxn)
                  2000e554    00000010     ti_drivers_config.obj (.text:Board_init)
                  2000e564    00000010     nortos_cc32xx.a : ClockPSysTick_nortos.oem4 (.text:ClockP_add)
                  2000e574    00000010                     : ClockPSysTick_nortos.oem4 (.text:ClockP_getCpuFreq)
                  2000e584    00000010                     : ClockPSysTick_nortos.oem4 (.text:ClockP_getSystemTicks)
                  2000e594    00000010                     : ClockPSysTick_nortos.oem4 (.text:ClockP_setTicks)
                  2000e5a4    00000010                     : HwiPCC32XX_nortos.oem4 (.text:HwiP_restore)
                  2000e5b4    00000010     drivers_cc32xx.a : PowerCC32XX.oem4 (.text:Power_enablePolicy)
                  2000e5c4    00000010     nortos_cc32xx.a : SemaphoreP_nortos.oem4 (.text:SemaphoreP_Params_init)
                  2000e5d4    0000000e                     : HwiPCC32XX_nortos.oem4 (.text:HwiP_disable)
                  2000e5e2    0000000e                     : HwiPCC32XX_nortos.oem4 (.text:HwiP_enable)
                  2000e5f0    0000000e     rtsv7M4_T_le_eabi.lib : copy_decompress_none.c.obj (.text:decompress:none:__TI_decompress_none)
                  2000e5fe    00000002     nortos_cc32xx.a : SemaphoreP_nortos.oem4 (.text:SemaphoreP_destruct)
                  2000e600    0000000c     drivers_cc32xx.a : PowerCC32XX.oem4 (.text:Power_getConstraintMask)
                  2000e60c    0000000a     nortos_cc32xx.a : ClockPSysTick_nortos.oem4 (.text:ClockP_isActive)
                  2000e616    0000000a     driverlib.a : interrupt.obj (.text:IntMasterDisable)
                  2000e620    0000000a     drivers_cc32xx.a : PWM.oem4 (.text:PWM_setDuty)
                  2000e62a    0000000a                      : PWM.oem4 (.text:PWM_start)
                  2000e634    00000006                      : PWMTimerCC32XX.oem4 (.text:PWMTimerCC32XX_control)
                  2000e63a    00000006     driverlib.a : utils.obj (.text:UtilsDelay)
                  2000e640    00000004     nortos_cc32xx.a : HwiPCC32XX_nortos.oem4 (.text:HwiP_post)
                  2000e644    00000004     rtsv7M4_T_le_eabi.lib : pre_init.c.obj (.text:_system_pre_init)
                  2000e648    00000004                           : exit.c.obj (.text:abort:abort)
                  2000e64c    00000002     nortos_cc32xx.a : startup_cc32xx_ccs.oem4 (.text:busFaultHandler)
                  2000e64e    00000002                     : SemaphoreP_nortos.oem4 (.text:clkFxn)
                  2000e650    00000002                     : startup_cc32xx_ccs.oem4 (.text:defaultHandler)
                  2000e652    00000002                     : startup_cc32xx_ccs.oem4 (.text:faultISR)
                  2000e654    00000002                     : startup_cc32xx_ccs.oem4 (.text:nmiISR)
                  2000e656    00000002     rtsv7M4_T_le_eabi.lib : div0.asm.obj (.text)

.const     0    2000e658    000002c3     
                  2000e658    00000100     driverlib.a : pin.obj (.const:g_ulPinToPadMap)
                  2000e758    000000a8                 : prcm.obj (.const:PRCM_PeriphRegsList)
                  2000e800    00000044     ti_drivers_config.obj (.const:PowerCC32XX_config)
                  2000e844    00000024     drivers_cc32xx.a : PWMTimerCC32XX.oem4 (.const:PWMTimerCC32XX_fxnTable)
                  2000e868    00000020                      : PWMTimerCC32XX.oem4 (.const:gpioPinIndexes)
                  2000e888    00000018     ti_drivers_config.obj (.const:PWM_config)
                  2000e8a0    00000018     drivers_cc32xx.a : PWM.oem4 (.const:PWM_defaultParams)
                  2000e8b8    00000018     driverlib.a : interrupt.obj (.const:g_pulEnRegs)
                  2000e8d0    00000018                 : interrupt.obj (.const:g_pulPendRegs)
                  2000e8e8    00000010     drivers_cc32xx.a : PWMTimerCC32XX.oem4 (.const:gpioBaseAddresses)
                  2000e8f8    00000010                      : PWMTimerCC32XX.oem4 (.const:timerBaseAddresses)
                  2000e908    00000008     ti_drivers_config.obj (.const:pwmTimerCC32XXHWAttrs)
                  2000e910    00000008     drivers_cc32xx.a : PWMTimerCC32XX.oem4 (.const:timerHalves)
                  2000e918    00000003     ti_drivers_config.obj (.const)

.cinit     0    2000ed40    000000d8     
                  2000ed40    000000b0     (.cinit..data.load) [load image, compression = lzss]
                  2000edf0    0000000c     (__TI_handler_table)
                  2000edfc    00000004     --HOLE-- [fill = 0]
                  2000ee00    00000008     (.cinit..bss.load) [load image, compression = zero_init]
                  2000ee08    00000010     (__TI_cinit_table)

.init_array 
*          0    20004000    00000000     UNINITIALIZED

.ramVecs   0    20000000    0000030c     NOLOAD SECTION
                  20000000    0000030c     nortos_cc32xx.a : startup_cc32xx_ccs.oem4 (.ramVecs)

.stack     0    20003000    00001000     UNINITIALIZED
                  20003000    00000004     rtsv7M4_T_le_eabi.lib : boot_cortex_m.c.obj (.stack)
                  20003004    00000ffc     --HOLE--

.resetVecs 
*          0    20004000    00000040     
                  20004000    00000040     nortos_cc32xx.a : startup_cc32xx_ccs.oem4 (.resetVecs:retain)

.sysmem    0    20004040    00008000     UNINITIALIZED
                  20004040    00000010     rtsv7M4_T_le_eabi.lib : memory.c.obj (.sysmem)
                  20004050    00007ff0     --HOLE--

.data      0    2000e91c    0000027d     UNINITIALIZED
                  2000e91c    0000016c     drivers_cc32xx.a : PowerCC32XX.oem4 (.data:PowerCC32XX_module)
                  2000ea88    000000f8     ti_drivers_config.obj (.data:parkInfo)
                  2000eb80    00000008     nortos_cc32xx.a : SemaphoreP_nortos.oem4 (.data:SemaphoreP_defaultParams)
                  2000eb88    00000008                     : HwiPCC32XX_nortos.oem4 (.data)
                  2000eb90    00000005                     : ClockPSysTick_nortos.oem4 (.data)
                  2000eb95    00000003                     : SemaphoreP_nortos.oem4 (.data)
                  2000eb98    00000001     drivers_cc32xx.a : PWM.oem4 (.data)

.bss       0    2000eba0    0000019c     UNINITIALIZED
                  2000eba0    0000012c     (.common:PowerCC32XX_contextSave)
                  2000eccc    00000048     (.common:pwmTimerCC32XXObjects)
                  2000ed14    00000004     nortos_cc32xx.a : ClockPSysTick_nortos.oem4 (.bss)
                  2000ed18    00000010     (.common:ClockP_ctrl)
                  2000ed28    0000000d                     : SwiP_nortos.oem4 (.bss)
                  2000ed35    00000003     --HOLE--
                  2000ed38    00000004     drivers_cc32xx.a : TimerCC32XX.oem4 (.bss:timerState)

.log_data 
*          0    90000000    00000000     COPY SECTION

__llvm_prf_cnts 
*          0    20004000    00000000     UNINITIALIZED

MODULE SUMMARY

       Module                       code   ro data   rw data
       ------                       ----   -------   -------
    .\
       pwmled2.obj                  240    0         0      
       main_nortos.obj              18     0         0      
    +--+----------------------------+------+---------+---------+
       Total:                       258    0         0      
                                                            
    .\syscfg\
       ti_drivers_config.obj        18     103       320    
    +--+----------------------------+------+---------+---------+
       Total:                       18     103       320    
                                                            
    C:/ti/simplelink_cc32xx_sdk_4_30_00_06/kernel/nortos/lib/ccs/m4/nortos_cc32xx.a
       startup_cc32xx_ccs.oem4      90     64        780    
       ClockPSysTick_nortos.oem4    658    0         25     
       PowerCC32XX_nortos.oem4      472    0         0      
       SemaphoreP_nortos.oem4       260    0         11     
       SwiP_nortos.oem4             96     0         13     
       HwiPCC32XX_nortos.oem4       48     0         8      
    +--+----------------------------+------+---------+---------+
       Total:                       1624   64        837    
                                                            
    C:/ti/simplelink_cc32xx_sdk_4_30_00_06/source/ti/devices/cc32xx/driverlib/ccs/Release/driverlib.a
       prcm.obj                     1604   168       0      
       pin.obj                      280    256       0      
       interrupt.obj                334    48        0      
       flash.obj                    72     0         0      
       cpu.obj                      20     0         0      
       utils.obj                    6      0         0      
    +--+----------------------------+------+---------+---------+
       Total:                       2316   472       0      
                                                            
    C:/ti/simplelink_cc32xx_sdk_4_30_00_06/source/ti/drivers/lib/ccs/m4/drivers_cc32xx.a
       PowerCC32XX.oem4             2280   0         664    
       PWMTimerCC32XX.oem4          1732   108       0      
       PWM.oem4                     172    24        1      
       TimerCC32XX.oem4             184    0         4      
       PowerCC32XX_asm.oem4         150    0         0      
       List.oem4                    76     0         0      
    +--+----------------------------+------+---------+---------+
       Total:                       4594   132       669    
                                                            
    C:\ti\ccs1230\ccs\tools\compiler\ti-cgt-arm_20.2.7.LTS\lib\rtsv7M4_T_le_eabi.lib
       fd_mul_t2.asm.obj            252    0         0      
       memcpy_t2.asm.obj            156    0         0      
       ull_div_t2.asm.obj           150    0         0      
       copy_decompress_lzss.c.obj   104    0         0      
       autoinit.c.obj               68     0         0      
       fd_tou_t2.asm.obj            68     0         0      
       boot_cortex_m.c.obj          36     0         0      
       u_tofd_t2.asm.obj            32     0         0      
       copy_zero_init.c.obj         28     0         0      
       ll_mul_t2.asm.obj            24     0         0      
       copy_decompress_none.c.obj   14     0         0      
       exit.c.obj                   4      0         0      
       pre_init.c.obj               4      0         0      
       div0.asm.obj                 2      0         0      
    +--+----------------------------+------+---------+---------+
       Total:                       942    0         0      
                                                            
       Heap:                        0      0         32768  
       Stack:                       0      0         4096   
       Linker Generated:            0      212       0      
    +--+----------------------------+------+---------+---------+
       Grand Total:                 9752   983       38690  


LINKER GENERATED COPY TABLES

__TI_cinit_table @ 2000ee08 records: 2, size/record: 8, table size: 16
	.data: load addr=2000ed40, load size=000000b0 bytes, run addr=2000e91c, run size=0000027d bytes, compression=lzss
	.bss: load addr=2000ee00, load size=00000008 bytes, run addr=2000eba0, run size=0000019c bytes, compression=zero_init


LINKER GENERATED HANDLER TABLE

__TI_handler_table @ 2000edf0 records: 3, size/record: 4, table size: 12
	index: 0, handler: __TI_decompress_lzss
	index: 1, handler: __TI_decompress_none
	index: 2, handler: __TI_zero_init


GLOBAL SYMBOLS: SORTED ALPHABETICALLY BY Name 

address   name                             
-------   ----                             
2000e555  Board_init                       
2000d33f  Board_initHook                   
2000e649  C$$EXIT                          
2000e918  CONFIG_PWM_0_CONST               
2000e919  CONFIG_PWM_1_CONST               
2000e4e1  CPUcpsid                         
2000e565  ClockP_add                       
2000ed18  ClockP_ctrl                      
2000df81  ClockP_destruct                  
2000d9e5  ClockP_doTick                    
2000e575  ClockP_getCpuFreq                
2000e585  ClockP_getSystemTicks            
2000e14d  ClockP_getTicksUntilInterrupt    
2000e60d  ClockP_isActive                  
2000e595  ClockP_setTicks                  
2000e2b1  ClockP_sleep                     
2000e251  ClockP_start                     
2000e181  ClockP_startup                   
2000dd25  ClockP_stop                      
2000d9e5  ClockP_sysTickHandler            
2000eb90  ClockP_tickPeriod                
2000dc05  FlashDisable                     
2000e5d5  HwiP_disable                     
2000e5e3  HwiP_enable                      
2000eb88  HwiP_key                         
2000e641  HwiP_post                        
2000e5a5  HwiP_restore                     
2000eb8c  HwiP_swiPIntNum                  
UNDEFED   ITM_flush                        
UNDEFED   ITM_restore                      
2000cee1  IntEnable                        
2000e617  IntMasterDisable                 
2000d3d1  IntPendSet                       
2000e4f5  IntVTableBaseSet                 
2000e329  List_put                         
2000e34f  List_remove                      
2000e5e3  NoRTOS_start                     
2000c041  PRCMCC3200MCUInit                
2000e4b5  PRCMHIBRegRead                   
2000e4cb  PRCMHIBRegWrite                  
2000dc4d  PRCMLPDSEnter                    
2000e06d  PRCMLPDSEnterKeepDebugIf         
2000dd69  PRCMLPDSRestoreInfoSet           
2000e2d9  PRCMPeripheralClkDisable         
2000dc95  PRCMPeripheralClkEnable          
2000d8e1  PRCMPeripheralReset              
2000d825  PRCMSysResetCauseGet             
2000d459  PWMTimerCC32XX_close             
2000e635  PWMTimerCC32XX_control           
2000e844  PWMTimerCC32XX_fxnTable          
2000d9e3  PWMTimerCC32XX_init              
2000cac5  PWMTimerCC32XX_open              
2000ce29  PWMTimerCC32XX_setDuty           
2000c751  PWMTimerCC32XX_setDutyAndPeriod  
2000d211  PWMTimerCC32XX_setPeriod         
2000d6f1  PWMTimerCC32XX_start             
2000cca5  PWMTimerCC32XX_stop              
2000e509  PWM_Params_init                  
2000e888  PWM_config                       
2000e91a  PWM_count                        
2000e8a0  PWM_defaultParams                
2000ddad  PWM_init                         
2000df01  PWM_open                         
2000e621  PWM_setDuty                      
2000e62b  PWM_start                        
2000d4e1  PinConfigSet                     
2000e1b5  PinModeGet                       
2000df41  PinModeSet                       
2000e3fd  PinToPadGet                      
2000e800  PowerCC32XX_config               
2000cf89  PowerCC32XX_configureWakeup      
2000eba0  PowerCC32XX_contextSave          
2000ddf1  PowerCC32XX_enterLPDS            
2000e46b  PowerCC32XX_initPolicy           
2000e91c  PowerCC32XX_module               
2000dad5  PowerCC32XX_parkPin              
2000e281  PowerCC32XX_restoreParkedPin     
2000d991  PowerCC32XX_resumeLPDS           
2000d7c1  PowerCC32XX_setParkState         
2000c46d  PowerCC32XX_sleepPolicy          
2000e5b5  Power_enablePolicy               
2000e601  Power_getConstraintMask          
2000e51d  Power_getDependencyCount         
2000e46d  Power_getTransitionLatency       
2000e485  Power_idleFunc                   
2000d569  Power_init                       
2000e301  Power_registerNotify             
2000dcdd  Power_releaseConstraint          
2000d939  Power_releaseDependency          
2000dfbd  Power_setConstraint              
2000d671  Power_setDependency              
2000c891  Power_sleep                      
2000e3bd  Power_unregisterNotify           
2000e5c5  SemaphoreP_Params_init           
2000da35  SemaphoreP_construct             
2000eb80  SemaphoreP_defaultParams         
2000e5ff  SemaphoreP_destruct              
2000d0d5  SemaphoreP_pend                  
2000e419  SwiP_disable                     
2000de35  SwiP_restore                     
2000da85  TimerCC32XX_allocateTimerResource
2000e1e9  TimerCC32XX_freeTimerResource    
2000e63b  UtilsDelay                       
20004000  __STACK_END                      
00001000  __STACK_SIZE                     
00008000  __SYSMEM_SIZE                    
2000ee08  __TI_CINIT_Base                  
2000ee18  __TI_CINIT_Limit                 
2000edf0  __TI_Handler_Table_Base          
2000edfc  __TI_Handler_Table_Limit         
2000de79  __TI_auto_init_nobinit_nopinit   
2000d759  __TI_decompress_lzss             
2000e5f1  __TI_decompress_none             
ffffffff  __TI_pprof_out_hndl              
ffffffff  __TI_prof_data_size              
ffffffff  __TI_prof_data_start             
2000ed40  __TI_static_base__               
2000e435  __TI_zero_init_nomemset          
2000debd  __aeabi_d2uiz                    
2000c9c9  __aeabi_dmul                     
2000e657  __aeabi_idiv0                    
2000e657  __aeabi_ldiv0                    
2000e49d  __aeabi_lmul                     
2000d175  __aeabi_memcpy                   
2000d175  __aeabi_memcpy4                  
2000d175  __aeabi_memcpy8                  
2000e3dd  __aeabi_ui2d                     
2000d2a9  __aeabi_uldivmod                 
ffffffff  __binit__                        
ffffffff  __c_args__                       
UNDEFED   __mpu_init                       
20003000  __stack                          
20004000  __start___llvm_prf_cnts          
20004000  __stop___llvm_prf_cnts           
2000e375  _c_int00_noargs                  
20004040  _sys_memory                      
UNDEFED   _system_post_cinit               
2000e645  _system_pre_init                 
2000e649  abort                            
ffffffff  binit                            
2000e64f  clkFxn                           
2000e0dd  initVectors                      
2000e531  main                             
2000cbb5  mainThread                       
2000d175  memcpy                           
2000ea88  parkInfo                         
2000e908  pwmTimerCC32XXHWAttrs            
2000eccc  pwmTimerCC32XXObjects            
2000e451  resetISR                         
2000e464  resetVectorAddr                  
20004000  resetVectors                     
2000e2b1  sleep                            


GLOBAL SYMBOLS: SORTED BY Symbol Address 

address   name                             
-------   ----                             
00001000  __STACK_SIZE                     
00008000  __SYSMEM_SIZE                    
20003000  __stack                          
20004000  __STACK_END                      
20004000  __start___llvm_prf_cnts          
20004000  __stop___llvm_prf_cnts           
20004000  resetVectors                     
20004040  _sys_memory                      
2000c041  PRCMCC3200MCUInit                
2000c46d  PowerCC32XX_sleepPolicy          
2000c751  PWMTimerCC32XX_setDutyAndPeriod  
2000c891  Power_sleep                      
2000c9c9  __aeabi_dmul                     
2000cac5  PWMTimerCC32XX_open              
2000cbb5  mainThread                       
2000cca5  PWMTimerCC32XX_stop              
2000ce29  PWMTimerCC32XX_setDuty           
2000cee1  IntEnable                        
2000cf89  PowerCC32XX_configureWakeup      
2000d0d5  SemaphoreP_pend                  
2000d175  __aeabi_memcpy                   
2000d175  __aeabi_memcpy4                  
2000d175  __aeabi_memcpy8                  
2000d175  memcpy                           
2000d211  PWMTimerCC32XX_setPeriod         
2000d2a9  __aeabi_uldivmod                 
2000d33f  Board_initHook                   
2000d3d1  IntPendSet                       
2000d459  PWMTimerCC32XX_close             
2000d4e1  PinConfigSet                     
2000d569  Power_init                       
2000d671  Power_setDependency              
2000d6f1  PWMTimerCC32XX_start             
2000d759  __TI_decompress_lzss             
2000d7c1  PowerCC32XX_setParkState         
2000d825  PRCMSysResetCauseGet             
2000d8e1  PRCMPeripheralReset              
2000d939  Power_releaseDependency          
2000d991  PowerCC32XX_resumeLPDS           
2000d9e3  PWMTimerCC32XX_init              
2000d9e5  ClockP_doTick                    
2000d9e5  ClockP_sysTickHandler            
2000da35  SemaphoreP_construct             
2000da85  TimerCC32XX_allocateTimerResource
2000dad5  PowerCC32XX_parkPin              
2000dc05  FlashDisable                     
2000dc4d  PRCMLPDSEnter                    
2000dc95  PRCMPeripheralClkEnable          
2000dcdd  Power_releaseConstraint          
2000dd25  ClockP_stop                      
2000dd69  PRCMLPDSRestoreInfoSet           
2000ddad  PWM_init                         
2000ddf1  PowerCC32XX_enterLPDS            
2000de35  SwiP_restore                     
2000de79  __TI_auto_init_nobinit_nopinit   
2000debd  __aeabi_d2uiz                    
2000df01  PWM_open                         
2000df41  PinModeSet                       
2000df81  ClockP_destruct                  
2000dfbd  Power_setConstraint              
2000e06d  PRCMLPDSEnterKeepDebugIf         
2000e0dd  initVectors                      
2000e14d  ClockP_getTicksUntilInterrupt    
2000e181  ClockP_startup                   
2000e1b5  PinModeGet                       
2000e1e9  TimerCC32XX_freeTimerResource    
2000e251  ClockP_start                     
2000e281  PowerCC32XX_restoreParkedPin     
2000e2b1  ClockP_sleep                     
2000e2b1  sleep                            
2000e2d9  PRCMPeripheralClkDisable         
2000e301  Power_registerNotify             
2000e329  List_put                         
2000e34f  List_remove                      
2000e375  _c_int00_noargs                  
2000e3bd  Power_unregisterNotify           
2000e3dd  __aeabi_ui2d                     
2000e3fd  PinToPadGet                      
2000e419  SwiP_disable                     
2000e435  __TI_zero_init_nomemset          
2000e451  resetISR                         
2000e464  resetVectorAddr                  
2000e46b  PowerCC32XX_initPolicy           
2000e46d  Power_getTransitionLatency       
2000e485  Power_idleFunc                   
2000e49d  __aeabi_lmul                     
2000e4b5  PRCMHIBRegRead                   
2000e4cb  PRCMHIBRegWrite                  
2000e4e1  CPUcpsid                         
2000e4f5  IntVTableBaseSet                 
2000e509  PWM_Params_init                  
2000e51d  Power_getDependencyCount         
2000e531  main                             
2000e555  Board_init                       
2000e565  ClockP_add                       
2000e575  ClockP_getCpuFreq                
2000e585  ClockP_getSystemTicks            
2000e595  ClockP_setTicks                  
2000e5a5  HwiP_restore                     
2000e5b5  Power_enablePolicy               
2000e5c5  SemaphoreP_Params_init           
2000e5d5  HwiP_disable                     
2000e5e3  HwiP_enable                      
2000e5e3  NoRTOS_start                     
2000e5f1  __TI_decompress_none             
2000e5ff  SemaphoreP_destruct              
2000e601  Power_getConstraintMask          
2000e60d  ClockP_isActive                  
2000e617  IntMasterDisable                 
2000e621  PWM_setDuty                      
2000e62b  PWM_start                        
2000e635  PWMTimerCC32XX_control           
2000e63b  UtilsDelay                       
2000e641  HwiP_post                        
2000e645  _system_pre_init                 
2000e649  C$$EXIT                          
2000e649  abort                            
2000e64f  clkFxn                           
2000e657  __aeabi_idiv0                    
2000e657  __aeabi_ldiv0                    
2000e800  PowerCC32XX_config               
2000e844  PWMTimerCC32XX_fxnTable          
2000e888  PWM_config                       
2000e8a0  PWM_defaultParams                
2000e908  pwmTimerCC32XXHWAttrs            
2000e918  CONFIG_PWM_0_CONST               
2000e919  CONFIG_PWM_1_CONST               
2000e91a  PWM_count                        
2000e91c  PowerCC32XX_module               
2000ea88  parkInfo                         
2000eb80  SemaphoreP_defaultParams         
2000eb88  HwiP_key                         
2000eb8c  HwiP_swiPIntNum                  
2000eb90  ClockP_tickPeriod                
2000eba0  PowerCC32XX_contextSave          
2000eccc  pwmTimerCC32XXObjects            
2000ed18  ClockP_ctrl                      
2000ed40  __TI_static_base__               
2000edf0  __TI_Handler_Table_Base          
2000edfc  __TI_Handler_Table_Limit         
2000ee08  __TI_CINIT_Base                  
2000ee18  __TI_CINIT_Limit                 
ffffffff  __TI_pprof_out_hndl              
ffffffff  __TI_prof_data_size              
ffffffff  __TI_prof_data_start             
ffffffff  __binit__                        
ffffffff  __c_args__                       
ffffffff  binit                            
UNDEFED   ITM_flush                        
UNDEFED   ITM_restore                      
UNDEFED   __mpu_init                       
UNDEFED   _system_post_cinit               

[152 symbols]
