<?xml version="1.0" encoding="ISO-8859-1" ?>
<link_info>
   <banner>TI ARM Linker PC v20.2.7.LTS</banner>
   <copyright>Copyright (c) 1996-2018 Texas Instruments Incorporated</copyright>
   <link_time>0x64f547ee</link_time>
   <link_errors>0x0</link_errors>
   <output_file>pwmled2_CC3220S_LAUNCHXL_nortos_ccs.out</output_file>
   <entry_point>
      <name>resetISR</name>
      <address>0x2000e451</address>
   </entry_point>
   <input_file_list>
      <input_file id="fl-2">
         <path>.\</path>
         <kind>object</kind>
         <file>main_nortos.obj</file>
         <name>main_nortos.obj</name>
      </input_file>
      <input_file id="fl-3">
         <path>.\</path>
         <kind>object</kind>
         <file>pwmled2.obj</file>
         <name>pwmled2.obj</name>
      </input_file>
      <input_file id="fl-4">
         <path>.\syscfg\</path>
         <kind>object</kind>
         <file>ti_drivers_config.obj</file>
         <name>ti_drivers_config.obj</name>
      </input_file>
      <input_file id="fl-d">
         <kind>object</kind>
         <file>&lt;internal&gt;</file>
         <name>&lt;internal&gt;</name>
      </input_file>
      <input_file id="fl-e">
         <path>C:\ti\simplelink_cc32xx_sdk_4_30_00_06\source\ti\drivers\lib\ccs\m4\</path>
         <kind>archive</kind>
         <file>drivers_cc32xx.a</file>
         <name>PWM.oem4</name>
      </input_file>
      <input_file id="fl-f">
         <path>C:\ti\simplelink_cc32xx_sdk_4_30_00_06\source\ti\drivers\lib\ccs\m4\</path>
         <kind>archive</kind>
         <file>drivers_cc32xx.a</file>
         <name>PowerCC32XX.oem4</name>
      </input_file>
      <input_file id="fl-10">
         <path>C:\ti\simplelink_cc32xx_sdk_4_30_00_06\source\ti\drivers\lib\ccs\m4\</path>
         <kind>archive</kind>
         <file>drivers_cc32xx.a</file>
         <name>PowerCC32XX_asm.oem4</name>
      </input_file>
      <input_file id="fl-11">
         <path>C:\ti\simplelink_cc32xx_sdk_4_30_00_06\source\ti\drivers\lib\ccs\m4\</path>
         <kind>archive</kind>
         <file>drivers_cc32xx.a</file>
         <name>PWMTimerCC32XX.oem4</name>
      </input_file>
      <input_file id="fl-12">
         <path>C:\ti\simplelink_cc32xx_sdk_4_30_00_06\source\ti\drivers\lib\ccs\m4\</path>
         <kind>archive</kind>
         <file>drivers_cc32xx.a</file>
         <name>TimerCC32XX.oem4</name>
      </input_file>
      <input_file id="fl-13">
         <path>C:\ti\simplelink_cc32xx_sdk_4_30_00_06\source\ti\drivers\lib\ccs\m4\</path>
         <kind>archive</kind>
         <file>drivers_cc32xx.a</file>
         <name>List.oem4</name>
      </input_file>
      <input_file id="fl-14">
         <path>C:\ti\simplelink_cc32xx_sdk_4_30_00_06\kernel\nortos\lib\ccs\m4\</path>
         <kind>archive</kind>
         <file>nortos_cc32xx.a</file>
         <name>posix_sleep.oem4</name>
      </input_file>
      <input_file id="fl-15">
         <path>C:\ti\simplelink_cc32xx_sdk_4_30_00_06\kernel\nortos\lib\ccs\m4\</path>
         <kind>archive</kind>
         <file>nortos_cc32xx.a</file>
         <name>NoRTOS.oem4</name>
      </input_file>
      <input_file id="fl-16">
         <path>C:\ti\simplelink_cc32xx_sdk_4_30_00_06\kernel\nortos\lib\ccs\m4\</path>
         <kind>archive</kind>
         <file>nortos_cc32xx.a</file>
         <name>SemaphoreP_nortos.oem4</name>
      </input_file>
      <input_file id="fl-17">
         <path>C:\ti\simplelink_cc32xx_sdk_4_30_00_06\kernel\nortos\lib\ccs\m4\</path>
         <kind>archive</kind>
         <file>nortos_cc32xx.a</file>
         <name>ClockPSysTick_nortos.oem4</name>
      </input_file>
      <input_file id="fl-18">
         <path>C:\ti\simplelink_cc32xx_sdk_4_30_00_06\kernel\nortos\lib\ccs\m4\</path>
         <kind>archive</kind>
         <file>nortos_cc32xx.a</file>
         <name>HwiPCC32XX_nortos.oem4</name>
      </input_file>
      <input_file id="fl-19">
         <path>C:\ti\simplelink_cc32xx_sdk_4_30_00_06\kernel\nortos\lib\ccs\m4\</path>
         <kind>archive</kind>
         <file>nortos_cc32xx.a</file>
         <name>PowerCC32XX_nortos.oem4</name>
      </input_file>
      <input_file id="fl-1a">
         <path>C:\ti\simplelink_cc32xx_sdk_4_30_00_06\kernel\nortos\lib\ccs\m4\</path>
         <kind>archive</kind>
         <file>nortos_cc32xx.a</file>
         <name>startup_cc32xx_ccs.oem4</name>
      </input_file>
      <input_file id="fl-1b">
         <path>C:\ti\simplelink_cc32xx_sdk_4_30_00_06\kernel\nortos\lib\ccs\m4\</path>
         <kind>archive</kind>
         <file>nortos_cc32xx.a</file>
         <name>SwiP_nortos.oem4</name>
      </input_file>
      <input_file id="fl-1c">
         <path>C:\ti\simplelink_cc32xx_sdk_4_30_00_06\kernel\nortos\lib\ccs\m4\</path>
         <kind>archive</kind>
         <file>nortos_cc32xx.a</file>
         <name>QueueP_nortos.oem4</name>
      </input_file>
      <input_file id="fl-1d">
         <path>C:\ti\simplelink_cc32xx_sdk_4_30_00_06\source\ti\devices\cc32xx\driverlib\ccs\Release\</path>
         <kind>archive</kind>
         <file>driverlib.a</file>
         <name>cpu.obj</name>
      </input_file>
      <input_file id="fl-1e">
         <path>C:\ti\simplelink_cc32xx_sdk_4_30_00_06\source\ti\devices\cc32xx\driverlib\ccs\Release\</path>
         <kind>archive</kind>
         <file>driverlib.a</file>
         <name>interrupt.obj</name>
      </input_file>
      <input_file id="fl-1f">
         <path>C:\ti\simplelink_cc32xx_sdk_4_30_00_06\source\ti\devices\cc32xx\driverlib\ccs\Release\</path>
         <kind>archive</kind>
         <file>driverlib.a</file>
         <name>pin.obj</name>
      </input_file>
      <input_file id="fl-20">
         <path>C:\ti\simplelink_cc32xx_sdk_4_30_00_06\source\ti\devices\cc32xx\driverlib\ccs\Release\</path>
         <kind>archive</kind>
         <file>driverlib.a</file>
         <name>prcm.obj</name>
      </input_file>
      <input_file id="fl-21">
         <path>C:\ti\simplelink_cc32xx_sdk_4_30_00_06\source\ti\devices\cc32xx\driverlib\ccs\Release\</path>
         <kind>archive</kind>
         <file>driverlib.a</file>
         <name>timer.obj</name>
      </input_file>
      <input_file id="fl-22">
         <path>C:\ti\simplelink_cc32xx_sdk_4_30_00_06\source\ti\devices\cc32xx\driverlib\ccs\Release\</path>
         <kind>archive</kind>
         <file>driverlib.a</file>
         <name>utils.obj</name>
      </input_file>
      <input_file id="fl-23">
         <path>C:\ti\simplelink_cc32xx_sdk_4_30_00_06\source\ti\devices\cc32xx\driverlib\ccs\Release\</path>
         <kind>archive</kind>
         <file>driverlib.a</file>
         <name>flash.obj</name>
      </input_file>
      <input_file id="fl-d9">
         <path>C:\ti\ccs1230\ccs\tools\compiler\ti-cgt-arm_20.2.7.LTS\lib\</path>
         <kind>archive</kind>
         <file>rtsv7M4_T_le_eabi.lib</file>
         <name>fd_mul_t2.asm.obj</name>
      </input_file>
      <input_file id="fl-da">
         <path>C:\ti\ccs1230\ccs\tools\compiler\ti-cgt-arm_20.2.7.LTS\lib\</path>
         <kind>archive</kind>
         <file>rtsv7M4_T_le_eabi.lib</file>
         <name>fd_tou_t2.asm.obj</name>
      </input_file>
      <input_file id="fl-db">
         <path>C:\ti\ccs1230\ccs\tools\compiler\ti-cgt-arm_20.2.7.LTS\lib\</path>
         <kind>archive</kind>
         <file>rtsv7M4_T_le_eabi.lib</file>
         <name>ll_mul_t2.asm.obj</name>
      </input_file>
      <input_file id="fl-dc">
         <path>C:\ti\ccs1230\ccs\tools\compiler\ti-cgt-arm_20.2.7.LTS\lib\</path>
         <kind>archive</kind>
         <file>rtsv7M4_T_le_eabi.lib</file>
         <name>memcpy_t2.asm.obj</name>
      </input_file>
      <input_file id="fl-dd">
         <path>C:\ti\ccs1230\ccs\tools\compiler\ti-cgt-arm_20.2.7.LTS\lib\</path>
         <kind>archive</kind>
         <file>rtsv7M4_T_le_eabi.lib</file>
         <name>u_tofd_t2.asm.obj</name>
      </input_file>
      <input_file id="fl-de">
         <path>C:\ti\ccs1230\ccs\tools\compiler\ti-cgt-arm_20.2.7.LTS\lib\</path>
         <kind>archive</kind>
         <file>rtsv7M4_T_le_eabi.lib</file>
         <name>ull_div_t2.asm.obj</name>
      </input_file>
      <input_file id="fl-df">
         <path>C:\ti\ccs1230\ccs\tools\compiler\ti-cgt-arm_20.2.7.LTS\lib\</path>
         <kind>archive</kind>
         <file>rtsv7M4_T_le_eabi.lib</file>
         <name>copy_zero_init.c.obj</name>
      </input_file>
      <input_file id="fl-e0">
         <path>C:\ti\ccs1230\ccs\tools\compiler\ti-cgt-arm_20.2.7.LTS\lib\</path>
         <kind>archive</kind>
         <file>rtsv7M4_T_le_eabi.lib</file>
         <name>copy_decompress_none.c.obj</name>
      </input_file>
      <input_file id="fl-e1">
         <path>C:\ti\ccs1230\ccs\tools\compiler\ti-cgt-arm_20.2.7.LTS\lib\</path>
         <kind>archive</kind>
         <file>rtsv7M4_T_le_eabi.lib</file>
         <name>copy_decompress_lzss.c.obj</name>
      </input_file>
      <input_file id="fl-e2">
         <path>C:\ti\ccs1230\ccs\tools\compiler\ti-cgt-arm_20.2.7.LTS\lib\</path>
         <kind>archive</kind>
         <file>rtsv7M4_T_le_eabi.lib</file>
         <name>memory.c.obj</name>
      </input_file>
      <input_file id="fl-e3">
         <path>C:\ti\ccs1230\ccs\tools\compiler\ti-cgt-arm_20.2.7.LTS\lib\</path>
         <kind>archive</kind>
         <file>rtsv7M4_T_le_eabi.lib</file>
         <name>boot_cortex_m.c.obj</name>
      </input_file>
      <input_file id="fl-e4">
         <path>C:\ti\ccs1230\ccs\tools\compiler\ti-cgt-arm_20.2.7.LTS\lib\</path>
         <kind>archive</kind>
         <file>rtsv7M4_T_le_eabi.lib</file>
         <name>div0.asm.obj</name>
      </input_file>
      <input_file id="fl-e5">
         <path>C:\ti\ccs1230\ccs\tools\compiler\ti-cgt-arm_20.2.7.LTS\lib\</path>
         <kind>archive</kind>
         <file>rtsv7M4_T_le_eabi.lib</file>
         <name>memset_t2.asm.obj</name>
      </input_file>
      <input_file id="fl-e6">
         <path>C:\ti\ccs1230\ccs\tools\compiler\ti-cgt-arm_20.2.7.LTS\lib\</path>
         <kind>archive</kind>
         <file>rtsv7M4_T_le_eabi.lib</file>
         <name>autoinit.c.obj</name>
      </input_file>
      <input_file id="fl-e7">
         <path>C:\ti\ccs1230\ccs\tools\compiler\ti-cgt-arm_20.2.7.LTS\lib\</path>
         <kind>archive</kind>
         <file>rtsv7M4_T_le_eabi.lib</file>
         <name>pre_init.c.obj</name>
      </input_file>
      <input_file id="fl-e8">
         <path>C:\ti\ccs1230\ccs\tools\compiler\ti-cgt-arm_20.2.7.LTS\lib\</path>
         <kind>archive</kind>
         <file>rtsv7M4_T_le_eabi.lib</file>
         <name>cpy_tbl.c.obj</name>
      </input_file>
      <input_file id="fl-e9">
         <path>C:\ti\ccs1230\ccs\tools\compiler\ti-cgt-arm_20.2.7.LTS\lib\</path>
         <kind>archive</kind>
         <file>rtsv7M4_T_le_eabi.lib</file>
         <name>exit.c.obj</name>
      </input_file>
      <input_file id="fl-ea">
         <path>C:\ti\ccs1230\ccs\tools\compiler\ti-cgt-arm_20.2.7.LTS\lib\</path>
         <kind>archive</kind>
         <file>rtsv7M4_T_le_eabi.lib</file>
         <name>_lock.c.obj</name>
      </input_file>
      <input_file id="fl-eb">
         <path>C:\ti\ccs1230\ccs\tools\compiler\ti-cgt-arm_20.2.7.LTS\lib\</path>
         <kind>archive</kind>
         <file>rtsv7M4_T_le_eabi.lib</file>
         <name>args_main.c.obj</name>
      </input_file>
   </input_file_list>
   <object_component_list>
      <object_component id="oc-1a9">
         <name>.text:PRCMCC3200MCUInit</name>
         <load_address>0x2000c040</load_address>
         <run_address>0x2000c040</run_address>
         <size>0x42c</size>
         <input_file_ref idref="fl-20"/>
      </object_component>
      <object_component id="oc-2f7">
         <name>.text:PowerCC32XX_sleepPolicy</name>
         <load_address>0x2000c46c</load_address>
         <run_address>0x2000c46c</run_address>
         <size>0x19c</size>
         <input_file_ref idref="fl-19"/>
      </object_component>
      <object_component id="oc-435">
         <name>.text:parkPins</name>
         <load_address>0x2000c608</load_address>
         <run_address>0x2000c608</run_address>
         <size>0x148</size>
         <input_file_ref idref="fl-f"/>
      </object_component>
      <object_component id="oc-3d2">
         <name>.text:PWMTimerCC32XX_setDutyAndPeriod</name>
         <load_address>0x2000c750</load_address>
         <run_address>0x2000c750</run_address>
         <size>0x140</size>
         <input_file_ref idref="fl-11"/>
      </object_component>
      <object_component id="oc-388">
         <name>.text:Power_sleep</name>
         <load_address>0x2000c890</load_address>
         <run_address>0x2000c890</run_address>
         <size>0x138</size>
         <input_file_ref idref="fl-f"/>
      </object_component>
      <object_component id="oc-1da">
         <name>.text</name>
         <load_address>0x2000c9c8</load_address>
         <run_address>0x2000c9c8</run_address>
         <size>0xfc</size>
         <input_file_ref idref="fl-d9"/>
      </object_component>
      <object_component id="oc-3c0">
         <name>.text:PWMTimerCC32XX_open</name>
         <load_address>0x2000cac4</load_address>
         <run_address>0x2000cac4</run_address>
         <size>0xf0</size>
         <input_file_ref idref="fl-11"/>
      </object_component>
      <object_component id="oc-15e">
         <name>.text:mainThread</name>
         <load_address>0x2000cbb4</load_address>
         <run_address>0x2000cbb4</run_address>
         <size>0xf0</size>
         <input_file_ref idref="fl-3"/>
      </object_component>
      <object_component id="oc-3de">
         <name>.text:PWMTimerCC32XX_stop</name>
         <load_address>0x2000cca4</load_address>
         <run_address>0x2000cca4</run_address>
         <size>0xc4</size>
         <input_file_ref idref="fl-11"/>
      </object_component>
      <object_component id="oc-452">
         <name>.text:restoreParkedPins</name>
         <load_address>0x2000cd68</load_address>
         <run_address>0x2000cd68</run_address>
         <size>0xc0</size>
         <input_file_ref idref="fl-f"/>
      </object_component>
      <object_component id="oc-3c6">
         <name>.text:PWMTimerCC32XX_setDuty</name>
         <load_address>0x2000ce28</load_address>
         <run_address>0x2000ce28</run_address>
         <size>0xb8</size>
         <input_file_ref idref="fl-11"/>
      </object_component>
      <object_component id="oc-b5">
         <name>.text:IntEnable</name>
         <load_address>0x2000cee0</load_address>
         <run_address>0x2000cee0</run_address>
         <size>0xa8</size>
         <input_file_ref idref="fl-1e"/>
      </object_component>
      <object_component id="oc-270">
         <name>.text:PowerCC32XX_configureWakeup</name>
         <load_address>0x2000cf88</load_address>
         <run_address>0x2000cf88</run_address>
         <size>0xa8</size>
         <input_file_ref idref="fl-f"/>
      </object_component>
      <object_component id="oc-4ab">
         <name>.text:initHw</name>
         <load_address>0x2000d030</load_address>
         <run_address>0x2000d030</run_address>
         <size>0xa4</size>
         <input_file_ref idref="fl-11"/>
      </object_component>
      <object_component id="oc-32a">
         <name>.text:SemaphoreP_pend</name>
         <load_address>0x2000d0d4</load_address>
         <run_address>0x2000d0d4</run_address>
         <size>0xa0</size>
         <input_file_ref idref="fl-16"/>
      </object_component>
      <object_component id="oc-3b">
         <name>.text</name>
         <load_address>0x2000d174</load_address>
         <run_address>0x2000d174</run_address>
         <size>0x9c</size>
         <input_file_ref idref="fl-dc"/>
      </object_component>
      <object_component id="oc-3cc">
         <name>.text:PWMTimerCC32XX_setPeriod</name>
         <load_address>0x2000d210</load_address>
         <run_address>0x2000d210</run_address>
         <size>0x98</size>
         <input_file_ref idref="fl-11"/>
      </object_component>
      <object_component id="oc-29e">
         <name>.text</name>
         <load_address>0x2000d2a8</load_address>
         <run_address>0x2000d2a8</run_address>
         <size>0x96</size>
         <input_file_ref idref="fl-de"/>
      </object_component>
      <object_component id="oc-1b5">
         <name>.text:Board_initHook</name>
         <load_address>0x2000d33e</load_address>
         <run_address>0x2000d33e</run_address>
         <size>0x2</size>
         <input_file_ref idref="fl-4"/>
      </object_component>
      <object_component id="oc-446">
         <name>.text:restoreNVICRegs</name>
         <load_address>0x2000d340</load_address>
         <run_address>0x2000d340</run_address>
         <size>0x90</size>
         <input_file_ref idref="fl-f"/>
      </object_component>
      <object_component id="oc-535">
         <name>.text:IntPendSet</name>
         <load_address>0x2000d3d0</load_address>
         <run_address>0x2000d3d0</run_address>
         <size>0x88</size>
         <input_file_ref idref="fl-1e"/>
      </object_component>
      <object_component id="oc-3ae">
         <name>.text:PWMTimerCC32XX_close</name>
         <load_address>0x2000d458</load_address>
         <run_address>0x2000d458</run_address>
         <size>0x88</size>
         <input_file_ref idref="fl-11"/>
      </object_component>
      <object_component id="oc-57b">
         <name>.text:PinConfigSet</name>
         <load_address>0x2000d4e0</load_address>
         <run_address>0x2000d4e0</run_address>
         <size>0x88</size>
         <input_file_ref idref="fl-1f"/>
      </object_component>
      <object_component id="oc-1af">
         <name>.text:Power_init</name>
         <load_address>0x2000d568</load_address>
         <run_address>0x2000d568</run_address>
         <size>0x84</size>
         <input_file_ref idref="fl-f"/>
      </object_component>
      <object_component id="oc-43b">
         <name>.text:saveNVICRegs</name>
         <load_address>0x2000d5ec</load_address>
         <run_address>0x2000d5ec</run_address>
         <size>0x84</size>
         <input_file_ref idref="fl-f"/>
      </object_component>
      <object_component id="oc-49f">
         <name>.text:Power_setDependency</name>
         <load_address>0x2000d670</load_address>
         <run_address>0x2000d670</run_address>
         <size>0x80</size>
         <input_file_ref idref="fl-f"/>
      </object_component>
      <object_component id="oc-3d8">
         <name>.text:PWMTimerCC32XX_start</name>
         <load_address>0x2000d6f0</load_address>
         <run_address>0x2000d6f0</run_address>
         <size>0x68</size>
         <input_file_ref idref="fl-11"/>
      </object_component>
      <object_component id="oc-14">
         <name>.text:decompress:lzss:__TI_decompress_lzss</name>
         <load_address>0x2000d758</load_address>
         <run_address>0x2000d758</run_address>
         <size>0x68</size>
         <input_file_ref idref="fl-e1"/>
      </object_component>
      <object_component id="oc-4b1">
         <name>.text:PowerCC32XX_setParkState</name>
         <load_address>0x2000d7c0</load_address>
         <run_address>0x2000d7c0</run_address>
         <size>0x64</size>
         <input_file_ref idref="fl-f"/>
      </object_component>
      <object_component id="oc-23e">
         <name>.text:PRCMSysResetCauseGet</name>
         <load_address>0x2000d824</load_address>
         <run_address>0x2000d824</run_address>
         <size>0x60</size>
         <input_file_ref idref="fl-20"/>
      </object_component>
      <object_component id="oc-31a">
         <name>.text:sysTickInit</name>
         <load_address>0x2000d884</load_address>
         <run_address>0x2000d884</run_address>
         <size>0x5c</size>
         <input_file_ref idref="fl-17"/>
      </object_component>
      <object_component id="oc-257">
         <name>.text:PRCMPeripheralReset</name>
         <load_address>0x2000d8e0</load_address>
         <run_address>0x2000d8e0</run_address>
         <size>0x58</size>
         <input_file_ref idref="fl-20"/>
      </object_component>
      <object_component id="oc-47e">
         <name>.text:Power_releaseDependency</name>
         <load_address>0x2000d938</load_address>
         <run_address>0x2000d938</run_address>
         <size>0x58</size>
         <input_file_ref idref="fl-f"/>
      </object_component>
      <object_component id="oc-512">
         <name>.text:PowerCC32XX_resumeLPDS</name>
         <load_address>0x2000d990</load_address>
         <run_address>0x2000d990</run_address>
         <size>0x52</size>
         <input_file_ref idref="fl-10"/>
      </object_component>
      <object_component id="oc-3ba">
         <name>.text:PWMTimerCC32XX_init</name>
         <load_address>0x2000d9e2</load_address>
         <run_address>0x2000d9e2</run_address>
         <size>0x2</size>
         <input_file_ref idref="fl-11"/>
      </object_component>
      <object_component id="oc-79">
         <name>.text:ClockP_sysTickHandler</name>
         <load_address>0x2000d9e4</load_address>
         <run_address>0x2000d9e4</run_address>
         <size>0x50</size>
         <input_file_ref idref="fl-17"/>
      </object_component>
      <object_component id="oc-324">
         <name>.text:SemaphoreP_construct</name>
         <load_address>0x2000da34</load_address>
         <run_address>0x2000da34</run_address>
         <size>0x50</size>
         <input_file_ref idref="fl-16"/>
      </object_component>
      <object_component id="oc-499">
         <name>.text:TimerCC32XX_allocateTimerResource</name>
         <load_address>0x2000da84</load_address>
         <run_address>0x2000da84</run_address>
         <size>0x50</size>
         <input_file_ref idref="fl-12"/>
      </object_component>
      <object_component id="oc-509">
         <name>.text:PowerCC32XX_parkPin</name>
         <load_address>0x2000dad4</load_address>
         <run_address>0x2000dad4</run_address>
         <size>0x4c</size>
         <input_file_ref idref="fl-f"/>
      </object_component>
      <object_component id="oc-4be">
         <name>.text:getDutyCounts</name>
         <load_address>0x2000db20</load_address>
         <run_address>0x2000db20</run_address>
         <size>0x4c</size>
         <input_file_ref idref="fl-11"/>
      </object_component>
      <object_component id="oc-4c8">
         <name>.text:getPeriodCounts</name>
         <load_address>0x2000db6c</load_address>
         <run_address>0x2000db6c</run_address>
         <size>0x4c</size>
         <input_file_ref idref="fl-11"/>
      </object_component>
      <object_component id="oc-44c">
         <name>.text:restorePeriphClocks</name>
         <load_address>0x2000dbb8</load_address>
         <run_address>0x2000dbb8</run_address>
         <size>0x4c</size>
         <input_file_ref idref="fl-f"/>
      </object_component>
      <object_component id="oc-52d">
         <name>.text:FlashDisable</name>
         <load_address>0x2000dc04</load_address>
         <run_address>0x2000dc04</run_address>
         <size>0x48</size>
         <input_file_ref idref="fl-23"/>
      </object_component>
      <object_component id="oc-458">
         <name>.text:PRCMLPDSEnter</name>
         <load_address>0x2000dc4c</load_address>
         <run_address>0x2000dc4c</run_address>
         <size>0x48</size>
         <input_file_ref idref="fl-20"/>
      </object_component>
      <object_component id="oc-251">
         <name>.text:PRCMPeripheralClkEnable</name>
         <load_address>0x2000dc94</load_address>
         <run_address>0x2000dc94</run_address>
         <size>0x48</size>
         <input_file_ref idref="fl-20"/>
      </object_component>
      <object_component id="oc-4d7">
         <name>.text:Power_releaseConstraint</name>
         <load_address>0x2000dcdc</load_address>
         <run_address>0x2000dcdc</run_address>
         <size>0x48</size>
         <input_file_ref idref="fl-f"/>
      </object_component>
      <object_component id="oc-4ef">
         <name>.text:ClockP_stop</name>
         <load_address>0x2000dd24</load_address>
         <run_address>0x2000dd24</run_address>
         <size>0x44</size>
         <input_file_ref idref="fl-17"/>
      </object_component>
      <object_component id="oc-517">
         <name>.text:PRCMLPDSRestoreInfoSet</name>
         <load_address>0x2000dd68</load_address>
         <run_address>0x2000dd68</run_address>
         <size>0x44</size>
         <input_file_ref idref="fl-20"/>
      </object_component>
      <object_component id="oc-1bd">
         <name>.text:PWM_init</name>
         <load_address>0x2000ddac</load_address>
         <run_address>0x2000ddac</run_address>
         <size>0x44</size>
         <input_file_ref idref="fl-e"/>
      </object_component>
      <object_component id="oc-441">
         <name>.text:PowerCC32XX_enterLPDS</name>
         <load_address>0x2000ddf0</load_address>
         <run_address>0x2000ddf0</run_address>
         <size>0x44</size>
         <input_file_ref idref="fl-10"/>
      </object_component>
      <object_component id="oc-399">
         <name>.text:SwiP_restore</name>
         <load_address>0x2000de34</load_address>
         <run_address>0x2000de34</run_address>
         <size>0x44</size>
         <input_file_ref idref="fl-1b"/>
      </object_component>
      <object_component id="oc-171">
         <name>.text:__TI_auto_init_nobinit_nopinit:__TI_auto_init_nobinit_nopinit</name>
         <load_address>0x2000de78</load_address>
         <run_address>0x2000de78</run_address>
         <size>0x44</size>
         <input_file_ref idref="fl-e6"/>
      </object_component>
      <object_component id="oc-1df">
         <name>.text</name>
         <load_address>0x2000debc</load_address>
         <run_address>0x2000debc</run_address>
         <size>0x44</size>
         <input_file_ref idref="fl-da"/>
      </object_component>
      <object_component id="oc-1c9">
         <name>.text:PWM_open</name>
         <load_address>0x2000df00</load_address>
         <run_address>0x2000df00</run_address>
         <size>0x40</size>
         <input_file_ref idref="fl-e"/>
      </object_component>
      <object_component id="oc-269">
         <name>.text:PinModeSet</name>
         <load_address>0x2000df40</load_address>
         <run_address>0x2000df40</run_address>
         <size>0x40</size>
         <input_file_ref idref="fl-1f"/>
      </object_component>
      <object_component id="oc-40f">
         <name>.text:ClockP_destruct</name>
         <load_address>0x2000df80</load_address>
         <run_address>0x2000df80</run_address>
         <size>0x3c</size>
         <input_file_ref idref="fl-17"/>
      </object_component>
      <object_component id="oc-4d0">
         <name>.text:Power_setConstraint</name>
         <load_address>0x2000dfbc</load_address>
         <run_address>0x2000dfbc</run_address>
         <size>0x3c</size>
         <input_file_ref idref="fl-f"/>
      </object_component>
      <object_component id="oc-382">
         <name>.text:getCountsRTC</name>
         <load_address>0x2000dff8</load_address>
         <run_address>0x2000dff8</run_address>
         <size>0x3a</size>
         <input_file_ref idref="fl-19"/>
      </object_component>
      <object_component id="oc-478">
         <name>.text:getPowerMgrId</name>
         <load_address>0x2000e032</load_address>
         <run_address>0x2000e032</run_address>
         <size>0x3a</size>
         <input_file_ref idref="fl-11"/>
      </object_component>
      <object_component id="oc-45e">
         <name>.text:PRCMLPDSEnterKeepDebugIf</name>
         <load_address>0x2000e06c</load_address>
         <run_address>0x2000e06c</run_address>
         <size>0x38</size>
         <input_file_ref idref="fl-20"/>
      </object_component>
      <object_component id="oc-db">
         <name>.text:addToList</name>
         <load_address>0x2000e0a4</load_address>
         <run_address>0x2000e0a4</run_address>
         <size>0x38</size>
         <input_file_ref idref="fl-17"/>
      </object_component>
      <object_component id="oc-59">
         <name>.text:initVectors</name>
         <load_address>0x2000e0dc</load_address>
         <run_address>0x2000e0dc</run_address>
         <size>0x38</size>
         <input_file_ref idref="fl-1a"/>
      </object_component>
      <object_component id="oc-42f">
         <name>.text:notify</name>
         <load_address>0x2000e114</load_address>
         <run_address>0x2000e114</run_address>
         <size>0x38</size>
         <input_file_ref idref="fl-f"/>
      </object_component>
      <object_component id="oc-370">
         <name>.text:ClockP_getTicksUntilInterrupt</name>
         <load_address>0x2000e14c</load_address>
         <run_address>0x2000e14c</run_address>
         <size>0x34</size>
         <input_file_ref idref="fl-17"/>
      </object_component>
      <object_component id="oc-2a3">
         <name>.text:ClockP_startup</name>
         <load_address>0x2000e180</load_address>
         <run_address>0x2000e180</run_address>
         <size>0x34</size>
         <input_file_ref idref="fl-17"/>
      </object_component>
      <object_component id="oc-263">
         <name>.text:PinModeGet</name>
         <load_address>0x2000e1b4</load_address>
         <run_address>0x2000e1b4</run_address>
         <size>0x34</size>
         <input_file_ref idref="fl-1f"/>
      </object_component>
      <object_component id="oc-472">
         <name>.text:TimerCC32XX_freeTimerResource</name>
         <load_address>0x2000e1e8</load_address>
         <run_address>0x2000e1e8</run_address>
         <size>0x34</size>
         <input_file_ref idref="fl-12"/>
      </object_component>
      <object_component id="oc-545">
         <name>.text:getPowerMgrId</name>
         <load_address>0x2000e21c</load_address>
         <run_address>0x2000e21c</run_address>
         <size>0x34</size>
         <input_file_ref idref="fl-12"/>
      </object_component>
      <object_component id="oc-3fd">
         <name>.text:ClockP_start</name>
         <load_address>0x2000e250</load_address>
         <run_address>0x2000e250</run_address>
         <size>0x30</size>
         <input_file_ref idref="fl-17"/>
      </object_component>
      <object_component id="oc-526">
         <name>.text:PowerCC32XX_restoreParkedPin</name>
         <load_address>0x2000e280</load_address>
         <run_address>0x2000e280</run_address>
         <size>0x30</size>
         <input_file_ref idref="fl-f"/>
      </object_component>
      <object_component id="oc-1ea">
         <name>.text:ClockP_sleep</name>
         <load_address>0x2000e2b0</load_address>
         <run_address>0x2000e2b0</run_address>
         <size>0x28</size>
         <input_file_ref idref="fl-17"/>
      </object_component>
      <object_component id="oc-25d">
         <name>.text:PRCMPeripheralClkDisable</name>
         <load_address>0x2000e2d8</load_address>
         <run_address>0x2000e2d8</run_address>
         <size>0x28</size>
         <input_file_ref idref="fl-20"/>
      </object_component>
      <object_component id="oc-4a5">
         <name>.text:Power_registerNotify</name>
         <load_address>0x2000e300</load_address>
         <run_address>0x2000e300</run_address>
         <size>0x28</size>
         <input_file_ref idref="fl-f"/>
      </object_component>
      <object_component id="oc-560">
         <name>.text:List_put</name>
         <load_address>0x2000e328</load_address>
         <run_address>0x2000e328</run_address>
         <size>0x26</size>
         <input_file_ref idref="fl-13"/>
      </object_component>
      <object_component id="oc-552">
         <name>.text:List_remove</name>
         <load_address>0x2000e34e</load_address>
         <run_address>0x2000e34e</run_address>
         <size>0x26</size>
         <input_file_ref idref="fl-13"/>
      </object_component>
      <object_component id="oc-c5">
         <name>.text:_c_int00_noargs:_c_int00_noargs</name>
         <load_address>0x2000e374</load_address>
         <run_address>0x2000e374</run_address>
         <size>0x24</size>
         <input_file_ref idref="fl-e3"/>
      </object_component>
      <object_component id="oc-2a9">
         <name>.text:sleepTicks</name>
         <load_address>0x2000e398</load_address>
         <run_address>0x2000e398</run_address>
         <size>0x24</size>
         <input_file_ref idref="fl-17"/>
      </object_component>
      <object_component id="oc-484">
         <name>.text:Power_unregisterNotify</name>
         <load_address>0x2000e3bc</load_address>
         <run_address>0x2000e3bc</run_address>
         <size>0x20</size>
         <input_file_ref idref="fl-f"/>
      </object_component>
      <object_component id="oc-1d5">
         <name>.text</name>
         <load_address>0x2000e3dc</load_address>
         <run_address>0x2000e3dc</run_address>
         <size>0x20</size>
         <input_file_ref idref="fl-dd"/>
      </object_component>
      <object_component id="oc-48a">
         <name>.text:PinToPadGet</name>
         <load_address>0x2000e3fc</load_address>
         <run_address>0x2000e3fc</run_address>
         <size>0x1c</size>
         <input_file_ref idref="fl-1f"/>
      </object_component>
      <object_component id="oc-364">
         <name>.text:SwiP_disable</name>
         <load_address>0x2000e418</load_address>
         <run_address>0x2000e418</run_address>
         <size>0x1c</size>
         <input_file_ref idref="fl-1b"/>
      </object_component>
      <object_component id="oc-47">
         <name>.text:decompress:ZI:__TI_zero_init_nomemset:__TI_zero_init_nomemset</name>
         <load_address>0x2000e434</load_address>
         <run_address>0x2000e434</run_address>
         <size>0x1c</size>
         <input_file_ref idref="fl-df"/>
      </object_component>
      <object_component id="oc-21">
         <name>.text:resetISR</name>
         <load_address>0x2000e450</load_address>
         <run_address>0x2000e450</run_address>
         <size>0x1a</size>
         <input_file_ref idref="fl-1a"/>
      </object_component>
      <object_component id="oc-2f1">
         <name>.text:PowerCC32XX_initPolicy</name>
         <load_address>0x2000e46a</load_address>
         <run_address>0x2000e46a</run_address>
         <size>0x2</size>
         <input_file_ref idref="fl-19"/>
      </object_component>
      <object_component id="oc-376">
         <name>.text:Power_getTransitionLatency</name>
         <load_address>0x2000e46c</load_address>
         <run_address>0x2000e46c</run_address>
         <size>0x18</size>
         <input_file_ref idref="fl-f"/>
      </object_component>
      <object_component id="oc-572">
         <name>.text:Power_idleFunc</name>
         <load_address>0x2000e484</load_address>
         <run_address>0x2000e484</run_address>
         <size>0x18</size>
         <input_file_ref idref="fl-f"/>
      </object_component>
      <object_component id="oc-38e">
         <name>.text</name>
         <load_address>0x2000e49c</load_address>
         <run_address>0x2000e49c</run_address>
         <size>0x18</size>
         <input_file_ref idref="fl-db"/>
      </object_component>
      <object_component id="oc-24b">
         <name>.text:PRCMHIBRegRead</name>
         <load_address>0x2000e4b4</load_address>
         <run_address>0x2000e4b4</run_address>
         <size>0x16</size>
         <input_file_ref idref="fl-20"/>
      </object_component>
      <object_component id="oc-245">
         <name>.text:PRCMHIBRegWrite</name>
         <load_address>0x2000e4ca</load_address>
         <run_address>0x2000e4ca</run_address>
         <size>0x16</size>
         <input_file_ref idref="fl-20"/>
      </object_component>
      <object_component id="oc-a3">
         <name>.text:CPUcpsid</name>
         <load_address>0x2000e4e0</load_address>
         <run_address>0x2000e4e0</run_address>
         <size>0x14</size>
         <input_file_ref idref="fl-1d"/>
      </object_component>
      <object_component id="oc-af">
         <name>.text:IntVTableBaseSet</name>
         <load_address>0x2000e4f4</load_address>
         <run_address>0x2000e4f4</run_address>
         <size>0x14</size>
         <input_file_ref idref="fl-1e"/>
      </object_component>
      <object_component id="oc-1c3">
         <name>.text:PWM_Params_init</name>
         <load_address>0x2000e508</load_address>
         <run_address>0x2000e508</run_address>
         <size>0x14</size>
         <input_file_ref idref="fl-e"/>
      </object_component>
      <object_component id="oc-51f">
         <name>.text:Power_getDependencyCount</name>
         <load_address>0x2000e51c</load_address>
         <run_address>0x2000e51c</run_address>
         <size>0x14</size>
         <input_file_ref idref="fl-f"/>
      </object_component>
      <object_component id="oc-11a">
         <name>.text:main</name>
         <load_address>0x2000e530</load_address>
         <run_address>0x2000e530</run_address>
         <size>0x12</size>
         <input_file_ref idref="fl-2"/>
      </object_component>
      <object_component id="oc-4b7">
         <name>.text:postNotifyFxn</name>
         <load_address>0x2000e542</load_address>
         <run_address>0x2000e542</run_address>
         <size>0x12</size>
         <input_file_ref idref="fl-11"/>
      </object_component>
      <object_component id="oc-152">
         <name>.text:Board_init</name>
         <load_address>0x2000e554</load_address>
         <run_address>0x2000e554</run_address>
         <size>0x10</size>
         <input_file_ref idref="fl-4"/>
      </object_component>
      <object_component id="oc-3f7">
         <name>.text:ClockP_add</name>
         <load_address>0x2000e564</load_address>
         <run_address>0x2000e564</run_address>
         <size>0x10</size>
         <input_file_ref idref="fl-17"/>
      </object_component>
      <object_component id="oc-35e">
         <name>.text:ClockP_getCpuFreq</name>
         <load_address>0x2000e574</load_address>
         <run_address>0x2000e574</run_address>
         <size>0x10</size>
         <input_file_ref idref="fl-17"/>
      </object_component>
      <object_component id="oc-37c">
         <name>.text:ClockP_getSystemTicks</name>
         <load_address>0x2000e584</load_address>
         <run_address>0x2000e584</run_address>
         <size>0x10</size>
         <input_file_ref idref="fl-17"/>
      </object_component>
      <object_component id="oc-393">
         <name>.text:ClockP_setTicks</name>
         <load_address>0x2000e594</load_address>
         <run_address>0x2000e594</run_address>
         <size>0x10</size>
         <input_file_ref idref="fl-17"/>
      </object_component>
      <object_component id="oc-284">
         <name>.text:HwiP_restore</name>
         <load_address>0x2000e5a4</load_address>
         <run_address>0x2000e5a4</run_address>
         <size>0x10</size>
         <input_file_ref idref="fl-18"/>
      </object_component>
      <object_component id="oc-403">
         <name>.text:Power_enablePolicy</name>
         <load_address>0x2000e5b4</load_address>
         <run_address>0x2000e5b4</run_address>
         <size>0x10</size>
         <input_file_ref idref="fl-f"/>
      </object_component>
      <object_component id="oc-3ec">
         <name>.text:SemaphoreP_Params_init</name>
         <load_address>0x2000e5c4</load_address>
         <run_address>0x2000e5c4</run_address>
         <size>0x10</size>
         <input_file_ref idref="fl-16"/>
      </object_component>
      <object_component id="oc-27e">
         <name>.text:HwiP_disable</name>
         <load_address>0x2000e5d4</load_address>
         <run_address>0x2000e5d4</run_address>
         <size>0xe</size>
         <input_file_ref idref="fl-18"/>
      </object_component>
      <object_component id="oc-158">
         <name>.text:HwiP_enable</name>
         <load_address>0x2000e5e2</load_address>
         <run_address>0x2000e5e2</run_address>
         <size>0xe</size>
         <input_file_ref idref="fl-18"/>
      </object_component>
      <object_component id="oc-1a">
         <name>.text:decompress:none:__TI_decompress_none</name>
         <load_address>0x2000e5f0</load_address>
         <run_address>0x2000e5f0</run_address>
         <size>0xe</size>
         <input_file_ref idref="fl-e0"/>
      </object_component>
      <object_component id="oc-330">
         <name>.text:SemaphoreP_destruct</name>
         <load_address>0x2000e5fe</load_address>
         <run_address>0x2000e5fe</run_address>
         <size>0x2</size>
         <input_file_ref idref="fl-16"/>
      </object_component>
      <object_component id="oc-36a">
         <name>.text:Power_getConstraintMask</name>
         <load_address>0x2000e600</load_address>
         <run_address>0x2000e600</run_address>
         <size>0xc</size>
         <input_file_ref idref="fl-f"/>
      </object_component>
      <object_component id="oc-409">
         <name>.text:ClockP_isActive</name>
         <load_address>0x2000e60c</load_address>
         <run_address>0x2000e60c</run_address>
         <size>0xa</size>
         <input_file_ref idref="fl-17"/>
      </object_component>
      <object_component id="oc-53">
         <name>.text:IntMasterDisable</name>
         <load_address>0x2000e616</load_address>
         <run_address>0x2000e616</run_address>
         <size>0xa</size>
         <input_file_ref idref="fl-1e"/>
      </object_component>
      <object_component id="oc-1e4">
         <name>.text:PWM_setDuty</name>
         <load_address>0x2000e620</load_address>
         <run_address>0x2000e620</run_address>
         <size>0xa</size>
         <input_file_ref idref="fl-e"/>
      </object_component>
      <object_component id="oc-1cf">
         <name>.text:PWM_start</name>
         <load_address>0x2000e62a</load_address>
         <run_address>0x2000e62a</run_address>
         <size>0xa</size>
         <input_file_ref idref="fl-e"/>
      </object_component>
      <object_component id="oc-3b4">
         <name>.text:PWMTimerCC32XX_control</name>
         <load_address>0x2000e634</load_address>
         <run_address>0x2000e634</run_address>
         <size>0x6</size>
         <input_file_ref idref="fl-11"/>
      </object_component>
      <object_component id="oc-244">
         <name>.text:UtilsDelay</name>
         <load_address>0x2000e63a</load_address>
         <run_address>0x2000e63a</run_address>
         <size>0x6</size>
         <input_file_ref idref="fl-22"/>
      </object_component>
      <object_component id="oc-467">
         <name>.text:HwiP_post</name>
         <load_address>0x2000e640</load_address>
         <run_address>0x2000e640</run_address>
         <size>0x4</size>
         <input_file_ref idref="fl-18"/>
      </object_component>
      <object_component id="oc-114">
         <name>.text:_system_pre_init</name>
         <load_address>0x2000e644</load_address>
         <run_address>0x2000e644</run_address>
         <size>0x4</size>
         <input_file_ref idref="fl-e7"/>
      </object_component>
      <object_component id="oc-165">
         <name>.text:abort:abort</name>
         <load_address>0x2000e648</load_address>
         <run_address>0x2000e648</run_address>
         <size>0x4</size>
         <input_file_ref idref="fl-e9"/>
      </object_component>
      <object_component id="oc-73">
         <name>.text:busFaultHandler</name>
         <load_address>0x2000e64c</load_address>
         <run_address>0x2000e64c</run_address>
         <size>0x2</size>
         <input_file_ref idref="fl-1a"/>
      </object_component>
      <object_component id="oc-415">
         <name>.text:clkFxn</name>
         <load_address>0x2000e64e</load_address>
         <run_address>0x2000e64e</run_address>
         <size>0x2</size>
         <input_file_ref idref="fl-16"/>
      </object_component>
      <object_component id="oc-6d">
         <name>.text:defaultHandler</name>
         <load_address>0x2000e650</load_address>
         <run_address>0x2000e650</run_address>
         <size>0x2</size>
         <input_file_ref idref="fl-1a"/>
      </object_component>
      <object_component id="oc-67">
         <name>.text:faultISR</name>
         <load_address>0x2000e652</load_address>
         <run_address>0x2000e652</run_address>
         <size>0x2</size>
         <input_file_ref idref="fl-1a"/>
      </object_component>
      <object_component id="oc-61">
         <name>.text:nmiISR</name>
         <load_address>0x2000e654</load_address>
         <run_address>0x2000e654</run_address>
         <size>0x2</size>
         <input_file_ref idref="fl-1a"/>
      </object_component>
      <object_component id="oc-314">
         <name>.text</name>
         <load_address>0x2000e656</load_address>
         <run_address>0x2000e656</run_address>
         <size>0x2</size>
         <input_file_ref idref="fl-e4"/>
      </object_component>
      <object_component id="oc-2e7">
         <name>.const:g_ulPinToPadMap</name>
         <load_address>0x2000e658</load_address>
         <run_address>0x2000e658</run_address>
         <size>0x100</size>
         <input_file_ref idref="fl-1f"/>
      </object_component>
      <object_component id="oc-2e0">
         <name>.const:PRCM_PeriphRegsList</name>
         <load_address>0x2000e758</load_address>
         <run_address>0x2000e758</run_address>
         <size>0xa8</size>
         <input_file_ref idref="fl-20"/>
      </object_component>
      <object_component id="oc-279">
         <name>.const:PowerCC32XX_config</name>
         <load_address>0x2000e800</load_address>
         <run_address>0x2000e800</run_address>
         <size>0x44</size>
         <input_file_ref idref="fl-4"/>
      </object_component>
      <object_component id="oc-309">
         <name>.const:PWMTimerCC32XX_fxnTable</name>
         <load_address>0x2000e844</load_address>
         <run_address>0x2000e844</run_address>
         <size>0x24</size>
         <input_file_ref idref="fl-11"/>
      </object_component>
      <object_component id="oc-4dd">
         <name>.const:gpioPinIndexes</name>
         <load_address>0x2000e868</load_address>
         <run_address>0x2000e868</run_address>
         <size>0x20</size>
         <input_file_ref idref="fl-11"/>
      </object_component>
      <object_component id="oc-290">
         <name>.const:PWM_config</name>
         <load_address>0x2000e888</load_address>
         <run_address>0x2000e888</run_address>
         <size>0x18</size>
         <input_file_ref idref="fl-4"/>
      </object_component>
      <object_component id="oc-294">
         <name>.const:PWM_defaultParams</name>
         <load_address>0x2000e8a0</load_address>
         <run_address>0x2000e8a0</run_address>
         <size>0x18</size>
         <input_file_ref idref="fl-e"/>
      </object_component>
      <object_component id="oc-10e">
         <name>.const:g_pulEnRegs</name>
         <load_address>0x2000e8b8</load_address>
         <run_address>0x2000e8b8</run_address>
         <size>0x18</size>
         <input_file_ref idref="fl-1e"/>
      </object_component>
      <object_component id="oc-587">
         <name>.const:g_pulPendRegs</name>
         <load_address>0x2000e8d0</load_address>
         <run_address>0x2000e8d0</run_address>
         <size>0x18</size>
         <input_file_ref idref="fl-1e"/>
      </object_component>
      <object_component id="oc-493">
         <name>.const:gpioBaseAddresses</name>
         <load_address>0x2000e8e8</load_address>
         <run_address>0x2000e8e8</run_address>
         <size>0x10</size>
         <input_file_ref idref="fl-11"/>
      </object_component>
      <object_component id="oc-490">
         <name>.const:timerBaseAddresses</name>
         <load_address>0x2000e8f8</load_address>
         <run_address>0x2000e8f8</run_address>
         <size>0x10</size>
         <input_file_ref idref="fl-11"/>
      </object_component>
      <object_component id="oc-30d">
         <name>.const:pwmTimerCC32XXHWAttrs</name>
         <load_address>0x2000e908</load_address>
         <run_address>0x2000e908</run_address>
         <size>0x8</size>
         <input_file_ref idref="fl-4"/>
      </object_component>
      <object_component id="oc-4c4">
         <name>.const:timerHalves</name>
         <load_address>0x2000e910</load_address>
         <run_address>0x2000e910</run_address>
         <size>0x8</size>
         <input_file_ref idref="fl-11"/>
      </object_component>
      <object_component id="oc-28d">
         <name>.const</name>
         <load_address>0x2000e918</load_address>
         <run_address>0x2000e918</run_address>
         <size>0x3</size>
         <input_file_ref idref="fl-4"/>
      </object_component>
      <object_component id="oc-5cb">
         <name>.cinit..data.load</name>
         <load_address>0x2000ed40</load_address>
         <run_address>0x2000ed40</run_address>
         <size>0xb0</size>
      </object_component>
      <object_component id="oc-5c9">
         <name>__TI_handler_table</name>
         <load_address>0x2000edf0</load_address>
         <run_address>0x2000edf0</run_address>
         <size>0xc</size>
      </object_component>
      <object_component id="oc-5cc">
         <name>.cinit..bss.load</name>
         <load_address>0x2000ee00</load_address>
         <run_address>0x2000ee00</run_address>
         <size>0x8</size>
      </object_component>
      <object_component id="oc-5ca">
         <name>__TI_cinit_table</name>
         <load_address>0x2000ee08</load_address>
         <run_address>0x2000ee08</run_address>
         <size>0x10</size>
      </object_component>
      <object_component id="oc-2fd">
         <name>.data:parkInfo</name>
         <load_address>0x2000ea88</load_address>
         <run_address>0x2000ea88</run_address>
         <size>0xf8</size>
         <input_file_ref idref="fl-4"/>
      </object_component>
      <object_component id="oc-28a">
         <name>.data</name>
         <load_address>0x2000eb98</load_address>
         <run_address>0x2000eb98</run_address>
         <size>0x1</size>
         <input_file_ref idref="fl-e"/>
      </object_component>
      <object_component id="oc-276">
         <name>.data:PowerCC32XX_module</name>
         <load_address>0x2000e91c</load_address>
         <run_address>0x2000e91c</run_address>
         <size>0x16c</size>
         <input_file_ref idref="fl-f"/>
      </object_component>
      <object_component id="oc-3f2">
         <name>.data</name>
         <load_address>0x2000eb95</load_address>
         <run_address>0x2000eb95</run_address>
         <size>0x3</size>
         <input_file_ref idref="fl-16"/>
      </object_component>
      <object_component id="oc-4e1">
         <name>.data:SemaphoreP_defaultParams</name>
         <load_address>0x2000eb80</load_address>
         <run_address>0x2000eb80</run_address>
         <size>0x8</size>
         <input_file_ref idref="fl-16"/>
      </object_component>
      <object_component id="oc-2af">
         <name>.data</name>
         <load_address>0x2000eb90</load_address>
         <run_address>0x2000eb90</run_address>
         <size>0x5</size>
         <input_file_ref idref="fl-17"/>
      </object_component>
      <object_component id="oc-46d">
         <name>.data</name>
         <load_address>0x2000eb88</load_address>
         <run_address>0x2000eb88</run_address>
         <size>0x8</size>
         <input_file_ref idref="fl-18"/>
      </object_component>
      <object_component id="oc-54b">
         <name>.bss:timerState</name>
         <uninitialized>true</uninitialized>
         <run_address>0x2000ed38</run_address>
         <size>0x4</size>
         <input_file_ref idref="fl-12"/>
      </object_component>
      <object_component id="oc-320">
         <name>.bss</name>
         <uninitialized>true</uninitialized>
         <run_address>0x2000ed14</run_address>
         <size>0x4</size>
         <input_file_ref idref="fl-17"/>
      </object_component>
      <object_component id="oc-420">
         <name>.bss</name>
         <uninitialized>true</uninitialized>
         <run_address>0x2000ed28</run_address>
         <size>0xd</size>
         <input_file_ref idref="fl-1b"/>
      </object_component>
      <object_component id="oc-30c">
         <name>.common:pwmTimerCC32XXObjects</name>
         <uninitialized>true</uninitialized>
         <run_address>0x2000eccc</run_address>
         <size>0x48</size>
      </object_component>
      <object_component id="oc-510">
         <name>.common:PowerCC32XX_contextSave</name>
         <uninitialized>true</uninitialized>
         <run_address>0x2000eba0</run_address>
         <size>0x12c</size>
      </object_component>
      <object_component id="oc-e1">
         <name>.common:ClockP_ctrl</name>
         <uninitialized>true</uninitialized>
         <run_address>0x2000ed18</run_address>
         <size>0x10</size>
      </object_component>
      <object_component id="oc-2a">
         <name>.sysmem</name>
         <uninitialized>true</uninitialized>
         <run_address>0x20004040</run_address>
         <size>0x10</size>
         <input_file_ref idref="fl-e2"/>
      </object_component>
      <object_component id="oc-5cf">
         <name>.sysmem</name>
         <uninitialized>true</uninitialized>
         <run_address>0x20004040</run_address>
         <size>0x0</size>
      </object_component>
      <object_component id="oc-2d">
         <name>.stack</name>
         <uninitialized>true</uninitialized>
         <run_address>0x20003000</run_address>
         <size>0x4</size>
         <input_file_ref idref="fl-e3"/>
      </object_component>
      <object_component id="oc-5ce">
         <name>.stack</name>
         <uninitialized>true</uninitialized>
         <run_address>0x20003000</run_address>
         <size>0x0</size>
      </object_component>
      <object_component id="oc-27">
         <name>.resetVecs:retain</name>
         <load_address>0x20004000</load_address>
         <run_address>0x20004000</run_address>
         <size>0x40</size>
         <input_file_ref idref="fl-1a"/>
      </object_component>
      <object_component id="oc-bb">
         <name>.ramVecs</name>
         <uninitialized>true</uninitialized>
         <run_address>0x20000000</run_address>
         <size>0x30c</size>
         <input_file_ref idref="fl-1a"/>
      </object_component>
      <object_component id="oc-14d">
         <name>.debug_info</name>
         <load_address>0x0</load_address>
         <run_address>0x0</run_address>
         <size>0x1b7</size>
         <input_file_ref idref="fl-2"/>
      </object_component>
      <object_component id="oc-11c">
         <name>.debug_info</name>
         <load_address>0x1b7</load_address>
         <run_address>0x1b7</run_address>
         <size>0x14f</size>
         <input_file_ref idref="fl-2"/>
      </object_component>
      <object_component id="oc-e7">
         <name>.debug_info</name>
         <load_address>0x306</load_address>
         <run_address>0x306</run_address>
         <size>0x26b</size>
         <input_file_ref idref="fl-2"/>
      </object_component>
      <object_component id="oc-36">
         <name>.debug_info</name>
         <load_address>0x571</load_address>
         <run_address>0x571</run_address>
         <size>0x84</size>
         <input_file_ref idref="fl-2"/>
      </object_component>
      <object_component id="oc-148">
         <name>.debug_info</name>
         <load_address>0x5f5</load_address>
         <run_address>0x5f5</run_address>
         <size>0x2a4</size>
         <input_file_ref idref="fl-2"/>
      </object_component>
      <object_component id="oc-219">
         <name>.debug_info</name>
         <load_address>0x899</load_address>
         <run_address>0x899</run_address>
         <size>0xef</size>
         <input_file_ref idref="fl-2"/>
      </object_component>
      <object_component id="oc-12f">
         <name>.debug_info</name>
         <load_address>0x988</load_address>
         <run_address>0x988</run_address>
         <size>0xbb</size>
         <input_file_ref idref="fl-2"/>
      </object_component>
      <object_component id="oc-540">
         <name>.debug_info</name>
         <load_address>0xa43</load_address>
         <run_address>0xa43</run_address>
         <size>0x53</size>
         <input_file_ref idref="fl-2"/>
      </object_component>
      <object_component id="oc-1f1">
         <name>.debug_info</name>
         <load_address>0xa96</load_address>
         <run_address>0xa96</run_address>
         <size>0x2dc</size>
         <input_file_ref idref="fl-3"/>
      </object_component>
      <object_component id="oc-160">
         <name>.debug_info</name>
         <load_address>0xd72</load_address>
         <run_address>0xd72</run_address>
         <size>0x340</size>
         <input_file_ref idref="fl-3"/>
      </object_component>
      <object_component id="oc-1f2">
         <name>.debug_info</name>
         <load_address>0x10b2</load_address>
         <run_address>0x10b2</run_address>
         <size>0x30f</size>
         <input_file_ref idref="fl-3"/>
      </object_component>
      <object_component id="oc-2d6">
         <name>.debug_info</name>
         <load_address>0x13c1</load_address>
         <run_address>0x13c1</run_address>
         <size>0x433</size>
         <input_file_ref idref="fl-4"/>
      </object_component>
      <object_component id="oc-30e">
         <name>.debug_info</name>
         <load_address>0x17f4</load_address>
         <run_address>0x17f4</run_address>
         <size>0x110</size>
         <input_file_ref idref="fl-4"/>
      </object_component>
      <object_component id="oc-291">
         <name>.debug_info</name>
         <load_address>0x1904</load_address>
         <run_address>0x1904</run_address>
         <size>0xfa</size>
         <input_file_ref idref="fl-4"/>
      </object_component>
      <object_component id="oc-28e">
         <name>.debug_info</name>
         <load_address>0x19fe</load_address>
         <run_address>0x19fe</run_address>
         <size>0x162</size>
         <input_file_ref idref="fl-4"/>
      </object_component>
      <object_component id="oc-27a">
         <name>.debug_info</name>
         <load_address>0x1b60</load_address>
         <run_address>0x1b60</run_address>
         <size>0x10a</size>
         <input_file_ref idref="fl-4"/>
      </object_component>
      <object_component id="oc-2fe">
         <name>.debug_info</name>
         <load_address>0x1c6a</load_address>
         <run_address>0x1c6a</run_address>
         <size>0xf6</size>
         <input_file_ref idref="fl-4"/>
      </object_component>
      <object_component id="oc-1b8">
         <name>.debug_info</name>
         <load_address>0x1d60</load_address>
         <run_address>0x1d60</run_address>
         <size>0x14e</size>
         <input_file_ref idref="fl-4"/>
      </object_component>
      <object_component id="oc-154">
         <name>.debug_info</name>
         <load_address>0x1eae</load_address>
         <run_address>0x1eae</run_address>
         <size>0x184</size>
         <input_file_ref idref="fl-4"/>
      </object_component>
      <object_component id="oc-223">
         <name>.debug_info</name>
         <load_address>0x2032</load_address>
         <run_address>0x2032</run_address>
         <size>0x878</size>
         <input_file_ref idref="fl-4"/>
      </object_component>
      <object_component id="oc-21e">
         <name>.debug_info</name>
         <load_address>0x28aa</load_address>
         <run_address>0x28aa</run_address>
         <size>0xb6</size>
         <input_file_ref idref="fl-4"/>
      </object_component>
      <object_component id="oc-22d">
         <name>.debug_info</name>
         <load_address>0x2960</load_address>
         <run_address>0x2960</run_address>
         <size>0x10e</size>
         <input_file_ref idref="fl-4"/>
      </object_component>
      <object_component id="oc-237">
         <name>.debug_info</name>
         <load_address>0x2a6e</load_address>
         <run_address>0x2a6e</run_address>
         <size>0xa1</size>
         <input_file_ref idref="fl-4"/>
      </object_component>
      <object_component id="oc-34e">
         <name>.debug_info</name>
         <load_address>0x2b0f</load_address>
         <run_address>0x2b0f</run_address>
         <size>0x62</size>
         <input_file_ref idref="fl-4"/>
      </object_component>
      <object_component id="oc-108">
         <name>.debug_info</name>
         <load_address>0x2b71</load_address>
         <run_address>0x2b71</run_address>
         <size>0x8b</size>
         <input_file_ref idref="fl-4"/>
      </object_component>
      <object_component id="oc-aa">
         <name>.debug_info</name>
         <load_address>0x2bfc</load_address>
         <run_address>0x2bfc</run_address>
         <size>0x2c</size>
         <input_file_ref idref="fl-4"/>
      </object_component>
      <object_component id="oc-1a4">
         <name>.debug_info</name>
         <load_address>0x2c28</load_address>
         <run_address>0x2c28</run_address>
         <size>0x2c2</size>
         <input_file_ref idref="fl-e"/>
      </object_component>
      <object_component id="oc-295">
         <name>.debug_info</name>
         <load_address>0x2eea</load_address>
         <run_address>0x2eea</run_address>
         <size>0xdd</size>
         <input_file_ref idref="fl-e"/>
      </object_component>
      <object_component id="oc-28b">
         <name>.debug_info</name>
         <load_address>0x2fc7</load_address>
         <run_address>0x2fc7</run_address>
         <size>0xd4</size>
         <input_file_ref idref="fl-e"/>
      </object_component>
      <object_component id="oc-1d0">
         <name>.debug_info</name>
         <load_address>0x309b</load_address>
         <run_address>0x309b</run_address>
         <size>0x120</size>
         <input_file_ref idref="fl-e"/>
      </object_component>
      <object_component id="oc-1e5">
         <name>.debug_info</name>
         <load_address>0x31bb</load_address>
         <run_address>0x31bb</run_address>
         <size>0x139</size>
         <input_file_ref idref="fl-e"/>
      </object_component>
      <object_component id="oc-1ca">
         <name>.debug_info</name>
         <load_address>0x32f4</load_address>
         <run_address>0x32f4</run_address>
         <size>0x15d</size>
         <input_file_ref idref="fl-e"/>
      </object_component>
      <object_component id="oc-1be">
         <name>.debug_info</name>
         <load_address>0x3451</load_address>
         <run_address>0x3451</run_address>
         <size>0x129</size>
         <input_file_ref idref="fl-e"/>
      </object_component>
      <object_component id="oc-1c4">
         <name>.debug_info</name>
         <load_address>0x357a</load_address>
         <run_address>0x357a</run_address>
         <size>0x110</size>
         <input_file_ref idref="fl-e"/>
      </object_component>
      <object_component id="oc-2d8">
         <name>.debug_info</name>
         <load_address>0x368a</load_address>
         <run_address>0x368a</run_address>
         <size>0xf8</size>
         <input_file_ref idref="fl-e"/>
      </object_component>
      <object_component id="oc-139">
         <name>.debug_info</name>
         <load_address>0x3782</load_address>
         <run_address>0x3782</run_address>
         <size>0x110</size>
         <input_file_ref idref="fl-e"/>
      </object_component>
      <object_component id="oc-2ed">
         <name>.debug_info</name>
         <load_address>0x3892</load_address>
         <run_address>0x3892</run_address>
         <size>0x5a4</size>
         <input_file_ref idref="fl-f"/>
      </object_component>
      <object_component id="oc-277">
         <name>.debug_info</name>
         <load_address>0x3e36</load_address>
         <run_address>0x3e36</run_address>
         <size>0xed</size>
         <input_file_ref idref="fl-f"/>
      </object_component>
      <object_component id="oc-486">
         <name>.debug_info</name>
         <load_address>0x3f23</load_address>
         <run_address>0x3f23</run_address>
         <size>0x1b7</size>
         <input_file_ref idref="fl-f"/>
      </object_component>
      <object_component id="oc-431">
         <name>.debug_info</name>
         <load_address>0x40da</load_address>
         <run_address>0x40da</run_address>
         <size>0x167</size>
         <input_file_ref idref="fl-f"/>
      </object_component>
      <object_component id="oc-50a">
         <name>.debug_info</name>
         <load_address>0x4241</load_address>
         <run_address>0x4241</run_address>
         <size>0x255</size>
         <input_file_ref idref="fl-f"/>
      </object_component>
      <object_component id="oc-436">
         <name>.debug_info</name>
         <load_address>0x4496</load_address>
         <run_address>0x4496</run_address>
         <size>0x191</size>
         <input_file_ref idref="fl-f"/>
      </object_component>
      <object_component id="oc-43c">
         <name>.debug_info</name>
         <load_address>0x4627</load_address>
         <run_address>0x4627</run_address>
         <size>0x121</size>
         <input_file_ref idref="fl-f"/>
      </object_component>
      <object_component id="oc-448">
         <name>.debug_info</name>
         <load_address>0x4748</load_address>
         <run_address>0x4748</run_address>
         <size>0x127</size>
         <input_file_ref idref="fl-f"/>
      </object_component>
      <object_component id="oc-520">
         <name>.debug_info</name>
         <load_address>0x486f</load_address>
         <run_address>0x486f</run_address>
         <size>0x18a</size>
         <input_file_ref idref="fl-f"/>
      </object_component>
      <object_component id="oc-44d">
         <name>.debug_info</name>
         <load_address>0x49f9</load_address>
         <run_address>0x49f9</run_address>
         <size>0x167</size>
         <input_file_ref idref="fl-f"/>
      </object_component>
      <object_component id="oc-528">
         <name>.debug_info</name>
         <load_address>0x4b60</load_address>
         <run_address>0x4b60</run_address>
         <size>0x1f8</size>
         <input_file_ref idref="fl-f"/>
      </object_component>
      <object_component id="oc-454">
         <name>.debug_info</name>
         <load_address>0x4d58</load_address>
         <run_address>0x4d58</run_address>
         <size>0x171</size>
         <input_file_ref idref="fl-f"/>
      </object_component>
      <object_component id="oc-38a">
         <name>.debug_info</name>
         <load_address>0x4ec9</load_address>
         <run_address>0x4ec9</run_address>
         <size>0x2d6</size>
         <input_file_ref idref="fl-f"/>
      </object_component>
      <object_component id="oc-36b">
         <name>.debug_info</name>
         <load_address>0x519f</load_address>
         <run_address>0x519f</run_address>
         <size>0x139</size>
         <input_file_ref idref="fl-f"/>
      </object_component>
      <object_component id="oc-4a0">
         <name>.debug_info</name>
         <load_address>0x52d8</load_address>
         <run_address>0x52d8</run_address>
         <size>0x1d9</size>
         <input_file_ref idref="fl-f"/>
      </object_component>
      <object_component id="oc-4d1">
         <name>.debug_info</name>
         <load_address>0x54b1</load_address>
         <run_address>0x54b1</run_address>
         <size>0x1b7</size>
         <input_file_ref idref="fl-f"/>
      </object_component>
      <object_component id="oc-47f">
         <name>.debug_info</name>
         <load_address>0x5668</load_address>
         <run_address>0x5668</run_address>
         <size>0x1da</size>
         <input_file_ref idref="fl-f"/>
      </object_component>
      <object_component id="oc-4d8">
         <name>.debug_info</name>
         <load_address>0x5842</load_address>
         <run_address>0x5842</run_address>
         <size>0x1db</size>
         <input_file_ref idref="fl-f"/>
      </object_component>
      <object_component id="oc-4a6">
         <name>.debug_info</name>
         <load_address>0x5a1d</load_address>
         <run_address>0x5a1d</run_address>
         <size>0x240</size>
         <input_file_ref idref="fl-f"/>
      </object_component>
      <object_component id="oc-271">
         <name>.debug_info</name>
         <load_address>0x5c5d</load_address>
         <run_address>0x5c5d</run_address>
         <size>0x18d</size>
         <input_file_ref idref="fl-f"/>
      </object_component>
      <object_component id="oc-1b0">
         <name>.debug_info</name>
         <load_address>0x5dea</load_address>
         <run_address>0x5dea</run_address>
         <size>0x14b</size>
         <input_file_ref idref="fl-f"/>
      </object_component>
      <object_component id="oc-573">
         <name>.debug_info</name>
         <load_address>0x5f35</load_address>
         <run_address>0x5f35</run_address>
         <size>0x12a</size>
         <input_file_ref idref="fl-f"/>
      </object_component>
      <object_component id="oc-377">
         <name>.debug_info</name>
         <load_address>0x605f</load_address>
         <run_address>0x605f</run_address>
         <size>0x195</size>
         <input_file_ref idref="fl-f"/>
      </object_component>
      <object_component id="oc-404">
         <name>.debug_info</name>
         <load_address>0x61f4</load_address>
         <run_address>0x61f4</run_address>
         <size>0x12b</size>
         <input_file_ref idref="fl-f"/>
      </object_component>
      <object_component id="oc-4b2">
         <name>.debug_info</name>
         <load_address>0x631f</load_address>
         <run_address>0x631f</run_address>
         <size>0x197</size>
         <input_file_ref idref="fl-f"/>
      </object_component>
      <object_component id="oc-358">
         <name>.debug_info</name>
         <load_address>0x64b6</load_address>
         <run_address>0x64b6</run_address>
         <size>0x2c</size>
         <input_file_ref idref="fl-f"/>
      </object_component>
      <object_component id="oc-442">
         <name>.debug_info</name>
         <load_address>0x64e2</load_address>
         <run_address>0x64e2</run_address>
         <size>0x11f</size>
         <input_file_ref idref="fl-10"/>
      </object_component>
      <object_component id="oc-513">
         <name>.debug_info</name>
         <load_address>0x6601</load_address>
         <run_address>0x6601</run_address>
         <size>0x103</size>
         <input_file_ref idref="fl-10"/>
      </object_component>
      <object_component id="oc-1a3">
         <name>.debug_info</name>
         <load_address>0x6704</load_address>
         <run_address>0x6704</run_address>
         <size>0x731</size>
         <input_file_ref idref="fl-11"/>
      </object_component>
      <object_component id="oc-30a">
         <name>.debug_info</name>
         <load_address>0x6e35</load_address>
         <run_address>0x6e35</run_address>
         <size>0xf8</size>
         <input_file_ref idref="fl-11"/>
      </object_component>
      <object_component id="oc-491">
         <name>.debug_info</name>
         <load_address>0x6f2d</load_address>
         <run_address>0x6f2d</run_address>
         <size>0xed</size>
         <input_file_ref idref="fl-11"/>
      </object_component>
      <object_component id="oc-4c5">
         <name>.debug_info</name>
         <load_address>0x701a</load_address>
         <run_address>0x701a</run_address>
         <size>0xdf</size>
         <input_file_ref idref="fl-11"/>
      </object_component>
      <object_component id="oc-494">
         <name>.debug_info</name>
         <load_address>0x70f9</load_address>
         <run_address>0x70f9</run_address>
         <size>0xeb</size>
         <input_file_ref idref="fl-11"/>
      </object_component>
      <object_component id="oc-4de">
         <name>.debug_info</name>
         <load_address>0x71e4</load_address>
         <run_address>0x71e4</run_address>
         <size>0xe5</size>
         <input_file_ref idref="fl-11"/>
      </object_component>
      <object_component id="oc-4ca">
         <name>.debug_info</name>
         <load_address>0x72c9</load_address>
         <run_address>0x72c9</run_address>
         <size>0x1c7</size>
         <input_file_ref idref="fl-11"/>
      </object_component>
      <object_component id="oc-4c0">
         <name>.debug_info</name>
         <load_address>0x7490</load_address>
         <run_address>0x7490</run_address>
         <size>0x215</size>
         <input_file_ref idref="fl-11"/>
      </object_component>
      <object_component id="oc-47a">
         <name>.debug_info</name>
         <load_address>0x76a5</load_address>
         <run_address>0x76a5</run_address>
         <size>0x15e</size>
         <input_file_ref idref="fl-11"/>
      </object_component>
      <object_component id="oc-3b0">
         <name>.debug_info</name>
         <load_address>0x7803</load_address>
         <run_address>0x7803</run_address>
         <size>0x2db</size>
         <input_file_ref idref="fl-11"/>
      </object_component>
      <object_component id="oc-3c2">
         <name>.debug_info</name>
         <load_address>0x7ade</load_address>
         <run_address>0x7ade</run_address>
         <size>0x37b</size>
         <input_file_ref idref="fl-11"/>
      </object_component>
      <object_component id="oc-3bc">
         <name>.debug_info</name>
         <load_address>0x7e59</load_address>
         <run_address>0x7e59</run_address>
         <size>0x148</size>
         <input_file_ref idref="fl-11"/>
      </object_component>
      <object_component id="oc-3b6">
         <name>.debug_info</name>
         <load_address>0x7fa1</load_address>
         <run_address>0x7fa1</run_address>
         <size>0x170</size>
         <input_file_ref idref="fl-11"/>
      </object_component>
      <object_component id="oc-3c9">
         <name>.debug_info</name>
         <load_address>0x8111</load_address>
         <run_address>0x8111</run_address>
         <size>0x26d</size>
         <input_file_ref idref="fl-11"/>
      </object_component>
      <object_component id="oc-3d5">
         <name>.debug_info</name>
         <load_address>0x837e</load_address>
         <run_address>0x837e</run_address>
         <size>0x338</size>
         <input_file_ref idref="fl-11"/>
      </object_component>
      <object_component id="oc-3db">
         <name>.debug_info</name>
         <load_address>0x86b6</load_address>
         <run_address>0x86b6</run_address>
         <size>0x22f</size>
         <input_file_ref idref="fl-11"/>
      </object_component>
      <object_component id="oc-3e1">
         <name>.debug_info</name>
         <load_address>0x88e5</load_address>
         <run_address>0x88e5</run_address>
         <size>0x29c</size>
         <input_file_ref idref="fl-11"/>
      </object_component>
      <object_component id="oc-3cf">
         <name>.debug_info</name>
         <load_address>0x8b81</load_address>
         <run_address>0x8b81</run_address>
         <size>0x27b</size>
         <input_file_ref idref="fl-11"/>
      </object_component>
      <object_component id="oc-4ad">
         <name>.debug_info</name>
         <load_address>0x8dfc</load_address>
         <run_address>0x8dfc</run_address>
         <size>0x29e</size>
         <input_file_ref idref="fl-11"/>
      </object_component>
      <object_component id="oc-4b9">
         <name>.debug_info</name>
         <load_address>0x909a</load_address>
         <run_address>0x909a</run_address>
         <size>0x1a1</size>
         <input_file_ref idref="fl-11"/>
      </object_component>
      <object_component id="oc-232">
         <name>.debug_info</name>
         <load_address>0x923b</load_address>
         <run_address>0x923b</run_address>
         <size>0x2a9</size>
         <input_file_ref idref="fl-11"/>
      </object_component>
      <object_component id="oc-134">
         <name>.debug_info</name>
         <load_address>0x94e4</load_address>
         <run_address>0x94e4</run_address>
         <size>0x100</size>
         <input_file_ref idref="fl-11"/>
      </object_component>
      <object_component id="oc-228">
         <name>.debug_info</name>
         <load_address>0x95e4</load_address>
         <run_address>0x95e4</run_address>
         <size>0x183</size>
         <input_file_ref idref="fl-11"/>
      </object_component>
      <object_component id="oc-13e">
         <name>.debug_info</name>
         <load_address>0x9767</load_address>
         <run_address>0x9767</run_address>
         <size>0x137</size>
         <input_file_ref idref="fl-11"/>
      </object_component>
      <object_component id="oc-54f">
         <name>.debug_info</name>
         <load_address>0x989e</load_address>
         <run_address>0x989e</run_address>
         <size>0x8ef</size>
         <input_file_ref idref="fl-12"/>
      </object_component>
      <object_component id="oc-54c">
         <name>.debug_info</name>
         <load_address>0xa18d</load_address>
         <run_address>0xa18d</run_address>
         <size>0xdc</size>
         <input_file_ref idref="fl-12"/>
      </object_component>
      <object_component id="oc-547">
         <name>.debug_info</name>
         <load_address>0xa269</load_address>
         <run_address>0xa269</run_address>
         <size>0x15b</size>
         <input_file_ref idref="fl-12"/>
      </object_component>
      <object_component id="oc-49b">
         <name>.debug_info</name>
         <load_address>0xa3c4</load_address>
         <run_address>0xa3c4</run_address>
         <size>0x253</size>
         <input_file_ref idref="fl-12"/>
      </object_component>
      <object_component id="oc-475">
         <name>.debug_info</name>
         <load_address>0xa617</load_address>
         <run_address>0xa617</run_address>
         <size>0x21b</size>
         <input_file_ref idref="fl-12"/>
      </object_component>
      <object_component id="oc-58e">
         <name>.debug_info</name>
         <load_address>0xa832</load_address>
         <run_address>0xa832</run_address>
         <size>0x3d</size>
         <input_file_ref idref="fl-12"/>
      </object_component>
[...]
         <name>PWM_init</name>
         <value>0x2000ddad</value>
         <object_component_ref idref="oc-1bd"/>
      </symbol>
      <symbol id="sm-289">
         <name>PowerCC32XX_contextSave</name>
         <value>0x2000eba0</value>
      </symbol>
      <symbol id="sm-28a">
         <name>PowerCC32XX_configureWakeup</name>
         <value>0x2000cf89</value>
         <object_component_ref idref="oc-270"/>
      </symbol>
      <symbol id="sm-28b">
         <name>Power_registerNotify</name>
         <value>0x2000e301</value>
         <object_component_ref idref="oc-4a5"/>
      </symbol>
      <symbol id="sm-28c">
         <name>PowerCC32XX_restoreParkedPin</name>
         <value>0x2000e281</value>
         <object_component_ref idref="oc-526"/>
      </symbol>
      <symbol id="sm-28d">
         <name>Power_releaseDependency</name>
         <value>0x2000d939</value>
         <object_component_ref idref="oc-47e"/>
      </symbol>
      <symbol id="sm-28e">
         <name>Power_unregisterNotify</name>
         <value>0x2000e3bd</value>
         <object_component_ref idref="oc-484"/>
      </symbol>
      <symbol id="sm-28f">
         <name>Power_sleep</name>
         <value>0x2000c891</value>
         <object_component_ref idref="oc-388"/>
      </symbol>
      <symbol id="sm-290">
         <name>Power_releaseConstraint</name>
         <value>0x2000dcdd</value>
         <object_component_ref idref="oc-4d7"/>
      </symbol>
      <symbol id="sm-291">
         <name>Power_idleFunc</name>
         <value>0x2000e485</value>
         <object_component_ref idref="oc-572"/>
      </symbol>
      <symbol id="sm-292">
         <name>Power_getConstraintMask</name>
         <value>0x2000e601</value>
         <object_component_ref idref="oc-36a"/>
      </symbol>
      <symbol id="sm-293">
         <name>Power_init</name>
         <value>0x2000d569</value>
         <object_component_ref idref="oc-1af"/>
      </symbol>
      <symbol id="sm-294">
         <name>PowerCC32XX_setParkState</name>
         <value>0x2000d7c1</value>
         <object_component_ref idref="oc-4b1"/>
      </symbol>
      <symbol id="sm-295">
         <name>Power_getDependencyCount</name>
         <value>0x2000e51d</value>
         <object_component_ref idref="oc-51f"/>
      </symbol>
      <symbol id="sm-296">
         <name>Power_enablePolicy</name>
         <value>0x2000e5b5</value>
         <object_component_ref idref="oc-403"/>
      </symbol>
      <symbol id="sm-297">
         <name>Power_setConstraint</name>
         <value>0x2000dfbd</value>
         <object_component_ref idref="oc-4d0"/>
      </symbol>
      <symbol id="sm-298">
         <name>PowerCC32XX_parkPin</name>
         <value>0x2000dad5</value>
         <object_component_ref idref="oc-509"/>
      </symbol>
      <symbol id="sm-299">
         <name>PowerCC32XX_module</name>
         <value>0x2000e91c</value>
         <object_component_ref idref="oc-276"/>
      </symbol>
      <symbol id="sm-29a">
         <name>Power_getTransitionLatency</name>
         <value>0x2000e46d</value>
         <object_component_ref idref="oc-376"/>
      </symbol>
      <symbol id="sm-29b">
         <name>Power_setDependency</name>
         <value>0x2000d671</value>
         <object_component_ref idref="oc-49f"/>
      </symbol>
      <symbol id="sm-2ac">
         <name>PowerCC32XX_enterLPDS</name>
         <value>0x2000ddf1</value>
         <object_component_ref idref="oc-441"/>
      </symbol>
      <symbol id="sm-2ad">
         <name>PowerCC32XX_resumeLPDS</name>
         <value>0x2000d991</value>
         <object_component_ref idref="oc-512"/>
      </symbol>
      <symbol id="sm-3ae">
         <name>PWMTimerCC32XX_fxnTable</name>
         <value>0x2000e844</value>
         <object_component_ref idref="oc-309"/>
      </symbol>
      <symbol id="sm-3af">
         <name>PWMTimerCC32XX_setPeriod</name>
         <value>0x2000d211</value>
         <object_component_ref idref="oc-3cc"/>
      </symbol>
      <symbol id="sm-3b0">
         <name>PWMTimerCC32XX_setDutyAndPeriod</name>
         <value>0x2000c751</value>
         <object_component_ref idref="oc-3d2"/>
      </symbol>
      <symbol id="sm-3b1">
         <name>PWMTimerCC32XX_stop</name>
         <value>0x2000cca5</value>
         <object_component_ref idref="oc-3de"/>
      </symbol>
      <symbol id="sm-3b2">
         <name>PWMTimerCC32XX_start</name>
         <value>0x2000d6f1</value>
         <object_component_ref idref="oc-3d8"/>
      </symbol>
      <symbol id="sm-3b3">
         <name>PWMTimerCC32XX_close</name>
         <value>0x2000d459</value>
         <object_component_ref idref="oc-3ae"/>
      </symbol>
      <symbol id="sm-3b4">
         <name>PWMTimerCC32XX_setDuty</name>
         <value>0x2000ce29</value>
         <object_component_ref idref="oc-3c6"/>
      </symbol>
      <symbol id="sm-3b5">
         <name>PWMTimerCC32XX_init</name>
         <value>0x2000d9e3</value>
         <object_component_ref idref="oc-3ba"/>
      </symbol>
      <symbol id="sm-3b6">
         <name>PWMTimerCC32XX_control</name>
         <value>0x2000e635</value>
         <object_component_ref idref="oc-3b4"/>
      </symbol>
      <symbol id="sm-3b7">
         <name>PWMTimerCC32XX_open</name>
         <value>0x2000cac5</value>
         <object_component_ref idref="oc-3c0"/>
      </symbol>
      <symbol id="sm-3ed">
         <name>TimerCC32XX_freeTimerResource</name>
         <value>0x2000e1e9</value>
         <object_component_ref idref="oc-472"/>
      </symbol>
      <symbol id="sm-3ee">
         <name>TimerCC32XX_allocateTimerResource</name>
         <value>0x2000da85</value>
         <object_component_ref idref="oc-499"/>
      </symbol>
      <symbol id="sm-406">
         <name>List_remove</name>
         <value>0x2000e34f</value>
         <object_component_ref idref="oc-552"/>
      </symbol>
      <symbol id="sm-407">
         <name>List_put</name>
         <value>0x2000e329</value>
         <object_component_ref idref="oc-560"/>
      </symbol>
      <symbol id="sm-466">
         <name>SemaphoreP_defaultParams</name>
         <value>0x2000eb80</value>
         <object_component_ref idref="oc-4e1"/>
      </symbol>
      <symbol id="sm-467">
         <name>SemaphoreP_construct</name>
         <value>0x2000da35</value>
         <object_component_ref idref="oc-324"/>
      </symbol>
      <symbol id="sm-468">
         <name>SemaphoreP_destruct</name>
         <value>0x2000e5ff</value>
         <object_component_ref idref="oc-330"/>
      </symbol>
      <symbol id="sm-469">
         <name>SemaphoreP_pend</name>
         <value>0x2000d0d5</value>
         <object_component_ref idref="oc-32a"/>
      </symbol>
      <symbol id="sm-46a">
         <name>SemaphoreP_Params_init</name>
         <value>0x2000e5c5</value>
         <object_component_ref idref="oc-3ec"/>
      </symbol>
      <symbol id="sm-46b">
         <name>clkFxn</name>
         <value>0x2000e64f</value>
         <object_component_ref idref="oc-415"/>
      </symbol>
      <symbol id="sm-53b">
         <name>ClockP_ctrl</name>
         <value>0x2000ed18</value>
      </symbol>
      <symbol id="sm-53c">
         <name>ClockP_doTick</name>
         <value>0x2000d9e5</value>
         <object_component_ref idref="oc-79"/>
      </symbol>
      <symbol id="sm-53d">
         <name>ClockP_startup</name>
         <value>0x2000e181</value>
         <object_component_ref idref="oc-2a3"/>
      </symbol>
      <symbol id="sm-53e">
         <name>ClockP_stop</name>
         <value>0x2000dd25</value>
         <object_component_ref idref="oc-4ef"/>
      </symbol>
      <symbol id="sm-53f">
         <name>ClockP_getTicksUntilInterrupt</name>
         <value>0x2000e14d</value>
         <object_component_ref idref="oc-370"/>
      </symbol>
      <symbol id="sm-540">
         <name>ClockP_setTicks</name>
         <value>0x2000e595</value>
         <object_component_ref idref="oc-393"/>
      </symbol>
      <symbol id="sm-541">
         <name>ClockP_tickPeriod</name>
         <value>0x2000eb90</value>
         <object_component_ref idref="oc-2af"/>
      </symbol>
      <symbol id="sm-542">
         <name>ClockP_getSystemTicks</name>
         <value>0x2000e585</value>
         <object_component_ref idref="oc-37c"/>
      </symbol>
      <symbol id="sm-543">
         <name>ClockP_destruct</name>
         <value>0x2000df81</value>
         <object_component_ref idref="oc-40f"/>
      </symbol>
      <symbol id="sm-544">
         <name>ClockP_start</name>
         <value>0x2000e251</value>
         <object_component_ref idref="oc-3fd"/>
      </symbol>
      <symbol id="sm-545">
         <name>ClockP_sysTickHandler</name>
         <value>0x2000d9e5</value>
         <object_component_ref idref="oc-79"/>
      </symbol>
      <symbol id="sm-546">
         <name>ClockP_isActive</name>
         <value>0x2000e60d</value>
         <object_component_ref idref="oc-409"/>
      </symbol>
      <symbol id="sm-547">
         <name>ClockP_sleep</name>
         <value>0x2000e2b1</value>
         <object_component_ref idref="oc-1ea"/>
      </symbol>
      <symbol id="sm-548">
         <name>ClockP_getCpuFreq</name>
         <value>0x2000e575</value>
         <object_component_ref idref="oc-35e"/>
      </symbol>
      <symbol id="sm-549">
         <name>ClockP_add</name>
         <value>0x2000e565</value>
         <object_component_ref idref="oc-3f7"/>
      </symbol>
      <symbol id="sm-57b">
         <name>HwiP_swiPIntNum</name>
         <value>0x2000eb8c</value>
         <object_component_ref idref="oc-46d"/>
      </symbol>
      <symbol id="sm-57c">
         <name>HwiP_disable</name>
         <value>0x2000e5d5</value>
         <object_component_ref idref="oc-27e"/>
      </symbol>
      <symbol id="sm-57d">
         <name>HwiP_key</name>
         <value>0x2000eb88</value>
         <object_component_ref idref="oc-46d"/>
      </symbol>
      <symbol id="sm-57e">
         <name>HwiP_post</name>
         <value>0x2000e641</value>
         <object_component_ref idref="oc-467"/>
      </symbol>
      <symbol id="sm-57f">
         <name>HwiP_enable</name>
         <value>0x2000e5e3</value>
         <object_component_ref idref="oc-158"/>
      </symbol>
      <symbol id="sm-580">
         <name>HwiP_restore</name>
         <value>0x2000e5a5</value>
         <object_component_ref idref="oc-284"/>
      </symbol>
      <symbol id="sm-5b0">
         <name>PowerCC32XX_initPolicy</name>
         <value>0x2000e46b</value>
         <object_component_ref idref="oc-2f1"/>
      </symbol>
      <symbol id="sm-5b1">
         <name>PowerCC32XX_sleepPolicy</name>
         <value>0x2000c46d</value>
         <object_component_ref idref="oc-2f7"/>
      </symbol>
      <symbol id="sm-606">
         <name>resetISR</name>
         <value>0x2000e451</value>
         <object_component_ref idref="oc-21"/>
      </symbol>
      <symbol id="sm-607">
         <name>resetVectorAddr</name>
         <value>0x2000e464</value>
         <object_component_ref idref="oc-21"/>
      </symbol>
      <symbol id="sm-608">
         <name>initVectors</name>
         <value>0x2000e0dd</value>
         <object_component_ref idref="oc-59"/>
      </symbol>
      <symbol id="sm-609">
         <name>resetVectors</name>
         <value>0x20004000</value>
         <object_component_ref idref="oc-27"/>
      </symbol>
      <symbol id="sm-639">
         <name>SwiP_disable</name>
         <value>0x2000e419</value>
         <object_component_ref idref="oc-364"/>
      </symbol>
      <symbol id="sm-63a">
         <name>SwiP_restore</name>
         <value>0x2000de35</value>
         <object_component_ref idref="oc-399"/>
      </symbol>
      <symbol id="sm-645">
         <name>CPUcpsid</name>
         <value>0x2000e4e1</value>
         <object_component_ref idref="oc-a3"/>
      </symbol>
      <symbol id="sm-68a">
         <name>IntVTableBaseSet</name>
         <value>0x2000e4f5</value>
         <object_component_ref idref="oc-af"/>
      </symbol>
      <symbol id="sm-68b">
         <name>IntEnable</name>
         <value>0x2000cee1</value>
         <object_component_ref idref="oc-b5"/>
      </symbol>
      <symbol id="sm-68c">
         <name>IntMasterDisable</name>
         <value>0x2000e617</value>
         <object_component_ref idref="oc-53"/>
      </symbol>
      <symbol id="sm-68d">
         <name>IntPendSet</name>
         <value>0x2000d3d1</value>
         <object_component_ref idref="oc-535"/>
      </symbol>
      <symbol id="sm-6c7">
         <name>PinModeGet</name>
         <value>0x2000e1b5</value>
         <object_component_ref idref="oc-263"/>
      </symbol>
      <symbol id="sm-6c8">
         <name>PinConfigSet</name>
         <value>0x2000d4e1</value>
         <object_component_ref idref="oc-57b"/>
      </symbol>
      <symbol id="sm-6c9">
         <name>PinModeSet</name>
         <value>0x2000df41</value>
         <object_component_ref idref="oc-269"/>
      </symbol>
      <symbol id="sm-6ca">
         <name>PinToPadGet</name>
         <value>0x2000e3fd</value>
         <object_component_ref idref="oc-48a"/>
      </symbol>
      <symbol id="sm-793">
         <name>PRCMLPDSRestoreInfoSet</name>
         <value>0x2000dd69</value>
         <object_component_ref idref="oc-517"/>
      </symbol>
      <symbol id="sm-794">
         <name>PRCMPeripheralReset</name>
         <value>0x2000d8e1</value>
         <object_component_ref idref="oc-257"/>
      </symbol>
      <symbol id="sm-795">
         <name>PRCMLPDSEnter</name>
         <value>0x2000dc4d</value>
         <object_component_ref idref="oc-458"/>
      </symbol>
      <symbol id="sm-796">
         <name>PRCMPeripheralClkEnable</name>
         <value>0x2000dc95</value>
         <object_component_ref idref="oc-251"/>
      </symbol>
      <symbol id="sm-797">
         <name>PRCMLPDSEnterKeepDebugIf</name>
         <value>0x2000e06d</value>
         <object_component_ref idref="oc-45e"/>
      </symbol>
      <symbol id="sm-798">
         <name>PRCMCC3200MCUInit</name>
         <value>0x2000c041</value>
         <object_component_ref idref="oc-1a9"/>
      </symbol>
      <symbol id="sm-799">
         <name>PRCMHIBRegWrite</name>
         <value>0x2000e4cb</value>
         <object_component_ref idref="oc-245"/>
      </symbol>
      <symbol id="sm-79a">
         <name>PRCMSysResetCauseGet</name>
         <value>0x2000d825</value>
         <object_component_ref idref="oc-23e"/>
      </symbol>
      <symbol id="sm-79b">
         <name>PRCMPeripheralClkDisable</name>
         <value>0x2000e2d9</value>
         <object_component_ref idref="oc-25d"/>
      </symbol>
      <symbol id="sm-79c">
         <name>PRCMHIBRegRead</name>
         <value>0x2000e4b5</value>
         <object_component_ref idref="oc-24b"/>
      </symbol>
      <symbol id="sm-7a1">
         <name>UtilsDelay</name>
         <value>0x2000e63b</value>
         <object_component_ref idref="oc-244"/>
      </symbol>
      <symbol id="sm-7b1">
         <name>FlashDisable</name>
         <value>0x2000dc05</value>
         <object_component_ref idref="oc-52d"/>
      </symbol>
      <symbol id="sm-7bc">
         <name>__aeabi_dmul</name>
         <value>0x2000c9c9</value>
         <object_component_ref idref="oc-1da"/>
      </symbol>
      <symbol id="sm-7c6">
         <name>__aeabi_d2uiz</name>
         <value>0x2000debd</value>
         <object_component_ref idref="oc-1df"/>
      </symbol>
      <symbol id="sm-7cf">
         <name>__aeabi_lmul</name>
         <value>0x2000e49d</value>
         <object_component_ref idref="oc-38e"/>
      </symbol>
      <symbol id="sm-7ea">
         <name>memcpy</name>
         <value>0x2000d175</value>
         <object_component_ref idref="oc-3b"/>
      </symbol>
      <symbol id="sm-7eb">
         <name>__aeabi_memcpy</name>
         <value>0x2000d175</value>
         <object_component_ref idref="oc-3b"/>
      </symbol>
      <symbol id="sm-7ec">
         <name>__aeabi_memcpy8</name>
         <value>0x2000d175</value>
         <object_component_ref idref="oc-3b"/>
      </symbol>
      <symbol id="sm-7ed">
         <name>__aeabi_memcpy4</name>
         <value>0x2000d175</value>
         <object_component_ref idref="oc-3b"/>
      </symbol>
      <symbol id="sm-7f7">
         <name>__aeabi_ui2d</name>
         <value>0x2000e3dd</value>
         <object_component_ref idref="oc-1d5"/>
      </symbol>
      <symbol id="sm-804">
         <name>__aeabi_uldivmod</name>
         <value>0x2000d2a9</value>
         <object_component_ref idref="oc-29e"/>
      </symbol>
      <symbol id="sm-818">
         <name>__TI_zero_init_nomemset</name>
         <value>0x2000e435</value>
         <object_component_ref idref="oc-47"/>
      </symbol>
      <symbol id="sm-82f">
         <name>__TI_decompress_none</name>
         <value>0x2000e5f1</value>
         <object_component_ref idref="oc-1a"/>
      </symbol>
      <symbol id="sm-852">
         <name>__TI_decompress_lzss</name>
         <value>0x2000d759</value>
         <object_component_ref idref="oc-14"/>
      </symbol>
      <symbol id="sm-867">
         <name>_sys_memory</name>
         <value>0x20004040</value>
         <object_component_ref idref="oc-2a"/>
      </symbol>
      <symbol id="sm-879">
         <name>__stack</name>
         <value>0x20003000</value>
         <object_component_ref idref="oc-2d"/>
      </symbol>
      <symbol id="sm-87a">
         <name>_c_int00_noargs</name>
         <value>0x2000e375</value>
         <object_component_ref idref="oc-c5"/>
      </symbol>
      <symbol id="sm-884">
         <name>__aeabi_idiv0</name>
         <value>0x2000e657</value>
         <object_component_ref idref="oc-314"/>
      </symbol>
      <symbol id="sm-885">
         <name>__aeabi_ldiv0</name>
         <value>0x2000e657</value>
         <object_component_ref idref="oc-314"/>
      </symbol>
      <symbol id="sm-8ae">
         <name>__TI_auto_init_nobinit_nopinit</name>
         <value>0x2000de79</value>
         <object_component_ref idref="oc-171"/>
      </symbol>
      <symbol id="sm-8b8">
         <name>_system_pre_init</name>
         <value>0x2000e645</value>
         <object_component_ref idref="oc-114"/>
      </symbol>
      <symbol id="sm-8c4">
         <name>C$$EXIT</name>
         <value>0x2000e649</value>
         <object_component_ref idref="oc-165"/>
      </symbol>
      <symbol id="sm-8c5">
         <name>abort</name>
         <value>0x2000e649</value>
         <object_component_ref idref="oc-165"/>
      </symbol>
      <symbol id="sm-8c8">
         <name>__TI_static_base__</name>
         <value>0x2000ed40</value>
      </symbol>
      <symbol id="sm-8cb">
         <name>ITM_flush</name>
         <value>0x0</value>
      </symbol>
      <symbol id="sm-8cc">
         <name>ITM_restore</name>
         <value>0x0</value>
      </symbol>
      <symbol id="sm-8cd">
         <name>__mpu_init</name>
         <value>0x0</value>
      </symbol>
      <symbol id="sm-8ce">
         <name>_system_post_cinit</name>
         <value>0x0</value>
      </symbol>
      <symbol id="sm-8cf">
         <name>sleep</name>
         <value>0x2000e2b1</value>
      </symbol>
      <symbol id="sm-8d0">
         <name>NoRTOS_start</name>
         <value>0x2000e5e3</value>
      </symbol>
   </symbol_table>
   <title>Link successful</title>
</link_info>
